Archive member included to satisfy reference by file (symbol)

/Applications/STM32CubeIDE.app/Contents/Eclipse/plugins/com.st.stm32cube.ide.mcu.externaltools.gnu-tools-for-stm32.14.3.rel1.macosaarch64_1.0.0.202602081740/tools/bin/../lib/gcc/arm-none-eabi/14.3.1/../../../../arm-none-eabi/lib/thumb/v7-m/nofp/libc_nano.a(libc_a-exit.o)
                              /Applications/STM32CubeIDE.app/Contents/Eclipse/plugins/com.st.stm32cube.ide.mcu.externaltools.gnu-tools-for-stm32.14.3.rel1.macosaarch64_1.0.0.202602081740/tools/bin/../lib/gcc/arm-none-eabi/14.3.1/../../../../arm-none-eabi/lib/thumb/v7-m/nofp/crt0.o (exit)
/Applications/STM32CubeIDE.app/Contents/Eclipse/plugins/com.st.stm32cube.ide.mcu.externaltools.gnu-tools-for-stm32.14.3.rel1.macosaarch64_1.0.0.202602081740/tools/bin/../lib/gcc/arm-none-eabi/14.3.1/../../../../arm-none-eabi/lib/thumb/v7-m/nofp/libc_nano.a(libc_a-nano-vfprintf_float.o)
                              (_printf_float)
/Applications/STM32CubeIDE.app/Contents/Eclipse/plugins/com.st.stm32cube.ide.mcu.externaltools.gnu-tools-for-stm32.14.3.rel1.macosaarch64_1.0.0.202602081740/tools/bin/../lib/gcc/arm-none-eabi/14.3.1/../../../../arm-none-eabi/lib/thumb/v7-m/nofp/libc_nano.a(libc_a-nano-vfprintf_i.o)
                              /Applications/STM32CubeIDE.app/Contents/Eclipse/plugins/com.st.stm32cube.ide.mcu.externaltools.gnu-tools-for-stm32.14.3.rel1.macosaarch64_1.0.0.202602081740/tools/bin/../lib/gcc/arm-none-eabi/14.3.1/../../../../arm-none-eabi/lib/thumb/v7-m/nofp/libc_nano.a(libc_a-nano-vfprintf_float.o) (_printf_common)
/Applications/STM32CubeIDE.app/Contents/Eclipse/plugins/com.st.stm32cube.ide.mcu.externaltools.gnu-tools-for-stm32.14.3.rel1.macosaarch64_1.0.0.202602081740/tools/bin/../lib/gcc/arm-none-eabi/14.3.1/../../../../arm-none-eabi/lib/thumb/v7-m/nofp/libc_nano.a(libc_a-snprintf.o)
                              ./Core/Src/main.o (snprintf)
/Applications/STM32CubeIDE.app/Contents/Eclipse/plugins/com.st.stm32cube.ide.mcu.externaltools.gnu-tools-for-stm32.14.3.rel1.macosaarch64_1.0.0.202602081740/tools/bin/../lib/gcc/arm-none-eabi/14.3.1/../../../../arm-none-eabi/lib/thumb/v7-m/nofp/libc_nano.a(libc_a-rand.o)
                              ./Core/Src/main.o (srand)
/Applications/STM32CubeIDE.app/Contents/Eclipse/plugins/com.st.stm32cube.ide.mcu.externaltools.gnu-tools-for-stm32.14.3.rel1.macosaarch64_1.0.0.202602081740/tools/bin/../lib/gcc/arm-none-eabi/14.3.1/../../../../arm-none-eabi/lib/thumb/v7-m/nofp/libc_nano.a(libc_a-findfp.o)
                              /Applications/STM32CubeIDE.app/Contents/Eclipse/plugins/com.st.stm32cube.ide.mcu.externaltools.gnu-tools-for-stm32.14.3.rel1.macosaarch64_1.0.0.202602081740/tools/bin/../lib/gcc/arm-none-eabi/14.3.1/../../../../arm-none-eabi/lib/thumb/v7-m/nofp/libc_nano.a(libc_a-exit.o) (__stdio_exit_handler)
/Applications/STM32CubeIDE.app/Contents/Eclipse/plugins/com.st.stm32cube.ide.mcu.externaltools.gnu-tools-for-stm32.14.3.rel1.macosaarch64_1.0.0.202602081740/tools/bin/../lib/gcc/arm-none-eabi/14.3.1/../../../../arm-none-eabi/lib/thumb/v7-m/nofp/libc_nano.a(libc_a-fwalk.o)
                              /Applications/STM32CubeIDE.app/Contents/Eclipse/plugins/com.st.stm32cube.ide.mcu.externaltools.gnu-tools-for-stm32.14.3.rel1.macosaarch64_1.0.0.202602081740/tools/bin/../lib/gcc/arm-none-eabi/14.3.1/../../../../arm-none-eabi/lib/thumb/v7-m/nofp/libc_nano.a(libc_a-findfp.o) (_fwalk_sglue)
/Applications/STM32CubeIDE.app/Contents/Eclipse/plugins/com.st.stm32cube.ide.mcu.externaltools.gnu-tools-for-stm32.14.3.rel1.macosaarch64_1.0.0.202602081740/tools/bin/../lib/gcc/arm-none-eabi/14.3.1/../../../../arm-none-eabi/lib/thumb/v7-m/nofp/libc_nano.a(libc_a-printf.o)
                              ./Core/Src/main.o (printf)
/Applications/STM32CubeIDE.app/Contents/Eclipse/plugins/com.st.stm32cube.ide.mcu.externaltools.gnu-tools-for-stm32.14.3.rel1.macosaarch64_1.0.0.202602081740/tools/bin/../lib/gcc/arm-none-eabi/14.3.1/../../../../arm-none-eabi/lib/thumb/v7-m/nofp/libc_nano.a(libc_a-puts.o)
                              ./Core/Src/main.o (puts)
/Applications/STM32CubeIDE.app/Contents/Eclipse/plugins/com.st.stm32cube.ide.mcu.externaltools.gnu-tools-for-stm32.14.3.rel1.macosaarch64_1.0.0.202602081740/tools/bin/../lib/gcc/arm-none-eabi/14.3.1/../../../../arm-none-eabi/lib/thumb/v7-m/nofp/libc_nano.a(libc_a-memset.o)
                              /Applications/STM32CubeIDE.app/Contents/Eclipse/plugins/com.st.stm32cube.ide.mcu.externaltools.gnu-tools-for-stm32.14.3.rel1.macosaarch64_1.0.0.202602081740/tools/bin/../lib/gcc/arm-none-eabi/14.3.1/../../../../arm-none-eabi/lib/thumb/v7-m/nofp/crt0.o (memset)
/Applications/STM32CubeIDE.app/Contents/Eclipse/plugins/com.st.stm32cube.ide.mcu.externaltools.gnu-tools-for-stm32.14.3.rel1.macosaarch64_1.0.0.202602081740/tools/bin/../lib/gcc/arm-none-eabi/14.3.1/../../../../arm-none-eabi/lib/thumb/v7-m/nofp/libc_nano.a(libc_a-errno.o)
                              ./Core/Src/syscalls.o (__errno)
[...]
Memory Configuration

Name             Origin             Length             Attributes
RAM              0x20000000         0x00014000         xrw
FLASH            0x08000000         0x00080000         xr
*default*        0x00000000         0xffffffff

Linker script and memory map

LOAD /Applications/STM32CubeIDE.app/Contents/Eclipse/plugins/com.st.stm32cube.ide.mcu.externaltools.gnu-tools-for-stm32.14.3.rel1.macosaarch64_1.0.0.202602081740/tools/bin/../lib/gcc/arm-none-eabi/14.3.1/thumb/v7-m/nofp/crti.o
LOAD /Applications/STM32CubeIDE.app/Contents/Eclipse/plugins/com.st.stm32cube.ide.mcu.externaltools.gnu-tools-for-stm32.14.3.rel1.macosaarch64_1.0.0.202602081740/tools/bin/../lib/gcc/arm-none-eabi/14.3.1/thumb/v7-m/nofp/crtbegin.o
LOAD /Applications/STM32CubeIDE.app/Contents/Eclipse/plugins/com.st.stm32cube.ide.mcu.externaltools.gnu-tools-for-stm32.14.3.rel1.macosaarch64_1.0.0.202602081740/tools/bin/../lib/gcc/arm-none-eabi/14.3.1/../../../../arm-none-eabi/lib/thumb/v7-m/nofp/crt0.o
LOAD ./Core/Src/main.o
LOAD ./Core/Src/stm32l1xx_hal_msp.o
LOAD ./Core/Src/stm32l1xx_it.o
LOAD ./Core/Src/stm32l1xx_nucleo_bus.o
LOAD ./Core/Src/syscalls.o
LOAD ./Core/Src/sysmem.o
LOAD ./Core/Src/system_stm32l1xx.o
LOAD ./Core/Startup/startup_stm32l152retx.o
LOAD ./Drivers/BSP/Components/hts221/hts221.o
LOAD ./Drivers/BSP/Components/hts221/hts221_reg.o
LOAD ./Drivers/BSP/Components/lis2dw12/lis2dw12.o
LOAD ./Drivers/BSP/Components/lis2dw12/lis2dw12_reg.o
LOAD ./Drivers/BSP/Components/lis2mdl/lis2mdl.o
LOAD ./Drivers/BSP/Components/lis2mdl/lis2mdl_reg.o
LOAD ./Drivers/BSP/Components/lps22hh/lps22hh.o
LOAD ./Drivers/BSP/Components/lps22hh/lps22hh_reg.o
LOAD ./Drivers/BSP/Components/lsm6dso/lsm6dso.o
LOAD ./Drivers/BSP/Components/lsm6dso/lsm6dso_reg.o
LOAD ./Drivers/BSP/Components/stts751/stts751.o
LOAD ./Drivers/BSP/Components/stts751/stts751_reg.o
LOAD ./Drivers/BSP/IKS01A3/iks01a3_env_sensors.o
LOAD ./Drivers/BSP/IKS01A3/iks01a3_env_sensors_ex.o
LOAD ./Drivers/BSP/IKS01A3/iks01a3_motion_sensors.o
LOAD ./Drivers/BSP/IKS01A3/iks01a3_motion_sensors_ex.o
LOAD ./Drivers/STM32L1xx_HAL_Driver/Src/stm32l1xx_hal.o
LOAD ./Drivers/STM32L1xx_HAL_Driver/Src/stm32l1xx_hal_cortex.o
LOAD ./Drivers/STM32L1xx_HAL_Driver/Src/stm32l1xx_hal_dma.o
LOAD ./Drivers/STM32L1xx_HAL_Driver/Src/stm32l1xx_hal_exti.o
LOAD ./Drivers/STM32L1xx_HAL_Driver/Src/stm32l1xx_hal_flash.o
LOAD ./Drivers/STM32L1xx_HAL_Driver/Src/stm32l1xx_hal_flash_ex.o
LOAD ./Drivers/STM32L1xx_HAL_Driver/Src/stm32l1xx_hal_flash_ramfunc.o
LOAD ./Drivers/STM32L1xx_HAL_Driver/Src/stm32l1xx_hal_gpio.o
LOAD ./Drivers/STM32L1xx_HAL_Driver/Src/stm32l1xx_hal_i2c.o
LOAD ./Drivers/STM32L1xx_HAL_Driver/Src/stm32l1xx_hal_pwr.o
LOAD ./Drivers/STM32L1xx_HAL_Driver/Src/stm32l1xx_hal_pwr_ex.o
LOAD ./Drivers/STM32L1xx_HAL_Driver/Src/stm32l1xx_hal_rcc.o
LOAD ./Drivers/STM32L1xx_HAL_Driver/Src/stm32l1xx_hal_rcc_ex.o
LOAD ./Drivers/STM32L1xx_HAL_Driver/Src/stm32l1xx_hal_spi.o
LOAD ./Drivers/STM32L1xx_HAL_Driver/Src/stm32l1xx_hal_tim.o
LOAD ./Drivers/STM32L1xx_HAL_Driver/Src/stm32l1xx_hal_tim_ex.o
LOAD ./Drivers/STM32L1xx_HAL_Driver/Src/stm32l1xx_hal_uart.o
LOAD ./Drivers/display/max7219_Yncrea2.o
START GROUP
LOAD /Applications/STM32CubeIDE.app/Contents/Eclipse/plugins/com.st.stm32cube.ide.mcu.externaltools.gnu-tools-for-stm32.14.3.rel1.macosaarch64_1.0.0.202602081740/tools/bin/../lib/gcc/arm-none-eabi/14.3.1/../../../../arm-none-eabi/lib/thumb/v7-m/nofp/libc_nano.a
LOAD /Applications/STM32CubeIDE.app/Contents/Eclipse/plugins/com.st.stm32cube.ide.mcu.externaltools.gnu-tools-for-stm32.14.3.rel1.macosaarch64_1.0.0.202602081740/tools/bin/../lib/gcc/arm-none-eabi/14.3.1/../../../../arm-none-eabi/lib/thumb/v7-m/nofp/libm.a
END GROUP
START GROUP
LOAD /Applications/STM32CubeIDE.app/Contents/Eclipse/plugins/com.st.stm32cube.ide.mcu.externaltools.gnu-tools-for-stm32.14.3.rel1.macosaarch64_1.0.0.202602081740/tools/bin/../lib/gcc/arm-none-eabi/14.3.1/thumb/v7-m/nofp/libgcc.a
LOAD /Applications/STM32CubeIDE.app/Contents/Eclipse/plugins/com.st.stm32cube.ide.mcu.externaltools.gnu-tools-for-stm32.14.3.rel1.macosaarch64_1.0.0.202602081740/tools/bin/../lib/gcc/arm-none-eabi/14.3.1/../../../../arm-none-eabi/lib/thumb/v7-m/nofp/libc_nano.a
END GROUP
START GROUP
LOAD /Applications/STM32CubeIDE.app/Contents/Eclipse/plugins/com.st.stm32cube.ide.mcu.externaltools.gnu-tools-for-stm32.14.3.rel1.macosaarch64_1.0.0.202602081740/tools/bin/../lib/gcc/arm-none-eabi/14.3.1/thumb/v7-m/nofp/libgcc.a
LOAD /Applications/STM32CubeIDE.app/Contents/Eclipse/plugins/com.st.stm32cube.ide.mcu.externaltools.gnu-tools-for-stm32.14.3.rel1.macosaarch64_1.0.0.202602081740/tools/bin/../lib/gcc/arm-none-eabi/14.3.1/../../../../arm-none-eabi/lib/thumb/v7-m/nofp/libc_nano.a
LOAD /Applications/STM32CubeIDE.app/Contents/Eclipse/plugins/com.st.stm32cube.ide.mcu.externaltools.gnu-tools-for-stm32.14.3.rel1.macosaarch64_1.0.0.202602081740/tools/bin/../lib/gcc/arm-none-eabi/14.3.1/../../../../arm-none-eabi/lib/thumb/v7-m/nofp/libnosys.a
END GROUP
START GROUP
LOAD /Applications/STM32CubeIDE.app/Contents/Eclipse/plugins/com.st.stm32cube.ide.mcu.externaltools.gnu-tools-for-stm32.14.3.rel1.macosaarch64_1.0.0.202602081740/tools/bin/../lib/gcc/arm-none-eabi/14.3.1/thumb/v7-m/nofp/libgcc.a
LOAD /Applications/STM32CubeIDE.app/Contents/Eclipse/plugins/com.st.stm32cube.ide.mcu.externaltools.gnu-tools-for-stm32.14.3.rel1.macosaarch64_1.0.0.202602081740/tools/bin/../lib/gcc/arm-none-eabi/14.3.1/../../../../arm-none-eabi/lib/thumb/v7-m/nofp/libc_nano.a
LOAD /Applications/STM32CubeIDE.app/Contents/Eclipse/plugins/com.st.stm32cube.ide.mcu.externaltools.gnu-tools-for-stm32.14.3.rel1.macosaarch64_1.0.0.202602081740/tools/bin/../lib/gcc/arm-none-eabi/14.3.1/../../../../arm-none-eabi/lib/thumb/v7-m/nofp/libnosys.a
END GROUP
LOAD /Applications/STM32CubeIDE.app/Contents/Eclipse/plugins/com.st.stm32cube.ide.mcu.externaltools.gnu-tools-for-stm32.14.3.rel1.macosaarch64_1.0.0.202602081740/tools/bin/../lib/gcc/arm-none-eabi/14.3.1/thumb/v7-m/nofp/crtend.o
LOAD /Applications/STM32CubeIDE.app/Contents/Eclipse/plugins/com.st.stm32cube.ide.mcu.externaltools.gnu-tools-for-stm32.14.3.rel1.macosaarch64_1.0.0.202602081740/tools/bin/../lib/gcc/arm-none-eabi/14.3.1/thumb/v7-m/nofp/crtn.o
                0x20014000                        _estack = (ORIGIN (RAM) + LENGTH (RAM))
                0x00000200                        _Min_Heap_Size = 0x200
                0x00000400                        _Min_Stack_Size = 0x400

.isr_vector     0x08000000      0x13c
                0x08000000                        . = ALIGN (0x4)
 *(.isr_vector)
 .isr_vector    0x08000000      0x13c ./Core/Startup/startup_stm32l152retx.o
                0x08000000                g_pfnVectors
                0x0800013c                        . = ALIGN (0x4)

.text           0x08000140     0xe070
                0x08000140                        . = ALIGN (0x4)
 *(.text)
 .text          0x08000140       0x40 /Applications/STM32CubeIDE.app/Contents/Eclipse/plugins/com.st.stm32cube.ide.mcu.externaltools.gnu-tools-for-stm32.14.3.rel1.macosaarch64_1.0.0.202602081740/tools/bin/../lib/gcc/arm-none-eabi/14.3.1/thumb/v7-m/nofp/crtbegin.o
 .text          0x08000180       0x10 /Applications/STM32CubeIDE.app/Contents/Eclipse/plugins/com.st.stm32cube.ide.mcu.externaltools.gnu-tools-for-stm32.14.3.rel1.macosaarch64_1.0.0.202602081740/tools/bin/../lib/gcc/arm-none-eabi/14.3.1/../../../../arm-none-eabi/lib/thumb/v7-m/nofp/libc_nano.a(libc_a-strlen.o)
                0x08000180                strlen
 .text          0x08000190      0x378 /Applications/STM32CubeIDE.app/Contents/Eclipse/plugins/com.st.stm32cube.ide.mcu.externaltools.gnu-tools-for-stm32.14.3.rel1.macosaarch64_1.0.0.202602081740/tools/bin/../lib/gcc/arm-none-eabi/14.3.1/thumb/v7-m/nofp/libgcc.a(_arm_addsubdf3.o)
                0x08000190                __aeabi_drsub
                0x08000198                __subdf3
                0x08000198                __aeabi_dsub
                0x0800019c                __aeabi_dadd
                0x0800019c                __adddf3
                0x08000414                __aeabi_ui2d
                0x08000414                __floatunsidf
                0x08000434                __floatsidf
                0x08000434                __aeabi_i2d
                0x08000458                __extendsfdf2
                0x08000458                __aeabi_f2d
                0x0800049c                __aeabi_ul2d
                0x0800049c                __floatundidf
                0x080004ac                __aeabi_l2d
                0x080004ac                __floatdidf
 .text          0x08000508      0x424 /Applications/STM32CubeIDE.app/Contents/Eclipse/plugins/com.st.stm32cube.ide.mcu.externaltools.gnu-tools-for-stm32.14.3.rel1.macosaarch64_1.0.0.202602081740/tools/bin/../lib/gcc/arm-none-eabi/14.3.1/thumb/v7-m/nofp/libgcc.a(_arm_muldivdf3.o)
                0x08000508                __aeabi_dmul
                0x08000508                __muldf3
                0x0800075c                __aeabi_ddiv
                0x0800075c                __divdf3
 .text          0x0800092c      0x110 /Applications/STM32CubeIDE.app/Contents/Eclipse/plugins/com.st.stm32cube.ide.mcu.externaltools.gnu-tools-for-stm32.14.3.rel1.macosaarch64_1.0.0.202602081740/tools/bin/../lib/gcc/arm-none-eabi/14.3.1/thumb/v7-m/nofp/libgcc.a(_arm_cmpdf2.o)
                0x0800092c                __gedf2
                0x0800092c                __gtdf2
                0x08000934                __ledf2
                0x08000934                __ltdf2
                0x0800093c                __cmpdf2
                0x0800093c                __eqdf2
                0x0800093c                __nedf2
                0x080009b8                __aeabi_cdrcmple
                0x080009c8                __aeabi_cdcmple
                0x080009c8                __aeabi_cdcmpeq
                0x080009d8                __aeabi_dcmpeq
                0x080009ec                __aeabi_dcmplt
                0x08000a00                __aeabi_dcmple
                0x08000a14                __aeabi_dcmpge
                0x08000a28                __aeabi_dcmpgt
 .text          0x08000a3c       0x2c /Applications/STM32CubeIDE.app/Contents/Eclipse/plugins/com.st.stm32cube.ide.mcu.externaltools.gnu-tools-for-stm32.14.3.rel1.macosaarch64_1.0.0.202602081740/tools/bin/../lib/gcc/arm-none-eabi/14.3.1/thumb/v7-m/nofp/libgcc.a(_arm_unorddf2.o)
                0x08000a3c                __aeabi_dcmpun
                0x08000a3c                __unorddf2
 .text          0x08000a68       0x50 /Applications/STM32CubeIDE.app/Contents/Eclipse/plugins/com.st.stm32cube.ide.mcu.externaltools.gnu-tools-for-stm32.14.3.rel1.macosaarch64_1.0.0.202602081740/tools/bin/../lib/gcc/arm-none-eabi/14.3.1/thumb/v7-m/nofp/libgcc.a(_arm_fixdfsi.o)
                0x08000a68                __fixdfsi
                0x08000a68                __aeabi_d2iz
 .text          0x08000ab8       0xa0 /Applications/STM32CubeIDE.app/Contents/Eclipse/plugins/com.st.stm32cube.ide.mcu.externaltools.gnu-tools-for-stm32.14.3.rel1.macosaarch64_1.0.0.202602081740/tools/bin/../lib/gcc/arm-none-eabi/14.3.1/thumb/v7-m/nofp/libgcc.a(_arm_truncdfsf2.o)
                0x08000ab8                __aeabi_d2f
                0x08000ab8                __truncdfsf2
 .text          0x08000b58      0x21c /Applications/STM32CubeIDE.app/Contents/Eclipse/plugins/com.st.stm32cube.ide.mcu.externaltools.gnu-tools-for-stm32.14.3.rel1.macosaarch64_1.0.0.202602081740/tools/bin/../lib/gcc/arm-none-eabi/14.3.1/thumb/v7-m/nofp/libgcc.a(_arm_addsubsf3.o)
                0x08000b58                __aeabi_frsub
                0x08000b60                __aeabi_fsub
                0x08000b60                __subsf3
                0x08000b64                __aeabi_fadd
                0x08000b64                __addsf3
                0x08000cc4                __aeabi_ui2f
                0x08000cc4                __floatunsisf
                0x08000ccc                __floatsisf
                0x08000ccc                __aeabi_i2f
                0x08000ce8                __aeabi_ul2f
                0x08000ce8                __floatundisf
                0x08000cf8                __aeabi_l2f
                0x08000cf8                __floatdisf
 .text          0x08000d74      0x2a0 /Applications/STM32CubeIDE.app/Contents/Eclipse/plugins/com.st.stm32cube.ide.mcu.externaltools.gnu-tools-for-stm32.14.3.rel1.macosaarch64_1.0.0.202602081740/tools/bin/../lib/gcc/arm-none-eabi/14.3.1/thumb/v7-m/nofp/libgcc.a(_arm_muldivsf3.o)
                0x08000d74                __mulsf3
                0x08000d74                __aeabi_fmul
                0x08000edc                __divsf3
                0x08000edc                __aeabi_fdiv
 .text          0x08001014       0xec /Applications/STM32CubeIDE.app/Contents/Eclipse/plugins/com.st.stm32cube.ide.mcu.externaltools.gnu-tools-for-stm32.14.3.rel1.macosaarch64_1.0.0.202602081740/tools/bin/../lib/gcc/arm-none-eabi/14.3.1/thumb/v7-m/nofp/libgcc.a(_arm_cmpsf2.o)
                0x08001014                __gesf2
                0x08001014                __gtsf2
                0x0800101c                __ltsf2
                0x0800101c                __lesf2
                0x08001024                __nesf2
                0x08001024                __eqsf2
                0x08001024                __cmpsf2
                0x08001084                __aeabi_cfrcmple
                0x0800108c                __aeabi_cfcmpeq
                0x0800108c                __aeabi_cfcmple
                0x0800109c                __aeabi_fcmpeq
                0x080010b0                __aeabi_fcmplt
                0x080010c4                __aeabi_fcmple
                0x080010d8                __aeabi_fcmpge
                0x080010ec                __aeabi_fcmpgt
 .text          0x08001100       0x4c /Applications/STM32CubeIDE.app/Contents/Eclipse/plugins/com.st.stm32cube.ide.mcu.externaltools.gnu-tools-for-stm32.14.3.rel1.macosaarch64_1.0.0.202602081740/tools/bin/../lib/gcc/arm-none-eabi/14.3.1/thumb/v7-m/nofp/libgcc.a(_arm_fixsfsi.o)
                0x08001100                __fixsfsi
                0x08001100                __aeabi_f2iz
 .text          0x0800114c       0x30 /Applications/STM32CubeIDE.app/Contents/Eclipse/plugins/com.st.stm32cube.ide.mcu.externaltools.gnu-tools-for-stm32.14.3.rel1.macosaarch64_1.0.0.202602081740/tools/bin/../lib/gcc/arm-none-eabi/14.3.1/thumb/v7-m/nofp/libgcc.a(_aeabi_uldivmod.o)
                0x0800114c                __aeabi_uldivmod
 .text          0x0800117c      0x2f4 /Applications/STM32CubeIDE.app/Contents/Eclipse/plugins/com.st.stm32cube.ide.mcu.externaltools.gnu-tools-for-stm32.14.3.rel1.macosaarch64_1.0.0.202602081740/tools/bin/../lib/gcc/arm-none-eabi/14.3.1/thumb/v7-m/nofp/libgcc.a(_udivmoddi4.o)
                0x0800117c                __udivmoddi4
 .text          0x08001470        0x4 /Applications/STM32CubeIDE.app/Contents/Eclipse/plugins/com.st.stm32cube.ide.mcu.externaltools.gnu-tools-for-stm32.14.3.rel1.macosaarch64_1.0.0.202602081740/tools/bin/../lib/gcc/arm-none-eabi/14.3.1/thumb/v7-m/nofp/libgcc.a(_dvmd_tls.o)
                0x08001470                __aeabi_ldiv0
                0x08001470                __aeabi_idiv0
 *(.text*)
 .text.main     0x08001474      0x420 ./Core/Src/main.o
                0x08001474                main
 .text.SystemClock_Config
                0x08001894       0x9c ./Core/Src/main.o
                0x08001894                SystemClock_Config
 .text.MX_SPI1_Init
                0x08001930       0x6c ./Core/Src/main.o
 .text.MX_TIM6_Init
                0x0800199c       0x6c ./Core/Src/main.o
 .text.MX_USART2_UART_Init
                0x08001a08       0x54 ./Core/Src/main.o
 .text.MX_GPIO_Init
                0x08001a5c      0x13c ./Core/Src/main.o
 .text.__io_putchar
                0x08001b98       0x24 ./Core/Src/main.o
                0x08001b98                __io_putchar
 .text.show_angle
                0x08001bbc       0x6c ./Core/Src/main.o
                0x08001bbc                show_angle
 .text.HAL_GPIO_EXTI_Callback
                0x08001c28      0x37c ./Core/Src/main.o
                0x08001c28                HAL_GPIO_EXTI_Callback
 *fill*         0x08001fa4        0x4 
 .text.get_heading
                0x08001fa8       0xdc ./Core/Src/main.o
                0x08001fa8                get_heading
 .text.get_led_count
                0x08002084       0xf0 ./Core/Src/main.o
                0x08002084                get_led_count
 .text.set_leds
                0x08002174       0xd4 ./Core/Src/main.o
                0x08002174                set_leds
 .text.HAL_TIM_PeriodElapsedCallback
                0x08002248       0x34 ./Core/Src/main.o
                0x08002248                HAL_TIM_PeriodElapsedCallback
 .text.Error_Handler
                0x0800227c        0xc ./Core/Src/main.o
                0x0800227c                Error_Handler
 .text.HAL_MspInit
                0x08002288       0x60 ./Core/Src/stm32l1xx_hal_msp.o
                0x08002288                HAL_MspInit
 .text.HAL_SPI_MspInit
                0x080022e8       0x98 ./Core/Src/stm32l1xx_hal_msp.o
                0x080022e8                HAL_SPI_MspInit
 .text.HAL_TIM_Base_MspInit
                0x08002380       0x4c ./Core/Src/stm32l1xx_hal_msp.o
                0x08002380                HAL_TIM_Base_MspInit
 .text.HAL_UART_MspInit
                0x080023cc       0x88 ./Core/Src/stm32l1xx_hal_msp.o
                0x080023cc                HAL_UART_MspInit
 .text.NMI_Handler
                0x08002454        0x8 ./Core/Src/stm32l1xx_it.o
                0x08002454                NMI_Handler
 .text.HardFault_Handler
                0x0800245c        0x8 ./Core/Src/stm32l1xx_it.o
                0x0800245c                HardFault_Handler
 .text.MemManage_Handler
                0x08002464        0x8 ./Core/Src/stm32l1xx_it.o
                0x08002464                MemManage_Handler
 .text.BusFault_Handler
                0x0800246c        0x8 ./Core/Src/stm32l1xx_it.o
                0x0800246c                BusFault_Handler
 .text.UsageFault_Handler
                0x08002474        0x8 ./Core/Src/stm32l1xx_it.o
                0x08002474                UsageFault_Handler
 .text.SVC_Handler
                0x0800247c        0xc ./Core/Src/stm32l1xx_it.o
                0x0800247c                SVC_Handler
 .text.DebugMon_Handler
                0x08002488        0xc ./Core/Src/stm32l1xx_it.o
                0x08002488                DebugMon_Handler
 .text.PendSV_Handler
                0x08002494        0xc ./Core/Src/stm32l1xx_it.o
                0x08002494                PendSV_Handler
 .text.SysTick_Handler
                0x080024a0        0xc ./Core/Src/stm32l1xx_it.o
                0x080024a0                SysTick_Handler
 .text.EXTI9_5_IRQHandler
                0x080024ac       0x14 ./Core/Src/stm32l1xx_it.o
                0x080024ac                EXTI9_5_IRQHandler
 .text.SPI1_IRQHandler
                0x080024c0       0x14 ./Core/Src/stm32l1xx_it.o
                0x080024c0                SPI1_IRQHandler
 .text.EXTI15_10_IRQHandler
                0x080024d4       0x20 ./Core/Src/stm32l1xx_it.o
                0x080024d4                EXTI15_10_IRQHandler
 .text.TIM6_IRQHandler
                0x080024f4       0x14 ./Core/Src/stm32l1xx_it.o
                0x080024f4                TIM6_IRQHandler
 .text.BSP_I2C1_Init
                0x08002508       0x64 ./Core/Src/stm32l1xx_nucleo_bus.o
                0x08002508                BSP_I2C1_Init
 .text.BSP_I2C1_DeInit
                0x0800256c       0x50 ./Core/Src/stm32l1xx_nucleo_bus.o
                0x0800256c                BSP_I2C1_DeInit
 .text.BSP_I2C1_WriteReg
                0x080025bc       0x64 ./Core/Src/stm32l1xx_nucleo_bus.o
                0x080025bc                BSP_I2C1_WriteReg
 .text.BSP_I2C1_ReadReg
                0x08002620       0x64 ./Core/Src/stm32l1xx_nucleo_bus.o
                0x08002620                BSP_I2C1_ReadReg
 .text.BSP_GetTick
                0x08002684        0xe ./Core/Src/stm32l1xx_nucleo_bus.o
                0x08002684                BSP_GetTick
 *fill*         0x08002692        0x2 
 .text.MX_I2C1_Init
                0x08002694       0x68 ./Core/Src/stm32l1xx_nucleo_bus.o
                0x08002694                MX_I2C1_Init
 .text.I2C1_MspInit
                0x080026fc       0x8c ./Core/Src/stm32l1xx_nucleo_bus.o
 .text.I2C1_MspDeInit
                0x08002788       0x38 ./Core/Src/stm32l1xx_nucleo_bus.o
 .text._getpid  0x080027c0        0xe ./Core/Src/syscalls.o
                0x080027c0                _getpid
 .text._kill    0x080027ce       0x20 ./Core/Src/syscalls.o
                0x080027ce                _kill
 .text._exit    0x080027ee       0x16 ./Core/Src/syscalls.o
                0x080027ee                _exit
 .text._read    0x08002804       0x3a ./Core/Src/syscalls.o
                0x08002804                _read
 .text._write   0x0800283e       0x38 ./Core/Src/syscalls.o
                0x0800283e                _write
 .text._close   0x08002876       0x16 ./Core/Src/syscalls.o
                0x08002876                _close
 .text._fstat   0x0800288c       0x1e ./Core/Src/syscalls.o
                0x0800288c                _fstat
 .text._isatty  0x080028aa       0x14 ./Core/Src/syscalls.o
                0x080028aa                _isatty
 .text._lseek   0x080028be       0x18 ./Core/Src/syscalls.o
                0x080028be                _lseek
 *fill*         0x080028d6        0x2 
 .text._sbrk    0x080028d8       0x6c ./Core/Src/sysmem.o
                0x080028d8                _sbrk
 .text.SystemInit
                0x08002944        0xc ./Core/Src/system_stm32l1xx.o
                0x08002944                SystemInit
 .text.Reset_Handler
                0x08002950       0x48 ./Core/Startup/startup_stm32l152retx.o
                0x08002950                Reset_Handler
 .text.Default_Handler
                0x08002998        0x2 ./Core/Startup/startup_stm32l152retx.o
                0x08002998                DMA2_Channel3_IRQHandler
                0x08002998                EXTI2_IRQHandler
                0x08002998                COMP_ACQ_IRQHandler
                0x08002998                TIM10_IRQHandler
                0x08002998                USB_HP_IRQHandler
                0x08002998                PVD_IRQHandler
                0x08002998                EXTI3_IRQHandler
                0x08002998                EXTI0_IRQHandler
                0x08002998                I2C2_EV_IRQHandler
                0x08002998                USB_FS_WKUP_IRQHandler
                0x08002998                DMA2_Channel2_IRQHandler
                0x08002998                DMA1_Channel4_IRQHandler
                0x08002998                ADC1_IRQHandler
                0x08002998                USART3_IRQHandler
                0x08002998                DMA1_Channel7_IRQHandler
                0x08002998                LCD_IRQHandler
                0x08002998                UART5_IRQHandler
                0x08002998                TIM4_IRQHandler
                0x08002998                DMA2_Channel1_IRQHandler
                0x08002998                I2C1_EV_IRQHandler
                0x08002998                DMA1_Channel6_IRQHandler
                0x08002998                UART4_IRQHandler
                0x08002998                DMA2_Channel4_IRQHandler
                0x08002998                TIM3_IRQHandler
                0x08002998                RCC_IRQHandler
                0x08002998                DMA1_Channel1_IRQHandler
                0x08002998                Default_Handler
                0x08002998                TIM7_IRQHandler
                0x08002998                TIM5_IRQHandler
                0x08002998                TIM9_IRQHandler
                0x08002998                TAMPER_STAMP_IRQHandler
                0x08002998                RTC_WKUP_IRQHandler
                0x08002998                SPI2_IRQHandler
                0x08002998                DMA2_Channel5_IRQHandler
                0x08002998                DMA1_Channel5_IRQHandler
                0x08002998                USB_LP_IRQHandler
                0x08002998                EXTI4_IRQHandler
                0x08002998                DMA1_Channel3_IRQHandler
                0x08002998                COMP_IRQHandler
                0x08002998                WWDG_IRQHandler
                0x08002998                TIM2_IRQHandler
                0x08002998                DAC_IRQHandler
                0x08002998                EXTI1_IRQHandler
                0x08002998                TIM11_IRQHandler
                0x08002998                USART2_IRQHandler
                0x08002998                I2C2_ER_IRQHandler
                0x08002998                DMA1_Channel2_IRQHandler
                0x08002998                FLASH_IRQHandler
                0x08002998                USART1_IRQHandler
                0x08002998                SPI3_IRQHandler
                0x08002998                I2C1_ER_IRQHandler
                0x08002998                RTC_Alarm_IRQHandler
 *fill*         0x0800299a        0x2 
 .text.LIS2DW12_RegisterBusIO
                0x0800299c       0xd4 ./Drivers/BSP/Components/lis2dw12/lis2dw12.o
                0x0800299c                LIS2DW12_RegisterBusIO
 .text.LIS2DW12_Init
                0x08002a70       0xc4 ./Drivers/BSP/Components/lis2dw12/lis2dw12.o
                0x08002a70                LIS2DW12_Init
 .text.LIS2DW12_DeInit
                0x08002b34       0x44 ./Drivers/BSP/Components/lis2dw12/lis2dw12.o
                0x08002b34                LIS2DW12_DeInit
 .text.LIS2DW12_ReadID
                0x08002b78       0x2c ./Drivers/BSP/Components/lis2dw12/lis2dw12.o
                0x08002b78                LIS2DW12_ReadID
 .text.LIS2DW12_GetCapabilities
                0x08002ba4       0x5c ./Drivers/BSP/Components/lis2dw12/lis2dw12.o
                0x08002ba4                LIS2DW12_GetCapabilities
 .text.LIS2DW12_ACC_Enable
                0x08002c00       0x4a ./Drivers/BSP/Components/lis2dw12/lis2dw12.o
                0x08002c00                LIS2DW12_ACC_Enable
 .text.LIS2DW12_ACC_Disable
                0x08002c4a       0x40 ./Drivers/BSP/Components/lis2dw12/lis2dw12.o
                0x08002c4a                LIS2DW12_ACC_Disable
 *fill*         0x08002c8a        0x2 
 .text.LIS2DW12_ACC_GetSensitivity
                0x08002c8c      0x150 ./Drivers/BSP/Components/lis2dw12/lis2dw12.o
                0x08002c8c                LIS2DW12_ACC_GetSensitivity
 .text.LIS2DW12_ACC_GetOutputDataRate
                0x08002ddc      0x2fc ./Drivers/BSP/Components/lis2dw12/lis2dw12.o
                0x08002ddc                LIS2DW12_ACC_GetOutputDataRate
 .text.LIS2DW12_ACC_SetOutputDataRate
                0x080030d8       0x20 ./Drivers/BSP/Components/lis2dw12/lis2dw12.o
                0x080030d8                LIS2DW12_ACC_SetOutputDataRate
 .text.LIS2DW12_ACC_SetOutputDataRate_With_Mode
                0x080030f8       0x46 ./Drivers/BSP/Components/lis2dw12/lis2dw12.o
                0x080030f8                LIS2DW12_ACC_SetOutputDataRate_With_Mode
 *fill*         0x0800313e        0x2 
 .text.LIS2DW12_ACC_GetFullScale
                0x08003140       0x84 ./Drivers/BSP/Components/lis2dw12/lis2dw12.o
                0x08003140                LIS2DW12_ACC_GetFullScale
 .text.LIS2DW12_ACC_SetFullScale
                0x080031c4       0x50 ./Drivers/BSP/Components/lis2dw12/lis2dw12.o
                0x080031c4                LIS2DW12_ACC_SetFullScale
 .text.LIS2DW12_ACC_GetAxesRaw
                0x08003214      0x104 ./Drivers/BSP/Components/lis2dw12/lis2dw12.o
                0x08003214                LIS2DW12_ACC_GetAxesRaw
 .text.LIS2DW12_ACC_GetAxes
                0x08003318       0xb6 ./Drivers/BSP/Components/lis2dw12/lis2dw12.o
                0x08003318                LIS2DW12_ACC_GetAxes
 .text.LIS2DW12_Write_Reg
                0x080033ce       0x36 ./Drivers/BSP/Components/lis2dw12/lis2dw12.o
                0x080033ce                LIS2DW12_Write_Reg
 .text.LIS2DW12_ACC_SetOutputDataRate_When_Enabled
                0x08003404      0x204 ./Drivers/BSP/Components/lis2dw12/lis2dw12.o
 .text.LIS2DW12_ACC_SetOutputDataRate_When_Disabled
                0x08003608       0xec ./Drivers/BSP/Components/lis2dw12/lis2dw12.o
 .text.ReadRegWrap
                0x080036f4       0x36 ./Drivers/BSP/Components/lis2dw12/lis2dw12.o
 .text.WriteRegWrap
                0x0800372a       0x36 ./Drivers/BSP/Components/lis2dw12/lis2dw12.o
 .text.lis2dw12_read_reg
                0x08003760       0x3c ./Drivers/BSP/Components/lis2dw12/lis2dw12_reg.o
                0x08003760                lis2dw12_read_reg
 .text.lis2dw12_write_reg
                0x0800379c       0x3c ./Drivers/BSP/Components/lis2dw12/lis2dw12_reg.o
                0x0800379c                lis2dw12_write_reg
 .text.lis2dw12_power_mode_set
                0x080037d8       0x9c ./Drivers/BSP/Components/lis2dw12/lis2dw12_reg.o
                0x080037d8                lis2dw12_power_mode_set
 .text.lis2dw12_power_mode_get
                0x08003874      0x174 ./Drivers/BSP/Components/lis2dw12/lis2dw12_reg.o
                0x08003874                lis2dw12_power_mode_get
 .text.lis2dw12_data_rate_set
                0x080039e8       0x8a ./Drivers/BSP/Components/lis2dw12/lis2dw12_reg.o
                0x080039e8                lis2dw12_data_rate_set
 *fill*         0x08003a72        0x2 
 .text.lis2dw12_data_rate_get
                0x08003a74      0x194 ./Drivers/BSP/Components/lis2dw12/lis2dw12_reg.o
                0x08003a74                lis2dw12_data_rate_get
 .text.lis2dw12_block_data_update_set
                0x08003c08       0x4c ./Drivers/BSP/Components/lis2dw12/lis2dw12_reg.o
                0x08003c08                lis2dw12_block_data_update_set
 .text.lis2dw12_full_scale_set
                0x08003c54       0x4c ./Drivers/BSP/Components/lis2dw12/lis2dw12_reg.o
                0x08003c54                lis2dw12_full_scale_set
 .text.lis2dw12_full_scale_get
                0x08003ca0       0x70 ./Drivers/BSP/Components/lis2dw12/lis2dw12_reg.o
                0x08003ca0                lis2dw12_full_scale_get
 .text.lis2dw12_acceleration_raw_get
                0x08003d10       0x90 ./Drivers/BSP/Components/lis2dw12/lis2dw12_reg.o
                0x08003d10                lis2dw12_acceleration_raw_get
 .text.lis2dw12_device_id_get
                0x08003da0       0x22 ./Drivers/BSP/Components/lis2dw12/lis2dw12_reg.o
                0x08003da0                lis2dw12_device_id_get
 .text.lis2dw12_auto_increment_set
                0x08003dc2       0x4c ./Drivers/BSP/Components/lis2dw12/lis2dw12_reg.o
                0x08003dc2                lis2dw12_auto_increment_set
 .text.lis2dw12_fifo_mode_set
                0x08003e0e       0x4c ./Drivers/BSP/Components/lis2dw12/lis2dw12_reg.o
                0x08003e0e                lis2dw12_fifo_mode_set
 *fill*         0x08003e5a        0x2 
 .text.LIS2MDL_RegisterBusIO
                0x08003e5c      0x100 ./Drivers/BSP/Components/lis2mdl/lis2mdl.o
                0x08003e5c                LIS2MDL_RegisterBusIO
 .text.LIS2MDL_Init
                0x08003f5c      0x10c ./Drivers/BSP/Components/lis2mdl/lis2mdl.o
                0x08003f5c                LIS2MDL_Init
 .text.LIS2MDL_DeInit
                0x08004068       0x2c ./Drivers/BSP/Components/lis2mdl/lis2mdl.o
                0x08004068                LIS2MDL_DeInit
 .text.LIS2MDL_ReadID
                0x08004094       0x4c ./Drivers/BSP/Components/lis2mdl/lis2mdl.o
                0x08004094                LIS2MDL_ReadID
 .text.LIS2MDL_GetCapabilities
                0x080040e0       0x5c ./Drivers/BSP/Components/lis2mdl/lis2mdl.o
                0x080040e0                LIS2MDL_GetCapabilities
 .text.LIS2MDL_MAG_Enable
                0x0800413c       0x84 ./Drivers/BSP/Components/lis2mdl/lis2mdl.o
                0x0800413c                LIS2MDL_MAG_Enable
 .text.LIS2MDL_MAG_Disable
                0x080041c0       0x86 ./Drivers/BSP/Components/lis2mdl/lis2mdl.o
                0x080041c0                LIS2MDL_MAG_Disable
 .text.LIS2MDL_MAG_GetSensitivity
                0x08004246       0x1e ./Drivers/BSP/Components/lis2mdl/lis2mdl.o
                0x08004246                LIS2MDL_MAG_GetSensitivity
 .text.LIS2MDL_MAG_GetOutputDataRate
                0x08004264       0x8c ./Drivers/BSP/Components/lis2mdl/lis2mdl.o
                0x08004264                LIS2MDL_MAG_GetOutputDataRate
 .text.LIS2MDL_MAG_SetOutputDataRate
                0x080042f0       0xc0 ./Drivers/BSP/Components/lis2mdl/lis2mdl.o
                0x080042f0                LIS2MDL_MAG_SetOutputDataRate
 .text.LIS2MDL_MAG_GetFullScale
                0x080043b0       0x1c ./Drivers/BSP/Components/lis2mdl/lis2mdl.o
                0x080043b0                LIS2MDL_MAG_GetFullScale
 .text.LIS2MDL_MAG_SetFullScale
                0x080043cc       0x16 ./Drivers/BSP/Components/lis2mdl/lis2mdl.o
                0x080043cc                LIS2MDL_MAG_SetFullScale
 .text.LIS2MDL_MAG_GetAxesRaw
                0x080043e2       0x48 ./Drivers/BSP/Components/lis2mdl/lis2mdl.o
                0x080043e2                LIS2MDL_MAG_GetAxesRaw
 .text.LIS2MDL_MAG_GetAxes
                0x0800442a      0x120 ./Drivers/BSP/Components/lis2mdl/lis2mdl.o
                0x0800442a                LIS2MDL_MAG_GetAxes
 .text.LIS2MDL_Write_Reg
                0x0800454a       0x56 ./Drivers/BSP/Components/lis2mdl/lis2mdl.o
                0x0800454a                LIS2MDL_Write_Reg
 .text.ReadMagRegWrap
                0x080045a0       0x82 ./Drivers/BSP/Components/lis2mdl/lis2mdl.o
 .text.WriteMagRegWrap
                0x08004622       0x82 ./Drivers/BSP/Components/lis2mdl/lis2mdl.o
 .text.LSM6DSOX_SENSORHUB_LIS2MDL_ReadShData
                0x080046a4      0x27e ./Drivers/BSP/Components/lis2mdl/lis2mdl.o
 .text.LSM6DSOX_SENSORHUB_LIS2MDL_WriteShData
                0x08004922      0x23c ./Drivers/BSP/Components/lis2mdl/lis2mdl.o
 .text.lis2mdl_read_reg
                0x08004b5e       0x3c ./Drivers/BSP/Components/lis2mdl/lis2mdl_reg.o
                0x08004b5e                lis2mdl_read_reg
 .text.lis2mdl_write_reg
                0x08004b9a       0x3c ./Drivers/BSP/Components/lis2mdl/lis2mdl_reg.o
                0x08004b9a                lis2mdl_write_reg
 .text.lis2mdl_operating_mode_set
                0x08004bd6       0x4c ./Drivers/BSP/Components/lis2mdl/lis2mdl_reg.o
                0x08004bd6                lis2mdl_operating_mode_set
 .text.lis2mdl_data_rate_set
                0x08004c22       0x4c ./Drivers/BSP/Components/lis2mdl/lis2mdl_reg.o
                0x08004c22                lis2mdl_data_rate_set
 *fill*         0x08004c6e        0x2 
 .text.lis2mdl_data_rate_get
                0x08004c70       0x70 ./Drivers/BSP/Components/lis2mdl/lis2mdl_reg.o
                0x08004c70                lis2mdl_data_rate_get
 .text.lis2mdl_block_data_update_set
                0x08004ce0       0x4c ./Drivers/BSP/Components/lis2mdl/lis2mdl_reg.o
                0x08004ce0                lis2mdl_block_data_update_set
 .text.lis2mdl_magnetic_raw_get
                0x08004d2c       0x90 ./Drivers/BSP/Components/lis2mdl/lis2mdl_reg.o
                0x08004d2c                lis2mdl_magnetic_raw_get
 .text.lis2mdl_device_id_get
                0x08004dbc       0x22 ./Drivers/BSP/Components/lis2mdl/lis2mdl_reg.o
                0x08004dbc                lis2mdl_device_id_get
 .text.lis2mdl_self_test_set
                0x08004dde       0x4c ./Drivers/BSP/Components/lis2mdl/lis2mdl_reg.o
                0x08004dde                lis2mdl_self_test_set
 .text.lis2mdl_i2c_interface_set
                0x08004e2a       0x4c ./Drivers/BSP/Components/lis2mdl/lis2mdl_reg.o
                0x08004e2a                lis2mdl_i2c_interface_set
 *fill*         0x08004e76        0x2 
 .text.LSM6DSO_RegisterBusIO
                0x08004e78       0xd4 ./Drivers/BSP/Components/lsm6dso/lsm6dso.o
                0x08004e78                LSM6DSO_RegisterBusIO
 .text.LSM6DSO_Init
                0x08004f4c      0x106 ./Drivers/BSP/Components/lsm6dso/lsm6dso.o
                0x08004f4c                LSM6DSO_Init
 .text.LSM6DSO_DeInit
                0x08005052       0x4e ./Drivers/BSP/Components/lsm6dso/lsm6dso.o
                0x08005052                LSM6DSO_DeInit
 .text.LSM6DSO_ReadID
                0x080050a0       0x2c ./Drivers/BSP/Components/lsm6dso/lsm6dso.o
                0x080050a0                LSM6DSO_ReadID
 .text.LSM6DSO_GetCapabilities
                0x080050cc       0x5c ./Drivers/BSP/Components/lsm6dso/lsm6dso.o
                0x080050cc                LSM6DSO_GetCapabilities
 .text.LSM6DSO_ACC_Enable
                0x08005128       0x48 ./Drivers/BSP/Components/lsm6dso/lsm6dso.o
                0x08005128                LSM6DSO_ACC_Enable
 .text.LSM6DSO_ACC_Disable
                0x08005170       0x5e ./Drivers/BSP/Components/lsm6dso/lsm6dso.o
                0x08005170                LSM6DSO_ACC_Disable
 *fill*         0x080051ce        0x2 
 .text.LSM6DSO_ACC_GetSensitivity
                0x080051d0       0x8c ./Drivers/BSP/Components/lsm6dso/lsm6dso.o
                0x080051d0                LSM6DSO_ACC_GetSensitivity
 .text.LSM6DSO_ACC_GetOutputDataRate
                0x0800525c      0x108 ./Drivers/BSP/Components/lsm6dso/lsm6dso.o
                0x0800525c                LSM6DSO_ACC_GetOutputDataRate
 .text.LSM6DSO_ACC_SetOutputDataRate
                0x08005364       0x1e ./Drivers/BSP/Components/lsm6dso/lsm6dso.o
                0x08005364                LSM6DSO_ACC_SetOutputDataRate
 *fill*         0x08005382        0x2 
 .text.LSM6DSO_ACC_SetOutputDataRate_With_Mode
                0x08005384      0x328 ./Drivers/BSP/Components/lsm6dso/lsm6dso.o
                0x08005384                LSM6DSO_ACC_SetOutputDataRate_With_Mode
 .text.LSM6DSO_ACC_GetFullScale
                0x080056ac       0x7c ./Drivers/BSP/Components/lsm6dso/lsm6dso.o
                0x080056ac                LSM6DSO_ACC_GetFullScale
 .text.LSM6DSO_ACC_SetFullScale
                0x08005728       0x50 ./Drivers/BSP/Components/lsm6dso/lsm6dso.o
                0x08005728                LSM6DSO_ACC_SetFullScale
 .text.LSM6DSO_ACC_GetAxesRaw
                0x08005778       0x48 ./Drivers/BSP/Components/lsm6dso/lsm6dso.o
                0x08005778                LSM6DSO_ACC_GetAxesRaw
 .text.LSM6DSO_ACC_GetAxes
                0x080057c0       0xba ./Drivers/BSP/Components/lsm6dso/lsm6dso.o
                0x080057c0                LSM6DSO_ACC_GetAxes
 .text.LSM6DSO_GYRO_Enable
                0x0800587a       0x48 ./Drivers/BSP/Components/lsm6dso/lsm6dso.o
                0x0800587a                LSM6DSO_GYRO_Enable
 .text.LSM6DSO_GYRO_Disable
                0x080058c2       0x5e ./Drivers/BSP/Components/lsm6dso/lsm6dso.o
                0x080058c2                LSM6DSO_GYRO_Disable
 .text.LSM6DSO_GYRO_GetSensitivity
                0x08005920       0xa4 ./Drivers/BSP/Components/lsm6dso/lsm6dso.o
                0x08005920                LSM6DSO_GYRO_GetSensitivity
 .text.LSM6DSO_GYRO_GetOutputDataRate
                0x080059c4       0xf8 ./Drivers/BSP/Components/lsm6dso/lsm6dso.o
                0x080059c4                LSM6DSO_GYRO_GetOutputDataRate
 .text.LSM6DSO_GYRO_SetOutputDataRate
                0x08005abc       0x1e ./Drivers/BSP/Components/lsm6dso/lsm6dso.o
                0x08005abc                LSM6DSO_GYRO_SetOutputDataRate
 *fill*         0x08005ada        0x2 
 .text.LSM6DSO_GYRO_SetOutputDataRate_With_Mode
                0x08005adc      0x120 ./Drivers/BSP/Components/lsm6dso/lsm6dso.o
                0x08005adc                LSM6DSO_GYRO_SetOutputDataRate_With_Mode
 .text.LSM6DSO_GYRO_GetFullScale
                0x08005bfc       0x94 ./Drivers/BSP/Components/lsm6dso/lsm6dso.o
                0x08005bfc                LSM6DSO_GYRO_GetFullScale
 .text.LSM6DSO_GYRO_SetFullScale
                0x08005c90       0x5e ./Drivers/BSP/Components/lsm6dso/lsm6dso.o
                0x08005c90                LSM6DSO_GYRO_SetFullScale
 .text.LSM6DSO_GYRO_GetAxesRaw
                0x08005cee       0x48 ./Drivers/BSP/Components/lsm6dso/lsm6dso.o
                0x08005cee                LSM6DSO_GYRO_GetAxesRaw
 .text.LSM6DSO_GYRO_GetAxes
                0x08005d36       0xba ./Drivers/BSP/Components/lsm6dso/lsm6dso.o
                0x08005d36                LSM6DSO_GYRO_GetAxes
 .text.LSM6DSO_Write_Reg
                0x08005df0       0x36 ./Drivers/BSP/Components/lsm6dso/lsm6dso.o
                0x08005df0                LSM6DSO_Write_Reg
 .text.LSM6DSO_Set_Mem_Bank
                0x08005e26       0x4c ./Drivers/BSP/Components/lsm6dso/lsm6dso.o
                0x08005e26                LSM6DSO_Set_Mem_Bank
 *fill*         0x08005e72        0x2 
 .text.LSM6DSO_ACC_SetOutputDataRate_When_Enabled
                0x08005e74      0x110 ./Drivers/BSP/Components/lsm6dso/lsm6dso.o
 .text.LSM6DSO_ACC_SetOutputDataRate_When_Disabled
                0x08005f84       0xf8 ./Drivers/BSP/Components/lsm6dso/lsm6dso.o
 .text.LSM6DSO_GYRO_SetOutputDataRate_When_Enabled
                0x0800607c       0xf8 ./Drivers/BSP/Components/lsm6dso/lsm6dso.o
 .text.LSM6DSO_GYRO_SetOutputDataRate_When_Disabled
                0x08006174       0xe4 ./Drivers/BSP/Components/lsm6dso/lsm6dso.o
 .text.ReadRegWrap
                0x08006258       0x36 ./Drivers/BSP/Components/lsm6dso/lsm6dso.o
 .text.WriteRegWrap
                0x0800628e       0x36 ./Drivers/BSP/Components/lsm6dso/lsm6dso.o
 .text.lsm6dso_read_reg
                0x080062c4       0x3c ./Drivers/BSP/Components/lsm6dso/lsm6dso_reg.o
                0x080062c4                lsm6dso_read_reg
 .text.lsm6dso_write_reg
                0x08006300       0x3c ./Drivers/BSP/Components/lsm6dso/lsm6dso_reg.o
                0x08006300                lsm6dso_write_reg
 .text.lsm6dso_xl_full_scale_set
                0x0800633c       0x4c ./Drivers/BSP/Components/lsm6dso/lsm6dso_reg.o
                0x0800633c                lsm6dso_xl_full_scale_set
 .text.lsm6dso_xl_full_scale_get
                0x08006388       0x70 ./Drivers/BSP/Components/lsm6dso/lsm6dso_reg.o
                0x08006388                lsm6dso_xl_full_scale_get
 .text.lsm6dso_xl_data_rate_set
                0x080063f8      0x1f4 ./Drivers/BSP/Components/lsm6dso/lsm6dso_reg.o
                0x080063f8                lsm6dso_xl_data_rate_set
 .text.lsm6dso_xl_data_rate_get
                0x080065ec       0xd0 ./Drivers/BSP/Components/lsm6dso/lsm6dso_reg.o
                0x080065ec                lsm6dso_xl_data_rate_get
 .text.lsm6dso_gy_full_scale_set
                0x080066bc       0x4c ./Drivers/BSP/Components/lsm6dso/lsm6dso_reg.o
                0x080066bc                lsm6dso_gy_full_scale_set
 .text.lsm6dso_gy_full_scale_get
                0x08006708       0x84 ./Drivers/BSP/Components/lsm6dso/lsm6dso_reg.o
                0x08006708                lsm6dso_gy_full_scale_get
 .text.lsm6dso_gy_data_rate_set
                0x0800678c      0x1f4 ./Drivers/BSP/Components/lsm6dso/lsm6dso_reg.o
                0x0800678c                lsm6dso_gy_data_rate_set
 .text.lsm6dso_gy_data_rate_get
                0x08006980       0xc4 ./Drivers/BSP/Components/lsm6dso/lsm6dso_reg.o
                0x08006980                lsm6dso_gy_data_rate_get
 .text.lsm6dso_block_data_update_set
                0x08006a44       0x4c ./Drivers/BSP/Components/lsm6dso/lsm6dso_reg.o
                0x08006a44                lsm6dso_block_data_update_set
 .text.lsm6dso_angular_rate_raw_get
                0x08006a90       0x90 ./Drivers/BSP/Components/lsm6dso/lsm6dso_reg.o
                0x08006a90                lsm6dso_angular_rate_raw_get
 .text.lsm6dso_acceleration_raw_get
                0x08006b20       0x90 ./Drivers/BSP/Components/lsm6dso/lsm6dso_reg.o
                0x08006b20                lsm6dso_acceleration_raw_get
 .text.lsm6dso_mem_bank_set
                0x08006bb0       0x3a ./Drivers/BSP/Components/lsm6dso/lsm6dso_reg.o
                0x08006bb0                lsm6dso_mem_bank_set
 .text.lsm6dso_device_id_get
                0x08006bea       0x22 ./Drivers/BSP/Components/lsm6dso/lsm6dso_reg.o
                0x08006bea                lsm6dso_device_id_get
 .text.lsm6dso_auto_increment_set
                0x08006c0c       0x4c ./Drivers/BSP/Components/lsm6dso/lsm6dso_reg.o
                0x08006c0c                lsm6dso_auto_increment_set
 .text.lsm6dso_i3c_disable_set
                0x08006c58       0x90 ./Drivers/BSP/Components/lsm6dso/lsm6dso_reg.o
                0x08006c58                lsm6dso_i3c_disable_set
 .text.lsm6dso_fifo_mode_set
                0x08006ce8       0x4c ./Drivers/BSP/Components/lsm6dso/lsm6dso_reg.o
                0x08006ce8                lsm6dso_fifo_mode_set
 .text.lsm6dso_fsm_enable_get
                0x08006d34       0x42 ./Drivers/BSP/Components/lsm6dso/lsm6dso_reg.o
                0x08006d34                lsm6dso_fsm_enable_get
 *fill*         0x08006d76        0x2 
 .text.lsm6dso_fsm_data_rate_get
                0x08006d78       0x9c ./Drivers/BSP/Components/lsm6dso/lsm6dso_reg.o
                0x08006d78                lsm6dso_fsm_data_rate_get
 .text.IKS01A3_MOTION_SENSOR_Init
                0x08006e14      0x1f8 ./Drivers/BSP/IKS01A3/iks01a3_motion_sensors.o
                0x08006e14                IKS01A3_MOTION_SENSOR_Init
 .text.IKS01A3_MOTION_SENSOR_Enable
                0x0800700c       0x84 ./Drivers/BSP/IKS01A3/iks01a3_motion_sensors.o
                0x0800700c                IKS01A3_MOTION_SENSOR_Enable
 .text.IKS01A3_MOTION_SENSOR_GetAxes
                0x08007090       0x88 ./Drivers/BSP/IKS01A3/iks01a3_motion_sensors.o
                0x08007090                IKS01A3_MOTION_SENSOR_GetAxes
 .text.IKS01A3_MOTION_SENSOR_SetOutputDataRate
                0x08007118       0x88 ./Drivers/BSP/IKS01A3/iks01a3_motion_sensors.o
                0x08007118                IKS01A3_MOTION_SENSOR_SetOutputDataRate
 .text.IKS01A3_MOTION_SENSOR_SetFullScale
                0x080071a0       0x88 ./Drivers/BSP/IKS01A3/iks01a3_motion_sensors.o
                0x080071a0                IKS01A3_MOTION_SENSOR_SetFullScale
 .text.LSM6DSO_0_Probe
                0x08007228      0x194 ./Drivers/BSP/IKS01A3/iks01a3_motion_sensors.o
 .text.LIS2DW12_0_Probe
                0x080073bc      0x150 ./Drivers/BSP/IKS01A3/iks01a3_motion_sensors.o
 .text.LIS2MDL_0_Probe
                0x0800750c      0x150 ./Drivers/BSP/IKS01A3/iks01a3_motion_sensors.o
 .text.HAL_Init
                0x0800765c       0x30 ./Drivers/STM32L1xx_HAL_Driver/Src/stm32l1xx_hal.o
                0x0800765c                HAL_Init
 .text.HAL_InitTick
                0x0800768c       0x74 ./Drivers/STM32L1xx_HAL_Driver/Src/stm32l1xx_hal.o
                0x0800768c                HAL_InitTick
 .text.HAL_IncTick
                0x08007700       0x24 ./Drivers/STM32L1xx_HAL_Driver/Src/stm32l1xx_hal.o
                0x08007700                HAL_IncTick
 .text.HAL_GetTick
                0x08007724       0x14 ./Drivers/STM32L1xx_HAL_Driver/Src/stm32l1xx_hal.o
                0x08007724                HAL_GetTick
 .text.HAL_Delay
                0x08007738       0x44 ./Drivers/STM32L1xx_HAL_Driver/Src/stm32l1xx_hal.o
                0x08007738                HAL_Delay
 .text.__NVIC_SetPriorityGrouping
                0x0800777c       0x48 ./Drivers/STM32L1xx_HAL_Driver/Src/stm32l1xx_hal_cortex.o
 .text.__NVIC_GetPriorityGrouping
                0x080077c4       0x1c ./Drivers/STM32L1xx_HAL_Driver/Src/stm32l1xx_hal_cortex.o
 .text.__NVIC_EnableIRQ
                0x080077e0       0x38 ./Drivers/STM32L1xx_HAL_Driver/Src/stm32l1xx_hal_cortex.o
 .text.__NVIC_SetPriority
                0x08007818       0x54 ./Drivers/STM32L1xx_HAL_Driver/Src/stm32l1xx_hal_cortex.o
 .text.NVIC_EncodePriority
                0x0800786c       0x64 ./Drivers/STM32L1xx_HAL_Driver/Src/stm32l1xx_hal_cortex.o
 .text.SysTick_Config
                0x080078d0       0x44 ./Drivers/STM32L1xx_HAL_Driver/Src/stm32l1xx_hal_cortex.o
 .text.HAL_NVIC_SetPriorityGrouping
                0x08007914       0x16 ./Drivers/STM32L1xx_HAL_Driver/Src/stm32l1xx_hal_cortex.o
                0x08007914                HAL_NVIC_SetPriorityGrouping
 .text.HAL_NVIC_SetPriority
                0x0800792a       0x38 ./Drivers/STM32L1xx_HAL_Driver/Src/stm32l1xx_hal_cortex.o
                0x0800792a                HAL_NVIC_SetPriority
 .text.HAL_NVIC_EnableIRQ
                0x08007962       0x1c ./Drivers/STM32L1xx_HAL_Driver/Src/stm32l1xx_hal_cortex.o
                0x08007962                HAL_NVIC_EnableIRQ
 .text.HAL_SYSTICK_Config
                0x0800797e       0x18 ./Drivers/STM32L1xx_HAL_Driver/Src/stm32l1xx_hal_cortex.o
                0x0800797e                HAL_SYSTICK_Config
 .text.HAL_DMA_Abort_IT
                0x08007996       0x82 ./Drivers/STM32L1xx_HAL_Driver/Src/stm32l1xx_hal_dma.o
                0x08007996                HAL_DMA_Abort_IT
 .text.HAL_GPIO_Init
                0x08007a18      0x320 ./Drivers/STM32L1xx_HAL_Driver/Src/stm32l1xx_hal_gpio.o
                0x08007a18                HAL_GPIO_Init
 .text.HAL_GPIO_DeInit
                0x08007d38      0x1e0 ./Drivers/STM32L1xx_HAL_Driver/Src/stm32l1xx_hal_gpio.o
                0x08007d38                HAL_GPIO_DeInit
 .text.HAL_GPIO_WritePin
                0x08007f18       0x30 ./Drivers/STM32L1xx_HAL_Driver/Src/stm32l1xx_hal_gpio.o
                0x08007f18                HAL_GPIO_WritePin
 .text.HAL_GPIO_EXTI_IRQHandler
                0x08007f48       0x30 ./Drivers/STM32L1xx_HAL_Driver/Src/stm32l1xx_hal_gpio.o
                0x08007f48                HAL_GPIO_EXTI_IRQHandler
 .text.HAL_I2C_Init
                0x08007f78      0x288 ./Drivers/STM32L1xx_HAL_Driver/Src/stm32l1xx_hal_i2c.o
                0x08007f78                HAL_I2C_Init
 .text.HAL_I2C_DeInit
                0x08008200       0x5e ./Drivers/STM32L1xx_HAL_Driver/Src/stm32l1xx_hal_i2c.o
                0x08008200                HAL_I2C_DeInit
 .text.HAL_I2C_MspInit
                0x0800825e       0x12 ./Drivers/STM32L1xx_HAL_Driver/Src/stm32l1xx_hal_i2c.o
                0x0800825e                HAL_I2C_MspInit
 .text.HAL_I2C_MspDeInit
                0x08008270       0x12 ./Drivers/STM32L1xx_HAL_Driver/Src/stm32l1xx_hal_i2c.o
                0x08008270                HAL_I2C_MspDeInit
 *fill*         0x08008282        0x2 
 .text.HAL_I2C_Mem_Write
                0x08008284      0x1f4 ./Drivers/STM32L1xx_HAL_Driver/Src/stm32l1xx_hal_i2c.o
                0x08008284                HAL_I2C_Mem_Write
 .text.HAL_I2C_Mem_Read
                0x08008478      0x464 ./Drivers/STM32L1xx_HAL_Driver/Src/stm32l1xx_hal_i2c.o
                0x08008478                HAL_I2C_Mem_Read
 .text.HAL_I2C_GetState
                0x080088dc       0x1a ./Drivers/STM32L1xx_HAL_Driver/Src/stm32l1xx_hal_i2c.o
                0x080088dc                HAL_I2C_GetState
 .text.HAL_I2C_GetError
                0x080088f6       0x16 ./Drivers/STM32L1xx_HAL_Driver/Src/stm32l1xx_hal_i2c.o
                0x080088f6                HAL_I2C_GetError
 .text.I2C_RequestMemoryWrite
                0x0800890c      0x12c ./Drivers/STM32L1xx_HAL_Driver/Src/stm32l1xx_hal_i2c.o
 .text.I2C_RequestMemoryRead
                0x08008a38      0x1d0 ./Drivers/STM32L1xx_HAL_Driver/Src/stm32l1xx_hal_i2c.o
 .text.I2C_WaitOnFlagUntilTimeout
                0x08008c08       0xf4 ./Drivers/STM32L1xx_HAL_Driver/Src/stm32l1xx_hal_i2c.o
 .text.I2C_WaitOnMasterAddressFlagUntilTimeout
                0x08008cfc      0x140 ./Drivers/STM32L1xx_HAL_Driver/Src/stm32l1xx_hal_i2c.o
 .text.I2C_WaitOnTXEFlagUntilTimeout
                0x08008e3c       0x90 ./Drivers/STM32L1xx_HAL_Driver/Src/stm32l1xx_hal_i2c.o
 .text.I2C_WaitOnBTFFlagUntilTimeout
                0x08008ecc       0x90 ./Drivers/STM32L1xx_HAL_Driver/Src/stm32l1xx_hal_i2c.o
 .text.I2C_WaitOnRXNEFlagUntilTimeout
                0x08008f5c       0xba ./Drivers/STM32L1xx_HAL_Driver/Src/stm32l1xx_hal_i2c.o
 .text.I2C_IsAcknowledgeFailed
                0x08009016       0x5c ./Drivers/STM32L1xx_HAL_Driver/Src/stm32l1xx_hal_i2c.o
 *fill*         0x08009072        0x2 
 .text.HAL_RCC_OscConfig
                0x08009074      0x660 ./Drivers/STM32L1xx_HAL_Driver/Src/stm32l1xx_hal_rcc.o
                0x08009074                HAL_RCC_OscConfig
 .text.HAL_RCC_ClockConfig
                0x080096d4      0x268 ./Drivers/STM32L1xx_HAL_Driver/Src/stm32l1xx_hal_rcc.o
                0x080096d4                HAL_RCC_ClockConfig
 .text.HAL_RCC_GetSysClockFreq
                0x0800993c      0x200 ./Drivers/STM32L1xx_HAL_Driver/Src/stm32l1xx_hal_rcc.o
                0x0800993c                HAL_RCC_GetSysClockFreq
 .text.HAL_RCC_GetHCLKFreq
                0x08009b3c       0x14 ./Drivers/STM32L1xx_HAL_Driver/Src/stm32l1xx_hal_rcc.o
                0x08009b3c                HAL_RCC_GetHCLKFreq
 .text.HAL_RCC_GetPCLK1Freq
                0x08009b50       0x28 ./Drivers/STM32L1xx_HAL_Driver/Src/stm32l1xx_hal_rcc.o
                0x08009b50                HAL_RCC_GetPCLK1Freq
 .text.HAL_RCC_GetPCLK2Freq
                0x08009b78       0x28 ./Drivers/STM32L1xx_HAL_Driver/Src/stm32l1xx_hal_rcc.o
                0x08009b78                HAL_RCC_GetPCLK2Freq
 .text.RCC_SetFlashLatencyFromMSIRange
                0x08009ba0       0xc0 ./Drivers/STM32L1xx_HAL_Driver/Src/stm32l1xx_hal_rcc.o
 .text.HAL_SPI_Init
                0x08009c60      0x112 ./Drivers/STM32L1xx_HAL_Driver/Src/stm32l1xx_hal_spi.o
                0x08009c60                HAL_SPI_Init
 .text.HAL_SPI_Transmit
                0x08009d72      0x288 ./Drivers/STM32L1xx_HAL_Driver/Src/stm32l1xx_hal_spi.o
                0x08009d72                HAL_SPI_Transmit
 *fill*         0x08009ffa        0x2 
 .text.HAL_SPI_IRQHandler
                0x08009ffc      0x200 ./Drivers/STM32L1xx_HAL_Driver/Src/stm32l1xx_hal_spi.o
                0x08009ffc                HAL_SPI_IRQHandler
 .text.HAL_SPI_ErrorCallback
                0x0800a1fc       0x12 ./Drivers/STM32L1xx_HAL_Driver/Src/stm32l1xx_hal_spi.o
                0x0800a1fc                HAL_SPI_ErrorCallback
 .text.SPI_DMAAbortOnError
                0x0800a20e       0x28 ./Drivers/STM32L1xx_HAL_Driver/Src/stm32l1xx_hal_spi.o
 *fill*         0x0800a236        0x2 
 .text.SPI_WaitFlagStateUntilTimeout
                0x0800a238      0x110 ./Drivers/STM32L1xx_HAL_Driver/Src/stm32l1xx_hal_spi.o
 .text.SPI_EndRxTxTransaction
                0x0800a348       0xa8 ./Drivers/STM32L1xx_HAL_Driver/Src/stm32l1xx_hal_spi.o
 .text.HAL_TIM_Base_Init
                0x0800a3f0       0x7e ./Drivers/STM32L1xx_HAL_Driver/Src/stm32l1xx_hal_tim.o
                0x0800a3f0                HAL_TIM_Base_Init
 *fill*         0x0800a46e        0x2 
 .text.HAL_TIM_Base_Start_IT
                0x0800a470       0xa4 ./Drivers/STM32L1xx_HAL_Driver/Src/stm32l1xx_hal_tim.o
                0x0800a470                HAL_TIM_Base_Start_IT
 .text.HAL_TIM_Base_Stop_IT
                0x0800a514       0x4c ./Drivers/STM32L1xx_HAL_Driver/Src/stm32l1xx_hal_tim.o
                0x0800a514                HAL_TIM_Base_Stop_IT
 .text.HAL_TIM_IRQHandler
                0x0800a560      0x198 ./Drivers/STM32L1xx_HAL_Driver/Src/stm32l1xx_hal_tim.o
                0x0800a560                HAL_TIM_IRQHandler
 .text.HAL_TIM_OC_DelayElapsedCallback
                0x0800a6f8       0x12 ./Drivers/STM32L1xx_HAL_Driver/Src/stm32l1xx_hal_tim.o
                0x0800a6f8                HAL_TIM_OC_DelayElapsedCallback
 .text.HAL_TIM_IC_CaptureCallback
                0x0800a70a       0x12 ./Drivers/STM32L1xx_HAL_Driver/Src/stm32l1xx_hal_tim.o
                0x0800a70a                HAL_TIM_IC_CaptureCallback
 .text.HAL_TIM_PWM_PulseFinishedCallback
                0x0800a71c       0x12 ./Drivers/STM32L1xx_HAL_Driver/Src/stm32l1xx_hal_tim.o
                0x0800a71c                HAL_TIM_PWM_PulseFinishedCallback
 .text.HAL_TIM_TriggerCallback
                0x0800a72e       0x12 ./Drivers/STM32L1xx_HAL_Driver/Src/stm32l1xx_hal_tim.o
                0x0800a72e                HAL_TIM_TriggerCallback
 .text.TIM_Base_SetConfig
                0x0800a740       0xec ./Drivers/STM32L1xx_HAL_Driver/Src/stm32l1xx_hal_tim.o
 .text.HAL_TIMEx_MasterConfigSynchronization
                0x0800a82c       0xbc ./Drivers/STM32L1xx_HAL_Driver/Src/stm32l1xx_hal_tim_ex.o
                0x0800a82c                HAL_TIMEx_MasterConfigSynchronization
 .text.HAL_UART_Init
                0x0800a8e8       0xa0 ./Drivers/STM32L1xx_HAL_Driver/Src/stm32l1xx_hal_uart.o
                0x0800a8e8                HAL_UART_Init
 .text.HAL_UART_Transmit
                0x0800a988      0x116 ./Drivers/STM32L1xx_HAL_Driver/Src/stm32l1xx_hal_uart.o
                0x0800a988                HAL_UART_Transmit
 .text.UART_WaitOnFlagUntilTimeout
                0x0800aa9e       0xb2 ./Drivers/STM32L1xx_HAL_Driver/Src/stm32l1xx_hal_uart.o
 .text.UART_EndRxTransfer
                0x0800ab50       0xc4 ./Drivers/STM32L1xx_HAL_Driver/Src/stm32l1xx_hal_uart.o
 .text.UART_SetConfig
                0x0800ac14      0x1c8 ./Drivers/STM32L1xx_HAL_Driver/Src/stm32l1xx_hal_uart.o
 .text.SPI_CS_High
                0x0800addc       0x18 ./Drivers/display/max7219_Yncrea2.o
                0x0800addc                SPI_CS_High
 .text.SPI_CS_Low
                0x0800adf4       0x18 ./Drivers/display/max7219_Yncrea2.o
                0x0800adf4                SPI_CS_Low
 .text.MAX7219_Init
                0x0800ae0c       0x2a ./Drivers/display/max7219_Yncrea2.o
                0x0800ae0c                MAX7219_Init
 .text.MAX7219_ShutdownStop
                0x0800ae36       0x10 ./Drivers/display/max7219_Yncrea2.o
                0x0800ae36                MAX7219_ShutdownStop
 .text.MAX7219_DisplayTestStart
                0x0800ae46       0x10 ./Drivers/display/max7219_Yncrea2.o
                0x0800ae46                MAX7219_DisplayTestStart
 .text.MAX7219_DisplayTestStop
                0x0800ae56       0x10 ./Drivers/display/max7219_Yncrea2.o
                0x0800ae56                MAX7219_DisplayTestStop
 .text.MAX7219_SetBrightness
                0x0800ae66       0x24 ./Drivers/display/max7219_Yncrea2.o
                0x0800ae66                MAX7219_SetBrightness
 .text.MAX7219_Clear
                0x0800ae8a       0x2c ./Drivers/display/max7219_Yncrea2.o
                0x0800ae8a                MAX7219_Clear
 .text.MAX7219_DisplayChar
                0x0800aeb6       0x2e ./Drivers/display/max7219_Yncrea2.o
                0x0800aeb6                MAX7219_DisplayChar
 .text.MAX7219_LookupCode
                0x0800aee4       0x4c ./Drivers/display/max7219_Yncrea2.o
 .text.MAX7219_Write
                0x0800af30       0x34 ./Drivers/display/max7219_Yncrea2.o
 .text.MAX7219_SendByte
                0x0800af64       0x24 ./Drivers/display/max7219_Yncrea2.o
 .text.__cvt    0x0800af88       0xc8 /Applications/STM32CubeIDE.app/Contents/Eclipse/plugins/com.st.stm32cube.ide.mcu.externaltools.gnu-tools-for-stm32.14.3.rel1.macosaarch64_1.0.0.202602081740/tools/bin/../lib/gcc/arm-none-eabi/14.3.1/../../../../arm-none-eabi/lib/thumb/v7-m/nofp/libc_nano.a(libc_a-nano-vfprintf_float.o)
                0x0800af88                __cvt
 .text.__exponent
                0x0800b050       0x74 /Applications/STM32CubeIDE.app/Contents/Eclipse/plugins/com.st.stm32cube.ide.mcu.externaltools.gnu-tools-for-stm32.14.3.rel1.macosaarch64_1.0.0.202602081740/tools/bin/../lib/gcc/arm-none-eabi/14.3.1/../../../../arm-none-eabi/lib/thumb/v7-m/nofp/libc_nano.a(libc_a-nano-vfprintf_float.o)
                0x0800b050                __exponent
 .text._printf_float
                0x0800b0c4      0x458 /Applications/STM32CubeIDE.app/Contents/Eclipse/plugins/com.st.stm32cube.ide.mcu.externaltools.gnu-tools-for-stm32.14.3.rel1.macosaarch64_1.0.0.202602081740/tools/bin/../lib/gcc/arm-none-eabi/14.3.1/../../../../arm-none-eabi/lib/thumb/v7-m/nofp/libc_nano.a(libc_a-nano-vfprintf_float.o)
                0x0800b0c4                _printf_float
 .text._printf_common
                0x0800b51c       0xe4 /Applications/STM32CubeIDE.app/Contents/Eclipse/plugins/com.st.stm32cube.ide.mcu.externaltools.gnu-tools-for-stm32.14.3.rel1.macosaarch64_1.0.0.202602081740/tools/bin/../lib/gcc/arm-none-eabi/14.3.1/../../../../arm-none-eabi/lib/thumb/v7-m/nofp/libc_nano.a(libc_a-nano-vfprintf_i.o)
                0x0800b51c                _printf_common
 .text._printf_i
                0x0800b600      0x24c /Applications/STM32CubeIDE.app/Contents/Eclipse/plugins/com.st.stm32cube.ide.mcu.externaltools.gnu-tools-for-stm32.14.3.rel1.macosaarch64_1.0.0.202602081740/tools/bin/../lib/gcc/arm-none-eabi/14.3.1/../../../../arm-none-eabi/lib/thumb/v7-m/nofp/libc_nano.a(libc_a-nano-vfprintf_i.o)
                0x0800b600                _printf_i
 .text.snprintf
                0x0800b84c       0x6c /Applications/STM32CubeIDE.app/Contents/Eclipse/plugins/com.st.stm32cube.ide.mcu.externaltools.gnu-tools-for-stm32.14.3.rel1.macosaarch64_1.0.0.202602081740/tools/bin/../lib/gcc/arm-none-eabi/14.3.1/../../../../arm-none-eabi/lib/thumb/v7-m/nofp/libc_nano.a(libc_a-snprintf.o)
                0x0800b84c                snprintf
                0x0800b84c                sniprintf
 .text.srand    0x0800b8b8       0x5c /Applications/STM32CubeIDE.app/Contents/Eclipse/plugins/com.st.stm32cube.ide.mcu.externaltools.gnu-tools-for-stm32.14.3.rel1.macosaarch64_1.0.0.202602081740/tools/bin/../lib/gcc/arm-none-eabi/14.3.1/../../../../arm-none-eabi/lib/thumb/v7-m/nofp/libc_nano.a(libc_a-rand.o)
                0x0800b8b8                srand
 .text.rand     0x0800b914       0x7c /Applications/STM32CubeIDE.app/Contents/Eclipse/plugins/com.st.stm32cube.ide.mcu.externaltools.gnu-tools-for-stm32.14.3.rel1.macosaarch64_1.0.0.202602081740/tools/bin/../lib/gcc/arm-none-eabi/14.3.1/../../../../arm-none-eabi/lib/thumb/v7-m/nofp/libc_nano.a(libc_a-rand.o)
                0x0800b914                rand
 .text.std      0x0800b990       0x6c /Applications/STM32CubeIDE.app/Contents/Eclipse/plugins/com.st.stm32cube.ide.mcu.externaltools.gnu-tools-for-stm32.14.3.rel1.macosaarch64_1.0.0.202602081740/tools/bin/../lib/gcc/arm-none-eabi/14.3.1/../../../../arm-none-eabi/lib/thumb/v7-m/nofp/libc_nano.a(libc_a-findfp.o)
 .text.stdio_exit_handler
                0x0800b9fc       0x18 /Applications/STM32CubeIDE.app/Contents/Eclipse/plugins/com.st.stm32cube.ide.mcu.externaltools.gnu-tools-for-stm32.14.3.rel1.macosaarch64_1.0.0.202602081740/tools/bin/../lib/gcc/arm-none-eabi/14.3.1/../../../../arm-none-eabi/lib/thumb/v7-m/nofp/libc_nano.a(libc_a-findfp.o)
 .text.cleanup_stdio
                0x0800ba14       0x40 /Applications/STM32CubeIDE.app/Contents/Eclipse/plugins/com.st.stm32cube.ide.mcu.externaltools.gnu-tools-for-stm32.14.3.rel1.macosaarch64_1.0.0.202602081740/tools/bin/../lib/gcc/arm-none-eabi/14.3.1/../../../../arm-none-eabi/lib/thumb/v7-m/nofp/libc_nano.a(libc_a-findfp.o)
 .text.global_stdio_init.part.0
                0x0800ba54       0x40 /Applications/STM32CubeIDE.app/Contents/Eclipse/plugins/com.st.stm32cube.ide.mcu.externaltools.gnu-tools-for-stm32.14.3.rel1.macosaarch64_1.0.0.202602081740/tools/bin/../lib/gcc/arm-none-eabi/14.3.1/../../../../arm-none-eabi/lib/thumb/v7-m/nofp/libc_nano.a(libc_a-findfp.o)
 .text.__sfp_lock_acquire
                0x0800ba94        0xc /Applications/STM32CubeIDE.app/Contents/Eclipse/plugins/com.st.stm32cube.ide.mcu.externaltools.gnu-tools-for-stm32.14.3.rel1.macosaarch64_1.0.0.202602081740/tools/bin/../lib/gcc/arm-none-eabi/14.3.1/../../../../arm-none-eabi/lib/thumb/v7-m/nofp/libc_nano.a(libc_a-findfp.o)
                0x0800ba94                __sfp_lock_acquire
 .text.__sfp_lock_release
                0x0800baa0        0xc /Applications/STM32CubeIDE.app/Contents/Eclipse/plugins/com.st.stm32cube.ide.mcu.externaltools.gnu-tools-for-stm32.14.3.rel1.macosaarch64_1.0.0.202602081740/tools/bin/../lib/gcc/arm-none-eabi/14.3.1/../../../../arm-none-eabi/lib/thumb/v7-m/nofp/libc_nano.a(libc_a-findfp.o)
                0x0800baa0                __sfp_lock_release
 .text.__sinit  0x0800baac       0x30 /Applications/STM32CubeIDE.app/Contents/Eclipse/plugins/com.st.stm32cube.ide.mcu.externaltools.gnu-tools-for-stm32.14.3.rel1.macosaarch64_1.0.0.202602081740/tools/bin/../lib/gcc/arm-none-eabi/14.3.1/../../../../arm-none-eabi/lib/thumb/v7-m/nofp/libc_nano.a(libc_a-findfp.o)
                0x0800baac                __sinit
 .text._fwalk_sglue
                0x0800badc       0x3c /Applications/STM32CubeIDE.app/Contents/Eclipse/plugins/com.st.stm32cube.ide.mcu.externaltools.gnu-tools-for-stm32.14.3.rel1.macosaarch64_1.0.0.202602081740/tools/bin/../lib/gcc/arm-none-eabi/14.3.1/../../../../arm-none-eabi/lib/thumb/v7-m/nofp/libc_nano.a(libc_a-fwalk.o)
                0x0800badc                _fwalk_sglue
 .text.printf   0x0800bb18       0x24 /Applications/STM32CubeIDE.app/Contents/Eclipse/plugins/com.st.stm32cube.ide.mcu.externaltools.gnu-tools-for-stm32.14.3.rel1.macosaarch64_1.0.0.202602081740/tools/bin/../lib/gcc/arm-none-eabi/14.3.1/../../../../arm-none-eabi/lib/thumb/v7-m/nofp/libc_nano.a(libc_a-printf.o)
                0x0800bb18                printf
                0x0800bb18                iprintf
 .text._puts_r  0x0800bb3c       0xaa /Applications/STM32CubeIDE.app/Contents/Eclipse/plugins/com.st.stm32cube.ide.mcu.externaltools.gnu-tools-for-stm32.14.3.rel1.macosaarch64_1.0.0.202602081740/tools/bin/../lib/gcc/arm-none-eabi/14.3.1/../../../../arm-none-eabi/lib/thumb/v7-m/nofp/libc_nano.a(libc_a-puts.o)
                0x0800bb3c                _puts_r
 *fill*         0x0800bbe6        0x2 
 .text.puts     0x0800bbe8       0x10 /Applications/STM32CubeIDE.app/Contents/Eclipse/plugins/com.st.stm32cube.ide.mcu.externaltools.gnu-tools-for-stm32.14.3.rel1.macosaarch64_1.0.0.202602081740/tools/bin/../lib/gcc/arm-none-eabi/14.3.1/../../../../arm-none-eabi/lib/thumb/v7-m/nofp/libc_nano.a(libc_a-puts.o)
                0x0800bbe8                puts
 .text.memset   0x0800bbf8       0x10 /Applications/STM32CubeIDE.app/Contents/Eclipse/plugins/com.st.stm32cube.ide.mcu.externaltools.gnu-tools-for-stm32.14.3.rel1.macosaarch64_1.0.0.202602081740/tools/bin/../lib/gcc/arm-none-eabi/14.3.1/../../../../arm-none-eabi/lib/thumb/v7-m/nofp/libc_nano.a(libc_a-memset.o)
                0x0800bbf8                memset
 .text.__errno  0x0800bc08        0xc /Applications/STM32CubeIDE.app/Contents/Eclipse/plugins/com.st.stm32cube.ide.mcu.externaltools.gnu-tools-for-stm32.14.3.rel1.macosaarch64_1.0.0.202602081740/tools/bin/../lib/gcc/arm-none-eabi/14.3.1/../../../../arm-none-eabi/lib/thumb/v7-m/nofp/libc_nano.a(libc_a-errno.o)
                0x0800bc08                __errno
 .text.__libc_init_array
                0x0800bc14       0x48 /Applications/STM32CubeIDE.app/Contents/Eclipse/plugins/com.st.stm32cube.ide.mcu.externaltools.gnu-tools-for-stm32.14.3.rel1.macosaarch64_1.0.0.202602081740/tools/bin/../lib/gcc/arm-none-eabi/14.3.1/../../../../arm-none-eabi/lib/thumb/v7-m/nofp/libc_nano.a(libc_a-init.o)
                0x0800bc14                __libc_init_array
 .text.__retarget_lock_init_recursive
                0x0800bc5c        0x2 /Applications/STM32CubeIDE.app/Contents/Eclipse/plugins/com.st.stm32cube.ide.mcu.externaltools.gnu-tools-for-stm32.14.3.rel1.macosaarch64_1.0.0.202602081740/tools/bin/../lib/gcc/arm-none-eabi/14.3.1/../../../../arm-none-eabi/lib/thumb/v7-m/nofp/libc_nano.a(libc_a-lock.o)
                0x0800bc5c                __retarget_lock_init_recursive
 .text.__retarget_lock_acquire_recursive
                0x0800bc5e        0x2 /Applications/STM32CubeIDE.app/Contents/Eclipse/plugins/com.st.stm32cube.ide.mcu.externaltools.gnu-tools-for-stm32.14.3.rel1.macosaarch64_1.0.0.202602081740/tools/bin/../lib/gcc/arm-none-eabi/14.3.1/../../../../arm-none-eabi/lib/thumb/v7-m/nofp/libc_nano.a(libc_a-lock.o)
                0x0800bc5e                __retarget_lock_acquire_recursive
 .text.__retarget_lock_release_recursive
                0x0800bc60        0x2 /Applications/STM32CubeIDE.app/Contents/Eclipse/plugins/com.st.stm32cube.ide.mcu.externaltools.gnu-tools-for-stm32.14.3.rel1.macosaarch64_1.0.0.202602081740/tools/bin/../lib/gcc/arm-none-eabi/14.3.1/../../../../arm-none-eabi/lib/thumb/v7-m/nofp/libc_nano.a(libc_a-lock.o)
                0x0800bc60                __retarget_lock_release_recursive
 *fill*         0x0800bc62        0x2 
 .text._localeconv_r
                0x0800bc64        0x8 /Applications/STM32CubeIDE.app/Contents/Eclipse/plugins/com.st.stm32cube.ide.mcu.externaltools.gnu-tools-for-stm32.14.3.rel1.macosaarch64_1.0.0.202602081740/tools/bin/../lib/gcc/arm-none-eabi/14.3.1/../../../../arm-none-eabi/lib/thumb/v7-m/nofp/libc_nano.a(libc_a-localeconv.o)
                0x0800bc64                _localeconv_r
 .text.memchr   0x0800bc6c       0x1c /Applications/STM32CubeIDE.app/Contents/Eclipse/plugins/com.st.stm32cube.ide.mcu.externaltools.gnu-tools-for-stm32.14.3.rel1.macosaarch64_1.0.0.202602081740/tools/bin/../lib/gcc/arm-none-eabi/14.3.1/../../../../arm-none-eabi/lib/thumb/v7-m/nofp/libc_nano.a(libc_a-memchr-stub.o)
                0x0800bc6c                memchr
 .text.__assert_func
                0x0800bc88       0x3c /Applications/STM32CubeIDE.app/Contents/Eclipse/plugins/com.st.stm32cube.ide.mcu.externaltools.gnu-tools-for-stm32.14.3.rel1.macosaarch64_1.0.0.202602081740/tools/bin/../lib/gcc/arm-none-eabi/14.3.1/../../../../arm-none-eabi/lib/thumb/v7-m/nofp/libc_nano.a(libc_a-assert.o)
                0x0800bc88                __assert_func
 .text.quorem   0x0800bcc4      0x110 /Applications/STM32CubeIDE.app/Contents/Eclipse/plugins/com.st.stm32cube.ide.mcu.externaltools.gnu-tools-for-stm32.14.3.rel1.macosaarch64_1.0.0.202602081740/tools/bin/../lib/gcc/arm-none-eabi/14.3.1/../../../../arm-none-eabi/lib/thumb/v7-m/nofp/libc_nano.a(libc_a-dtoa.o)
 *fill*         0x0800bdd4        0x4 
 .text._dtoa_r  0x0800bdd8      0xbcc /Applications/STM32CubeIDE.app/Contents/Eclipse/plugins/com.st.stm32cube.ide.mcu.externaltools.gnu-tools-for-stm32.14.3.rel1.macosaarch64_1.0.0.202602081740/tools/bin/../lib/gcc/arm-none-eabi/14.3.1/../../../../arm-none-eabi/lib/thumb/v7-m/nofp/libc_nano.a(libc_a-dtoa.o)
                0x0800bdd8                _dtoa_r
 .text.__ssputs_r
                0x0800c9a4       0xc0 /Applications/STM32CubeIDE.app/Contents/Eclipse/plugins/com.st.stm32cube.ide.mcu.externaltools.gnu-tools-for-stm32.14.3.rel1.macosaarch64_1.0.0.202602081740/tools/bin/../lib/gcc/arm-none-eabi/14.3.1/../../../../arm-none-eabi/lib/thumb/v7-m/nofp/libc_nano.a(libc_a-nano-svfprintf.o)
                0x0800c9a4                __ssputs_r
 .text._svfprintf_r
                0x0800ca64      0x1f0 /Applications/STM32CubeIDE.app/Contents/Eclipse/plugins/com.st.stm32cube.ide.mcu.externaltools.gnu-tools-for-stm32.14.3.rel1.macosaarch64_1.0.0.202602081740/tools/bin/../lib/gcc/arm-none-eabi/14.3.1/../../../../arm-none-eabi/lib/thumb/v7-m/nofp/libc_nano.a(libc_a-nano-svfprintf.o)
                0x0800ca64                _svfprintf_r
                0x0800ca64                _svfiprintf_r
 .text.__sfputc_r
                0x0800cc54       0x2a /Applications/STM32CubeIDE.app/Contents/Eclipse/plugins/com.st.stm32cube.ide.mcu.externaltools.gnu-tools-for-stm32.14.3.rel1.macosaarch64_1.0.0.202602081740/tools/bin/../lib/gcc/arm-none-eabi/14.3.1/../../../../arm-none-eabi/lib/thumb/v7-m/nofp/libc_nano.a(libc_a-nano-vfprintf.o)
 .text.__sfputs_r
                0x0800cc7e       0x24 /Applications/STM32CubeIDE.app/Contents/Eclipse/plugins/com.st.stm32cube.ide.mcu.externaltools.gnu-tools-for-stm32.14.3.rel1.macosaarch64_1.0.0.202602081740/tools/bin/../lib/gcc/arm-none-eabi/14.3.1/../../../../arm-none-eabi/lib/thumb/v7-m/nofp/libc_nano.a(libc_a-nano-vfprintf.o)
                0x0800cc7e                __sfputs_r
 *fill*         0x0800cca2        0x2 
 .text._vfprintf_r
                0x0800cca4      0x228 /Applications/STM32CubeIDE.app/Contents/Eclipse/plugins/com.st.stm32cube.ide.mcu.externaltools.gnu-tools-for-stm32.14.3.rel1.macosaarch64_1.0.0.202602081740/tools/bin/../lib/gcc/arm-none-eabi/14.3.1/../../../../arm-none-eabi/lib/thumb/v7-m/nofp/libc_nano.a(libc_a-nano-vfprintf.o)
                0x0800cca4                _vfiprintf_r
                0x0800cca4                _vfprintf_r
 .text.malloc   0x0800cecc       0x10 /Applications/STM32CubeIDE.app/Contents/Eclipse/plugins/com.st.stm32cube.ide.mcu.externaltools.gnu-tools-for-stm32.14.3.rel1.macosaarch64_1.0.0.202602081740/tools/bin/../lib/gcc/arm-none-eabi/14.3.1/../../../../arm-none-eabi/lib/thumb/v7-m/nofp/libc_nano.a(libc_a-malloc.o)
                0x0800cecc                malloc
 .text.sbrk_aligned
                0x0800cedc       0x44 /Applications/STM32CubeIDE.app/Contents/Eclipse/plugins/com.st.stm32cube.ide.mcu.externaltools.gnu-tools-for-stm32.14.3.rel1.macosaarch64_1.0.0.202602081740/tools/bin/../lib/gcc/arm-none-eabi/14.3.1/../../../../arm-none-eabi/lib/thumb/v7-m/nofp/libc_nano.a(libc_a-mallocr.o)
 .text._malloc_r
                0x0800cf20      0x100 /Applications/STM32CubeIDE.app/Contents/Eclipse/plugins/com.st.stm32cube.ide.mcu.externaltools.gnu-tools-for-stm32.14.3.rel1.macosaarch64_1.0.0.202602081740/tools/bin/../lib/gcc/arm-none-eabi/14.3.1/../../../../arm-none-eabi/lib/thumb/v7-m/nofp/libc_nano.a(libc_a-mallocr.o)
                0x0800cf20                _malloc_r
 .text.__sflush_r
                0x0800d020       0xfc /Applications/STM32CubeIDE.app/Contents/Eclipse/plugins/com.st.stm32cube.ide.mcu.externaltools.gnu-tools-for-stm32.14.3.rel1.macosaarch64_1.0.0.202602081740/tools/bin/../lib/gcc/arm-none-eabi/14.3.1/../../../../arm-none-eabi/lib/thumb/v7-m/nofp/libc_nano.a(libc_a-fflush.o)
                0x0800d020                __sflush_r
 .text._fflush_r
                0x0800d11c       0x50 /Applications/STM32CubeIDE.app/Contents/Eclipse/plugins/com.st.stm32cube.ide.mcu.externaltools.gnu-tools-for-stm32.14.3.rel1.macosaarch64_1.0.0.202602081740/tools/bin/../lib/gcc/arm-none-eabi/14.3.1/../../../../arm-none-eabi/lib/thumb/v7-m/nofp/libc_nano.a(libc_a-fflush.o)
                0x0800d11c                _fflush_r
 .text.__malloc_lock
                0x0800d16c        0xc /Applications/STM32CubeIDE.app/Contents/Eclipse/plugins/com.st.stm32cube.ide.mcu.externaltools.gnu-tools-for-stm32.14.3.rel1.macosaarch64_1.0.0.202602081740/tools/bin/../lib/gcc/arm-none-eabi/14.3.1/../../../../arm-none-eabi/lib/thumb/v7-m/nofp/libc_nano.a(libc_a-mlock.o)
                0x0800d16c                __malloc_lock
 .text.__malloc_unlock
                0x0800d178        0xc /Applications/STM32CubeIDE.app/Contents/Eclipse/plugins/com.st.stm32cube.ide.mcu.externaltools.gnu-tools-for-stm32.14.3.rel1.macosaarch64_1.0.0.202602081740/tools/bin/../lib/gcc/arm-none-eabi/14.3.1/../../../../arm-none-eabi/lib/thumb/v7-m/nofp/libc_nano.a(libc_a-mlock.o)
                0x0800d178                __malloc_unlock
 .text._Balloc  0x0800d184       0x7c /Applications/STM32CubeIDE.app/Contents/Eclipse/plugins/com.st.stm32cube.ide.mcu.externaltools.gnu-tools-for-stm32.14.3.rel1.macosaarch64_1.0.0.202602081740/tools/bin/../lib/gcc/arm-none-eabi/14.3.1/../../../../arm-none-eabi/lib/thumb/v7-m/nofp/libc_nano.a(libc_a-mprec.o)
                0x0800d184                _Balloc
 .text._Bfree   0x0800d200       0x44 /Applications/STM32CubeIDE.app/Contents/Eclipse/plugins/com.st.stm32cube.ide.mcu.externaltools.gnu-tools-for-stm32.14.3.rel1.macosaarch64_1.0.0.202602081740/tools/bin/../lib/gcc/arm-none-eabi/14.3.1/../../../../arm-none-eabi/lib/thumb/v7-m/nofp/libc_nano.a(libc_a-mprec.o)
                0x0800d200                _Bfree
 .text.__multadd
                0x0800d244       0x8c /Applications/STM32CubeIDE.app/Contents/Eclipse/plugins/com.st.stm32cube.ide.mcu.externaltools.gnu-tools-for-stm32.14.3.rel1.macosaarch64_1.0.0.202602081740/tools/bin/../lib/gcc/arm-none-eabi/14.3.1/../../../../arm-none-eabi/lib/thumb/v7-m/nofp/libc_nano.a(libc_a-mprec.o)
                0x0800d244                __multadd
 .text.__hi0bits
                0x0800d2d0       0x3e /Applications/STM32CubeIDE.app/Contents/Eclipse/plugins/com.st.stm32cube.ide.mcu.externaltools.gnu-tools-for-stm32.14.3.rel1.macosaarch64_1.0.0.202602081740/tools/bin/../lib/gcc/arm-none-eabi/14.3.1/../../../../arm-none-eabi/lib/thumb/v7-m/nofp/libc_nano.a(libc_a-mprec.o)
                0x0800d2d0                __hi0bits
 .text.__lo0bits
                0x0800d30e       0x5a /Applications/STM32CubeIDE.app/Contents/Eclipse/plugins/com.st.stm32cube.ide.mcu.externaltools.gnu-tools-for-stm32.14.3.rel1.macosaarch64_1.0.0.202602081740/tools/bin/../lib/gcc/arm-none-eabi/14.3.1/../../../../arm-none-eabi/lib/thumb/v7-m/nofp/libc_nano.a(libc_a-mprec.o)
                0x0800d30e                __lo0bits
 .text.__i2b    0x0800d368       0x2c /Applications/STM32CubeIDE.app/Contents/Eclipse/plugins/com.st.stm32cube.ide.mcu.externaltools.gnu-tools-for-stm32.14.3.rel1.macosaarch64_1.0.0.202602081740/tools/bin/../lib/gcc/arm-none-eabi/14.3.1/../../../../arm-none-eabi/lib/thumb/v7-m/nofp/libc_nano.a(libc_a-mprec.o)
                0x0800d368                __i2b
 .text.__multiply
                0x0800d394      0x150 /Applications/STM32CubeIDE.app/Contents/Eclipse/plugins/com.st.stm32cube.ide.mcu.externaltools.gnu-tools-for-stm32.14.3.rel1.macosaarch64_1.0.0.202602081740/tools/bin/../lib/gcc/arm-none-eabi/14.3.1/../../../../arm-none-eabi/lib/thumb/v7-m/nofp/libc_nano.a(libc_a-mprec.o)
                0x0800d394                __multiply
 .text.__pow5mult
                0x0800d4e4       0xb8 /Applications/STM32CubeIDE.app/Contents/Eclipse/plugins/com.st.stm32cube.ide.mcu.externaltools.gnu-tools-for-stm32.14.3.rel1.macosaarch64_1.0.0.202602081740/tools/bin/../lib/gcc/arm-none-eabi/14.3.1/../../../../arm-none-eabi/lib/thumb/v7-m/nofp/libc_nano.a(libc_a-mprec.o)
                0x0800d4e4                __pow5mult
 .text.__lshift
                0x0800d59c       0xd8 /Applications/STM32CubeIDE.app/Contents/Eclipse/plugins/com.st.stm32cube.ide.mcu.externaltools.gnu-tools-for-stm32.14.3.rel1.macosaarch64_1.0.0.202602081740/tools/bin/../lib/gcc/arm-none-eabi/14.3.1/../../../../arm-none-eabi/lib/thumb/v7-m/nofp/libc_nano.a(libc_a-mprec.o)
                0x0800d59c                __lshift
 .text.__mcmp   0x0800d674       0x36 /Applications/STM32CubeIDE.app/Contents/Eclipse/plugins/com.st.stm32cube.ide.mcu.externaltools.gnu-tools-for-stm32.14.3.rel1.macosaarch64_1.0.0.202602081740/tools/bin/../lib/gcc/arm-none-eabi/14.3.1/../../../../arm-none-eabi/lib/thumb/v7-m/nofp/libc_nano.a(libc_a-mprec.o)
                0x0800d674                __mcmp
 *fill*         0x0800d6aa        0x2 
 .text.__mdiff  0x0800d6ac      0x130 /Applications/STM32CubeIDE.app/Contents/Eclipse/plugins/com.st.stm32cube.ide.mcu.externaltools.gnu-tools-for-stm32.14.3.rel1.macosaarch64_1.0.0.202602081740/tools/bin/../lib/gcc/arm-none-eabi/14.3.1/../../../../arm-none-eabi/lib/thumb/v7-m/nofp/libc_nano.a(libc_a-mprec.o)
                0x0800d6ac                __mdiff
 .text.__d2b    0x0800d7dc       0xb0 /Applications/STM32CubeIDE.app/Contents/Eclipse/plugins/com.st.stm32cube.ide.mcu.externaltools.gnu-tools-for-stm32.14.3.rel1.macosaarch64_1.0.0.202602081740/tools/bin/../lib/gcc/arm-none-eabi/14.3.1/../../../../arm-none-eabi/lib/thumb/v7-m/nofp/libc_nano.a(libc_a-mprec.o)
                0x0800d7dc                __d2b
 .text.__sread  0x0800d88c       0x22 /Applications/STM32CubeIDE.app/Contents/Eclipse/plugins/com.st.stm32cube.ide.mcu.externaltools.gnu-tools-for-stm32.14.3.rel1.macosaarch64_1.0.0.202602081740/tools/bin/../lib/gcc/arm-none-eabi/14.3.1/../../../../arm-none-eabi/lib/thumb/v7-m/nofp/libc_nano.a(libc_a-stdio.o)
                0x0800d88c                __sread
 .text.__swrite
                0x0800d8ae       0x38 /Applications/STM32CubeIDE.app/Contents/Eclipse/plugins/com.st.stm32cube.ide.mcu.externaltools.gnu-tools-for-stm32.14.3.rel1.macosaarch64_1.0.0.202602081740/tools/bin/../lib/gcc/arm-none-eabi/14.3.1/../../../../arm-none-eabi/lib/thumb/v7-m/nofp/libc_nano.a(libc_a-stdio.o)
                0x0800d8ae                __swrite
 .text.__sseek  0x0800d8e6       0x26 /Applications/STM32CubeIDE.app/Contents/Eclipse/plugins/com.st.stm32cube.ide.mcu.externaltools.gnu-tools-for-stm32.14.3.rel1.macosaarch64_1.0.0.202602081740/tools/bin/../lib/gcc/arm-none-eabi/14.3.1/../../../../arm-none-eabi/lib/thumb/v7-m/nofp/libc_nano.a(libc_a-stdio.o)
                0x0800d8e6                __sseek
 .text.__sclose
                0x0800d90c        0x8 /Applications/STM32CubeIDE.app/Contents/Eclipse/plugins/com.st.stm32cube.ide.mcu.externaltools.gnu-tools-for-stm32.14.3.rel1.macosaarch64_1.0.0.202602081740/tools/bin/../lib/gcc/arm-none-eabi/14.3.1/../../../../arm-none-eabi/lib/thumb/v7-m/nofp/libc_nano.a(libc_a-stdio.o)
                0x0800d90c                __sclose
 .text.fprintf  0x0800d914       0x24 /Applications/STM32CubeIDE.app/Contents/Eclipse/plugins/com.st.stm32cube.ide.mcu.externaltools.gnu-tools-for-stm32.14.3.rel1.macosaarch64_1.0.0.202602081740/tools/bin/../lib/gcc/arm-none-eabi/14.3.1/../../../../arm-none-eabi/lib/thumb/v7-m/nofp/libc_nano.a(libc_a-fprintf.o)
                0x0800d914                fprintf
                0x0800d914                fiprintf
 .text._realloc_r
                0x0800d938       0x5c /Applications/STM32CubeIDE.app/Contents/Eclipse/plugins/com.st.stm32cube.ide.mcu.externaltools.gnu-tools-for-stm32.14.3.rel1.macosaarch64_1.0.0.202602081740/tools/bin/../lib/gcc/arm-none-eabi/14.3.1/../../../../arm-none-eabi/lib/thumb/v7-m/nofp/libc_nano.a(libc_a-reallocr.o)
                0x0800d938                _realloc_r
 .text.__swbuf_r
                0x0800d994       0x7c /Applications/STM32CubeIDE.app/Contents/Eclipse/plugins/com.st.stm32cube.ide.mcu.externaltools.gnu-tools-for-stm32.14.3.rel1.macosaarch64_1.0.0.202602081740/tools/bin/../lib/gcc/arm-none-eabi/14.3.1/../../../../arm-none-eabi/lib/thumb/v7-m/nofp/libc_nano.a(libc_a-wbuf.o)
                0x0800d994                __swbuf_r
 .text.__swsetup_r
                0x0800da10       0xa8 /Applications/STM32CubeIDE.app/Contents/Eclipse/plugins/com.st.stm32cube.ide.mcu.externaltools.gnu-tools-for-stm32.14.3.rel1.macosaarch64_1.0.0.202602081740/tools/bin/../lib/gcc/arm-none-eabi/14.3.1/../../../../arm-none-eabi/lib/thumb/v7-m/nofp/libc_nano.a(libc_a-wsetup.o)
                0x0800da10                __swsetup_r
 .text.__swhatbuf_r
                0x0800dab8       0x48 /Applications/STM32CubeIDE.app/Contents/Eclipse/plugins/com.st.stm32cube.ide.mcu.externaltools.gnu-tools-for-stm32.14.3.rel1.macosaarch64_1.0.0.202602081740/tools/bin/../lib/gcc/arm-none-eabi/14.3.1/../../../../arm-none-eabi/lib/thumb/v7-m/nofp/libc_nano.a(libc_a-makebuf.o)
                0x0800dab8                __swhatbuf_r
 .text.__smakebuf_r
                0x0800db00       0x72 /Applications/STM32CubeIDE.app/Contents/Eclipse/plugins/com.st.stm32cube.ide.mcu.externaltools.gnu-tools-for-stm32.14.3.rel1.macosaarch64_1.0.0.202602081740/tools/bin/../lib/gcc/arm-none-eabi/14.3.1/../../../../arm-none-eabi/lib/thumb/v7-m/nofp/libc_nano.a(libc_a-makebuf.o)
                0x0800db00                __smakebuf_r
 .text.memmove  0x0800db72       0x32 /Applications/STM32CubeIDE.app/Contents/Eclipse/plugins/com.st.stm32cube.ide.mcu.externaltools.gnu-tools-for-stm32.14.3.rel1.macosaarch64_1.0.0.202602081740/tools/bin/../lib/gcc/arm-none-eabi/14.3.1/../../../../arm-none-eabi/lib/thumb/v7-m/nofp/libc_nano.a(libc_a-memmove.o)
                0x0800db72                memmove
 .text._isatty_r
                0x0800dba4       0x20 /Applications/STM32CubeIDE.app/Contents/Eclipse/plugins/com.st.stm32cube.ide.mcu.externaltools.gnu-tools-for-stm32.14.3.rel1.macosaarch64_1.0.0.202602081740/tools/bin/../lib/gcc/arm-none-eabi/14.3.1/../../../../arm-none-eabi/lib/thumb/v7-m/nofp/libc_nano.a(libc_a-isattyr.o)
                0x0800dba4                _isatty_r
 .text._lseek_r
                0x0800dbc4       0x24 /Applications/STM32CubeIDE.app/Contents/Eclipse/plugins/com.st.stm32cube.ide.mcu.externaltools.gnu-tools-for-stm32.14.3.rel1.macosaarch64_1.0.0.202602081740/tools/bin/../lib/gcc/arm-none-eabi/14.3.1/../../../../arm-none-eabi/lib/thumb/v7-m/nofp/libc_nano.a(libc_a-lseekr.o)
                0x0800dbc4                _lseek_r
 .text._read_r  0x0800dbe8       0x24 /Applications/STM32CubeIDE.app/Contents/Eclipse/plugins/com.st.stm32cube.ide.mcu.externaltools.gnu-tools-for-stm32.14.3.rel1.macosaarch64_1.0.0.202602081740/tools/bin/../lib/gcc/arm-none-eabi/14.3.1/../../../../arm-none-eabi/lib/thumb/v7-m/nofp/libc_nano.a(libc_a-readr.o)
                0x0800dbe8                _read_r
 .text._sbrk_r  0x0800dc0c       0x20 /Applications/STM32CubeIDE.app/Contents/Eclipse/plugins/com.st.stm32cube.ide.mcu.externaltools.gnu-tools-for-stm32.14.3.rel1.macosaarch64_1.0.0.202602081740/tools/bin/../lib/gcc/arm-none-eabi/14.3.1/../../../../arm-none-eabi/lib/thumb/v7-m/nofp/libc_nano.a(libc_a-sbrkr.o)
                0x0800dc0c                _sbrk_r
 .text._write_r
                0x0800dc2c       0x24 /Applications/STM32CubeIDE.app/Contents/Eclipse/plugins/com.st.stm32cube.ide.mcu.externaltools.gnu-tools-for-stm32.14.3.rel1.macosaarch64_1.0.0.202602081740/tools/bin/../lib/gcc/arm-none-eabi/14.3.1/../../../../arm-none-eabi/lib/thumb/v7-m/nofp/libc_nano.a(libc_a-writer.o)
                0x0800dc2c                _write_r
 .text._close_r
                0x0800dc50       0x20 /Applications/STM32CubeIDE.app/Contents/Eclipse/plugins/com.st.stm32cube.ide.mcu.externaltools.gnu-tools-for-stm32.14.3.rel1.macosaarch64_1.0.0.202602081740/tools/bin/../lib/gcc/arm-none-eabi/14.3.1/../../../../arm-none-eabi/lib/thumb/v7-m/nofp/libc_nano.a(libc_a-closer.o)
                0x0800dc50                _close_r
 .text._fstat_r
                0x0800dc70       0x24 /Applications/STM32CubeIDE.app/Contents/Eclipse/plugins/com.st.stm32cube.ide.mcu.externaltools.gnu-tools-for-stm32.14.3.rel1.macosaarch64_1.0.0.202602081740/tools/bin/../lib/gcc/arm-none-eabi/14.3.1/../../../../arm-none-eabi/lib/thumb/v7-m/nofp/libc_nano.a(libc_a-fstatr.o)
                0x0800dc70                _fstat_r
 .text.memcpy   0x0800dc94       0x1c /Applications/STM32CubeIDE.app/Contents/Eclipse/plugins/com.st.stm32cube.ide.mcu.externaltools.gnu-tools-for-stm32.14.3.rel1.macosaarch64_1.0.0.202602081740/tools/bin/../lib/gcc/arm-none-eabi/14.3.1/../../../../arm-none-eabi/lib/thumb/v7-m/nofp/libc_nano.a(libc_a-memcpy-stub.o)
                0x0800dc94                memcpy
 .text.abort    0x0800dcb0        0xe /Applications/STM32CubeIDE.app/Contents/Eclipse/plugins/com.st.stm32cube.ide.mcu.externaltools.gnu-tools-for-stm32.14.3.rel1.macosaarch64_1.0.0.202602081740/tools/bin/../lib/gcc/arm-none-eabi/14.3.1/../../../../arm-none-eabi/lib/thumb/v7-m/nofp/libc_nano.a(libc_a-abort.o)
                0x0800dcb0                abort
 .text._calloc_r
                0x0800dcbe       0x28 /Applications/STM32CubeIDE.app/Contents/Eclipse/plugins/com.st.stm32cube.ide.mcu.externaltools.gnu-tools-for-stm32.14.3.rel1.macosaarch64_1.0.0.202602081740/tools/bin/../lib/gcc/arm-none-eabi/14.3.1/../../../../arm-none-eabi/lib/thumb/v7-m/nofp/libc_nano.a(libc_a-callocr.o)
                0x0800dcbe                _calloc_r
 *fill*         0x0800dce6        0x2 
 .text._free_r  0x0800dce8       0x90 /Applications/STM32CubeIDE.app/Contents/Eclipse/plugins/com.st.stm32cube.ide.mcu.externaltools.gnu-tools-for-stm32.14.3.rel1.macosaarch64_1.0.0.202602081740/tools/bin/../lib/gcc/arm-none-eabi/14.3.1/../../../../arm-none-eabi/lib/thumb/v7-m/nofp/libc_nano.a(libc_a-freer.o)
                0x0800dce8                _free_r
 .text.__ascii_mbtowc
                0x0800dd78       0x24 /Applications/STM32CubeIDE.app/Contents/Eclipse/plugins/com.st.stm32cube.ide.mcu.externaltools.gnu-tools-for-stm32.14.3.rel1.macosaarch64_1.0.0.202602081740/tools/bin/../lib/gcc/arm-none-eabi/14.3.1/../../../../arm-none-eabi/lib/thumb/v7-m/nofp/libc_nano.a(libc_a-mbtowc_r.o)
                0x0800dd78                __ascii_mbtowc
 .text._malloc_usable_size_r
                0x0800dd9c       0x10 /Applications/STM32CubeIDE.app/Contents/Eclipse/plugins/com.st.stm32cube.ide.mcu.externaltools.gnu-tools-for-stm32.14.3.rel1.macosaarch64_1.0.0.202602081740/tools/bin/../lib/gcc/arm-none-eabi/14.3.1/../../../../arm-none-eabi/lib/thumb/v7-m/nofp/libc_nano.a(libc_a-msizer.o)
                0x0800dd9c                _malloc_usable_size_r
 .text.__ascii_wctomb
                0x0800ddac       0x1a /Applications/STM32CubeIDE.app/Contents/Eclipse/plugins/com.st.stm32cube.ide.mcu.externaltools.gnu-tools-for-stm32.14.3.rel1.macosaarch64_1.0.0.202602081740/tools/bin/../lib/gcc/arm-none-eabi/14.3.1/../../../../arm-none-eabi/lib/thumb/v7-m/nofp/libc_nano.a(libc_a-wctomb_r.o)
                0x0800ddac                __ascii_wctomb
 .text._raise_r
                0x0800ddc6       0x50 /Applications/STM32CubeIDE.app/Contents/Eclipse/plugins/com.st.stm32cube.ide.mcu.externaltools.gnu-tools-for-stm32.14.3.rel1.macosaarch64_1.0.0.202602081740/tools/bin/../lib/gcc/arm-none-eabi/14.3.1/../../../../arm-none-eabi/lib/thumb/v7-m/nofp/libc_nano.a(libc_a-signal.o)
                0x0800ddc6                _raise_r
 *fill*         0x0800de16        0x2 
 .text.raise    0x0800de18       0x10 /Applications/STM32CubeIDE.app/Contents/Eclipse/plugins/com.st.stm32cube.ide.mcu.externaltools.gnu-tools-for-stm32.14.3.rel1.macosaarch64_1.0.0.202602081740/tools/bin/../lib/gcc/arm-none-eabi/14.3.1/../../../../arm-none-eabi/lib/thumb/v7-m/nofp/libc_nano.a(libc_a-signal.o)
                0x0800de18                raise
 .text._kill_r  0x0800de28       0x24 /Applications/STM32CubeIDE.app/Contents/Eclipse/plugins/com.st.stm32cube.ide.mcu.externaltools.gnu-tools-for-stm32.14.3.rel1.macosaarch64_1.0.0.202602081740/tools/bin/../lib/gcc/arm-none-eabi/14.3.1/../../../../arm-none-eabi/lib/thumb/v7-m/nofp/libc_nano.a(libc_a-signalr.o)
                0x0800de28                _kill_r
 .text._getpid_r
                0x0800de4c        0x4 /Applications/STM32CubeIDE.app/Contents/Eclipse/plugins/com.st.stm32cube.ide.mcu.externaltools.gnu-tools-for-stm32.14.3.rel1.macosaarch64_1.0.0.202602081740/tools/bin/../lib/gcc/arm-none-eabi/14.3.1/../../../../arm-none-eabi/lib/thumb/v7-m/nofp/libc_nano.a(libc_a-signalr.o)
                0x0800de4c                _getpid_r
 .text.atan2f   0x0800de50        0x4 /Applications/STM32CubeIDE.app/Contents/Eclipse/plugins/com.st.stm32cube.ide.mcu.externaltools.gnu-tools-for-stm32.14.3.rel1.macosaarch64_1.0.0.202602081740/tools/bin/../lib/gcc/arm-none-eabi/14.3.1/../../../../arm-none-eabi/lib/thumb/v7-m/nofp/libm.a(libm_a-wf_atan2.o)
                0x0800de50                atan2f
 .text.__ieee754_atan2f
                0x0800de54      0x110 /Applications/STM32CubeIDE.app/Contents/Eclipse/plugins/com.st.stm32cube.ide.mcu.externaltools.gnu-tools-for-stm32.14.3.rel1.macosaarch64_1.0.0.202602081740/tools/bin/../lib/gcc/arm-none-eabi/14.3.1/../../../../arm-none-eabi/lib/thumb/v7-m/nofp/libm.a(libm_a-ef_atan2.o)
                0x0800de54                __ieee754_atan2f
 .text.atanf    0x0800df64      0x22c /Applications/STM32CubeIDE.app/Contents/Eclipse/plugins/com.st.stm32cube.ide.mcu.externaltools.gnu-tools-for-stm32.14.3.rel1.macosaarch64_1.0.0.202602081740/tools/bin/../lib/gcc/arm-none-eabi/14.3.1/../../../../arm-none-eabi/lib/thumb/v7-m/nofp/libm.a(libm_a-sf_atan.o)
                0x0800df64                atanf
 .text.fabsf    0x0800e190        0x8 /Applications/STM32CubeIDE.app/Contents/Eclipse/plugins/com.st.stm32cube.ide.mcu.externaltools.gnu-tools-for-stm32.14.3.rel1.macosaarch64_1.0.0.202602081740/tools/bin/../lib/gcc/arm-none-eabi/14.3.1/../../../../arm-none-eabi/lib/thumb/v7-m/nofp/libm.a(libm_a-sf_fabs.o)
                0x0800e190                fabsf
 *(.glue_7)
 .glue_7        0x0800e198        0x0 linker stubs
 *(.glue_7t)
 .glue_7t       0x0800e198        0x0 linker stubs
 *(.eh_frame)
 .eh_frame      0x0800e198        0x0 /Applications/STM32CubeIDE.app/Contents/Eclipse/plugins/com.st.stm32cube.ide.mcu.externaltools.gnu-tools-for-stm32.14.3.rel1.macosaarch64_1.0.0.202602081740/tools/bin/../lib/gcc/arm-none-eabi/14.3.1/thumb/v7-m/nofp/crtbegin.o
 *(.init)
 .init          0x0800e198        0x4 /Applications/STM32CubeIDE.app/Contents/Eclipse/plugins/com.st.stm32cube.ide.mcu.externaltools.gnu-tools-for-stm32.14.3.rel1.macosaarch64_1.0.0.202602081740/tools/bin/../lib/gcc/arm-none-eabi/14.3.1/thumb/v7-m/nofp/crti.o
                0x0800e198                _init
 .init          0x0800e19c        0x8 /Applications/STM32CubeIDE.app/Contents/Eclipse/plugins/com.st.stm32cube.ide.mcu.externaltools.gnu-tools-for-stm32.14.3.rel1.macosaarch64_1.0.0.202602081740/tools/bin/../lib/gcc/arm-none-eabi/14.3.1/thumb/v7-m/nofp/crtn.o
 *(.fini)
 .fini          0x0800e1a4        0x4 /Applications/STM32CubeIDE.app/Contents/Eclipse/plugins/com.st.stm32cube.ide.mcu.externaltools.gnu-tools-for-stm32.14.3.rel1.macosaarch64_1.0.0.202602081740/tools/bin/../lib/gcc/arm-none-eabi/14.3.1/thumb/v7-m/nofp/crti.o
                0x0800e1a4                _fini
 .fini          0x0800e1a8        0x8 /Applications/STM32CubeIDE.app/Contents/Eclipse/plugins/com.st.stm32cube.ide.mcu.externaltools.gnu-tools-for-stm32.14.3.rel1.macosaarch64_1.0.0.202602081740/tools/bin/../lib/gcc/arm-none-eabi/14.3.1/thumb/v7-m/nofp/crtn.o
                0x0800e1b0                        . = ALIGN (0x4)
                0x0800e1b0                        _etext = .

.vfp11_veneer   0x0800e1b0        0x0
 .vfp11_veneer  0x0800e1b0        0x0 linker stubs

.v4_bx          0x0800e1b0        0x0
 .v4_bx         0x0800e1b0        0x0 linker stubs

.iplt           0x0800e1b0        0x0
 .iplt          0x0800e1b0        0x0 /Applications/STM32CubeIDE.app/Contents/Eclipse/plugins/com.st.stm32cube.ide.mcu.externaltools.gnu-tools-for-stm32.14.3.rel1.macosaarch64_1.0.0.202602081740/tools/bin/../lib/gcc/arm-none-eabi/14.3.1/thumb/v7-m/nofp/crtbegin.o

.rodata         0x0800e1b0      0x614
                0x0800e1b0                        . = ALIGN (0x4)
 *(.rodata)
 .rodata        0x0800e1b0      0x1b0 ./Core/Src/main.o
 *(.rodata*)
 .rodata.PLLMulTable
                0x0800e360        0x9 ./Core/Src/system_stm32l1xx.o