Archive member included to satisfy reference by file (symbol)

C:/ST/STM32CubeIDE_2.1.1/STM32CubeIDE/plugins/com.st.stm32cube.ide.mcu.externaltools.gnu-tools-for-stm32.14.3.rel1.win32_1.0.100.202602081740/tools/bin/../lib/gcc/arm-none-eabi/14.3.1/../../../../arm-none-eabi/lib/thumb/v7-m/nofp\libc_nano.a(libc_a-exit.o)
                              C:/ST/STM32CubeIDE_2.1.1/STM32CubeIDE/plugins/com.st.stm32cube.ide.mcu.externaltools.gnu-tools-for-stm32.14.3.rel1.win32_1.0.100.202602081740/tools/bin/../lib/gcc/arm-none-eabi/14.3.1/../../../../arm-none-eabi/lib/thumb/v7-m/nofp/crt0.o (exit)
C:/ST/STM32CubeIDE_2.1.1/STM32CubeIDE/plugins/com.st.stm32cube.ide.mcu.externaltools.gnu-tools-for-stm32.14.3.rel1.win32_1.0.100.202602081740/tools/bin/../lib/gcc/arm-none-eabi/14.3.1/../../../../arm-none-eabi/lib/thumb/v7-m/nofp\libc_nano.a(libc_a-rand.o)
                              ./Core/Src/main.o (srand)
C:/ST/STM32CubeIDE_2.1.1/STM32CubeIDE/plugins/com.st.stm32cube.ide.mcu.externaltools.gnu-tools-for-stm32.14.3.rel1.win32_1.0.100.202602081740/tools/bin/../lib/gcc/arm-none-eabi/14.3.1/../../../../arm-none-eabi/lib/thumb/v7-m/nofp\libc_nano.a(libc_a-nano-vfprintf_float.o)
                              (_printf_float)
C:/ST/STM32CubeIDE_2.1.1/STM32CubeIDE/plugins/com.st.stm32cube.ide.mcu.externaltools.gnu-tools-for-stm32.14.3.rel1.win32_1.0.100.202602081740/tools/bin/../lib/gcc/arm-none-eabi/14.3.1/../../../../arm-none-eabi/lib/thumb/v7-m/nofp\libc_nano.a(libc_a-nano-vfprintf_i.o)
                              C:/ST/STM32CubeIDE_2.1.1/STM32CubeIDE/plugins/com.st.stm32cube.ide.mcu.externaltools.gnu-tools-for-stm32.14.3.rel1.win32_1.0.100.202602081740/tools/bin/../lib/gcc/arm-none-eabi/14.3.1/../../../../arm-none-eabi/lib/thumb/v7-m/nofp\libc_nano.a(libc_a-nano-vfprintf_float.o) (_printf_common)
C:/ST/STM32CubeIDE_2.1.1/STM32CubeIDE/plugins/com.st.stm32cube.ide.mcu.externaltools.gnu-tools-for-stm32.14.3.rel1.win32_1.0.100.202602081740/tools/bin/../lib/gcc/arm-none-eabi/14.3.1/../../../../arm-none-eabi/lib/thumb/v7-m/nofp\libc_nano.a(libc_a-findfp.o)
                              C:/ST/STM32CubeIDE_2.1.1/STM32CubeIDE/plugins/com.st.stm32cube.ide.mcu.externaltools.gnu-tools-for-stm32.14.3.rel1.win32_1.0.100.202602081740/tools/bin/../lib/gcc/arm-none-eabi/14.3.1/../../../../arm-none-eabi/lib/thumb/v7-m/nofp\libc_nano.a(libc_a-exit.o) (__stdio_exit_handler)
C:/ST/STM32CubeIDE_2.1.1/STM32CubeIDE/plugins/com.st.stm32cube.ide.mcu.externaltools.gnu-tools-for-stm32.14.3.rel1.win32_1.0.100.202602081740/tools/bin/../lib/gcc/arm-none-eabi/14.3.1/../../../../arm-none-eabi/lib/thumb/v7-m/nofp\libc_nano.a(libc_a-fwalk.o)
                              C:/ST/STM32CubeIDE_2.1.1/STM32CubeIDE/plugins/com.st.stm32cube.ide.mcu.externaltools.gnu-tools-for-stm32.14.3.rel1.win32_1.0.100.202602081740/tools/bin/../lib/gcc/arm-none-eabi/14.3.1/../../../../arm-none-eabi/lib/thumb/v7-m/nofp\libc_nano.a(libc_a-findfp.o) (_fwalk_sglue)
C:/ST/STM32CubeIDE_2.1.1/STM32CubeIDE/plugins/com.st.stm32cube.ide.mcu.externaltools.gnu-tools-for-stm32.14.3.rel1.win32_1.0.100.202602081740/tools/bin/../lib/gcc/arm-none-eabi/14.3.1/../../../../arm-none-eabi/lib/thumb/v7-m/nofp\libc_nano.a(libc_a-printf.o)
                              ./Core/Src/main.o (printf)
C:/ST/STM32CubeIDE_2.1.1/STM32CubeIDE/plugins/com.st.stm32cube.ide.mcu.externaltools.gnu-tools-for-stm32.14.3.rel1.win32_1.0.100.202602081740/tools/bin/../lib/gcc/arm-none-eabi/14.3.1/../../../../arm-none-eabi/lib/thumb/v7-m/nofp\libc_nano.a(libc_a-puts.o)
                              ./Core/Src/main.o (puts)
C:/ST/STM32CubeIDE_2.1.1/STM32CubeIDE/plugins/com.st.stm32cube.ide.mcu.externaltools.gnu-tools-for-stm32.14.3.rel1.win32_1.0.100.202602081740/tools/bin/../lib/gcc/arm-none-eabi/14.3.1/../../../../arm-none-eabi/lib/thumb/v7-m/nofp\libc_nano.a(libc_a-snprintf.o)
                              ./Core/Src/main.o (snprintf)
C:/ST/STM32CubeIDE_2.1.1/STM32CubeIDE/plugins/com.st.stm32cube.ide.mcu.externaltools.gnu-tools-for-stm32.14.3.rel1.win32_1.0.100.202602081740/tools/bin/../lib/gcc/arm-none-eabi/14.3.1/../../../../arm-none-eabi/lib/thumb/v7-m/nofp\libc_nano.a(libc_a-stdio.o)
                              C:/ST/STM32CubeIDE_2.1.1/STM32CubeIDE/plugins/com.st.stm32cube.ide.mcu.externaltools.gnu-tools-for-stm32.14.3.rel1.win32_1.0.100.202602081740/tools/bin/../lib/gcc/arm-none-eabi/14.3.1/../../../../arm-none-eabi/lib/thumb/v7-m/nofp\libc_nano.a(libc_a-findfp.o) (__sread)
C:/ST/STM32CubeIDE_2.1.1/STM32CubeIDE/plugins/com.st.stm32cube.ide.mcu.externaltools.gnu-tools-for-stm32.14.3.rel1.win32_1.0.100.202602081740/tools/bin/../lib/gcc/arm-none-eabi/14.3.1/../../../../arm-none-eabi/lib/thumb/v7-m/nofp\libc_nano.a(libc_a-wbuf.o)
[...]
Memory Configuration

Name             Origin             Length             Attributes
RAM              0x20000000         0x00014000         xrw
FLASH            0x08000000         0x00080000         xr
*default*        0x00000000         0xffffffff

Linker script and memory map

LOAD C:/ST/STM32CubeIDE_2.1.1/STM32CubeIDE/plugins/com.st.stm32cube.ide.mcu.externaltools.gnu-tools-for-stm32.14.3.rel1.win32_1.0.100.202602081740/tools/bin/../lib/gcc/arm-none-eabi/14.3.1/thumb/v7-m/nofp/crti.o
LOAD C:/ST/STM32CubeIDE_2.1.1/STM32CubeIDE/plugins/com.st.stm32cube.ide.mcu.externaltools.gnu-tools-for-stm32.14.3.rel1.win32_1.0.100.202602081740/tools/bin/../lib/gcc/arm-none-eabi/14.3.1/thumb/v7-m/nofp/crtbegin.o
LOAD C:/ST/STM32CubeIDE_2.1.1/STM32CubeIDE/plugins/com.st.stm32cube.ide.mcu.externaltools.gnu-tools-for-stm32.14.3.rel1.win32_1.0.100.202602081740/tools/bin/../lib/gcc/arm-none-eabi/14.3.1/../../../../arm-none-eabi/lib/thumb/v7-m/nofp/crt0.o
LOAD ./Core/Src/main.o
LOAD ./Core/Src/stm32l1xx_hal_msp.o
LOAD ./Core/Src/stm32l1xx_it.o
LOAD ./Core/Src/stm32l1xx_nucleo_bus.o
LOAD ./Core/Src/syscalls.o
LOAD ./Core/Src/sysmem.o
LOAD ./Core/Src/system_stm32l1xx.o
LOAD ./Core/Startup/startup_stm32l152retx.o
LOAD ./Drivers/BSP/Components/hts221/hts221.o
LOAD ./Drivers/BSP/Components/hts221/hts221_reg.o
LOAD ./Drivers/BSP/Components/lis2dw12/lis2dw12.o
LOAD ./Drivers/BSP/Components/lis2dw12/lis2dw12_reg.o
LOAD ./Drivers/BSP/Components/lis2mdl/lis2mdl.o
LOAD ./Drivers/BSP/Components/lis2mdl/lis2mdl_reg.o
LOAD ./Drivers/BSP/Components/lps22hh/lps22hh.o
LOAD ./Drivers/BSP/Components/lps22hh/lps22hh_reg.o
LOAD ./Drivers/BSP/Components/lsm6dso/lsm6dso.o
LOAD ./Drivers/BSP/Components/lsm6dso/lsm6dso_reg.o
LOAD ./Drivers/BSP/Components/stts751/stts751.o
LOAD ./Drivers/BSP/Components/stts751/stts751_reg.o
LOAD ./Drivers/BSP/IKS01A3/iks01a3_env_sensors.o
LOAD ./Drivers/BSP/IKS01A3/iks01a3_env_sensors_ex.o
LOAD ./Drivers/BSP/IKS01A3/iks01a3_motion_sensors.o
LOAD ./Drivers/BSP/IKS01A3/iks01a3_motion_sensors_ex.o
LOAD ./Drivers/STM32L1xx_HAL_Driver/Src/stm32l1xx_hal.o
LOAD ./Drivers/STM32L1xx_HAL_Driver/Src/stm32l1xx_hal_cortex.o
LOAD ./Drivers/STM32L1xx_HAL_Driver/Src/stm32l1xx_hal_dma.o
LOAD ./Drivers/STM32L1xx_HAL_Driver/Src/stm32l1xx_hal_exti.o
LOAD ./Drivers/STM32L1xx_HAL_Driver/Src/stm32l1xx_hal_flash.o
LOAD ./Drivers/STM32L1xx_HAL_Driver/Src/stm32l1xx_hal_flash_ex.o
LOAD ./Drivers/STM32L1xx_HAL_Driver/Src/stm32l1xx_hal_flash_ramfunc.o
LOAD ./Drivers/STM32L1xx_HAL_Driver/Src/stm32l1xx_hal_gpio.o
LOAD ./Drivers/STM32L1xx_HAL_Driver/Src/stm32l1xx_hal_i2c.o
LOAD ./Drivers/STM32L1xx_HAL_Driver/Src/stm32l1xx_hal_pwr.o
LOAD ./Drivers/STM32L1xx_HAL_Driver/Src/stm32l1xx_hal_pwr_ex.o
LOAD ./Drivers/STM32L1xx_HAL_Driver/Src/stm32l1xx_hal_rcc.o
LOAD ./Drivers/STM32L1xx_HAL_Driver/Src/stm32l1xx_hal_rcc_ex.o
LOAD ./Drivers/STM32L1xx_HAL_Driver/Src/stm32l1xx_hal_spi.o
LOAD ./Drivers/STM32L1xx_HAL_Driver/Src/stm32l1xx_hal_uart.o
LOAD ./Drivers/display/max7219_Yncrea2.o
START GROUP
LOAD C:/ST/STM32CubeIDE_2.1.1/STM32CubeIDE/plugins/com.st.stm32cube.ide.mcu.externaltools.gnu-tools-for-stm32.14.3.rel1.win32_1.0.100.202602081740/tools/bin/../lib/gcc/arm-none-eabi/14.3.1/../../../../arm-none-eabi/lib/thumb/v7-m/nofp\libc_nano.a
LOAD C:/ST/STM32CubeIDE_2.1.1/STM32CubeIDE/plugins/com.st.stm32cube.ide.mcu.externaltools.gnu-tools-for-stm32.14.3.rel1.win32_1.0.100.202602081740/tools/bin/../lib/gcc/arm-none-eabi/14.3.1/../../../../arm-none-eabi/lib/thumb/v7-m/nofp\libm.a
END GROUP
START GROUP
LOAD C:/ST/STM32CubeIDE_2.1.1/STM32CubeIDE/plugins/com.st.stm32cube.ide.mcu.externaltools.gnu-tools-for-stm32.14.3.rel1.win32_1.0.100.202602081740/tools/bin/../lib/gcc/arm-none-eabi/14.3.1/thumb/v7-m/nofp\libgcc.a
LOAD C:/ST/STM32CubeIDE_2.1.1/STM32CubeIDE/plugins/com.st.stm32cube.ide.mcu.externaltools.gnu-tools-for-stm32.14.3.rel1.win32_1.0.100.202602081740/tools/bin/../lib/gcc/arm-none-eabi/14.3.1/../../../../arm-none-eabi/lib/thumb/v7-m/nofp\libc_nano.a
END GROUP
START GROUP
LOAD C:/ST/STM32CubeIDE_2.1.1/STM32CubeIDE/plugins/com.st.stm32cube.ide.mcu.externaltools.gnu-tools-for-stm32.14.3.rel1.win32_1.0.100.202602081740/tools/bin/../lib/gcc/arm-none-eabi/14.3.1/thumb/v7-m/nofp\libgcc.a
LOAD C:/ST/STM32CubeIDE_2.1.1/STM32CubeIDE/plugins/com.st.stm32cube.ide.mcu.externaltools.gnu-tools-for-stm32.14.3.rel1.win32_1.0.100.202602081740/tools/bin/../lib/gcc/arm-none-eabi/14.3.1/../../../../arm-none-eabi/lib/thumb/v7-m/nofp\libc_nano.a
LOAD C:/ST/STM32CubeIDE_2.1.1/STM32CubeIDE/plugins/com.st.stm32cube.ide.mcu.externaltools.gnu-tools-for-stm32.14.3.rel1.win32_1.0.100.202602081740/tools/bin/../lib/gcc/arm-none-eabi/14.3.1/../../../../arm-none-eabi/lib/thumb/v7-m/nofp\libnosys.a
END GROUP
START GROUP
LOAD C:/ST/STM32CubeIDE_2.1.1/STM32CubeIDE/plugins/com.st.stm32cube.ide.mcu.externaltools.gnu-tools-for-stm32.14.3.rel1.win32_1.0.100.202602081740/tools/bin/../lib/gcc/arm-none-eabi/14.3.1/thumb/v7-m/nofp\libgcc.a
LOAD C:/ST/STM32CubeIDE_2.1.1/STM32CubeIDE/plugins/com.st.stm32cube.ide.mcu.externaltools.gnu-tools-for-stm32.14.3.rel1.win32_1.0.100.202602081740/tools/bin/../lib/gcc/arm-none-eabi/14.3.1/../../../../arm-none-eabi/lib/thumb/v7-m/nofp\libc_nano.a
LOAD C:/ST/STM32CubeIDE_2.1.1/STM32CubeIDE/plugins/com.st.stm32cube.ide.mcu.externaltools.gnu-tools-for-stm32.14.3.rel1.win32_1.0.100.202602081740/tools/bin/../lib/gcc/arm-none-eabi/14.3.1/../../../../arm-none-eabi/lib/thumb/v7-m/nofp\libnosys.a
END GROUP
LOAD C:/ST/STM32CubeIDE_2.1.1/STM32CubeIDE/plugins/com.st.stm32cube.ide.mcu.externaltools.gnu-tools-for-stm32.14.3.rel1.win32_1.0.100.202602081740/tools/bin/../lib/gcc/arm-none-eabi/14.3.1/thumb/v7-m/nofp/crtend.o
LOAD C:/ST/STM32CubeIDE_2.1.1/STM32CubeIDE/plugins/com.st.stm32cube.ide.mcu.externaltools.gnu-tools-for-stm32.14.3.rel1.win32_1.0.100.202602081740/tools/bin/../lib/gcc/arm-none-eabi/14.3.1/thumb/v7-m/nofp/crtn.o
                0x20014000                        _estack = (ORIGIN (RAM) + LENGTH (RAM))
                0x00000200                        _Min_Heap_Size = 0x200
                0x00000400                        _Min_Stack_Size = 0x400

.isr_vector     0x08000000      0x13c
                0x08000000                        . = ALIGN (0x4)
 *(.isr_vector)
 .isr_vector    0x08000000      0x13c ./Core/Startup/startup_stm32l152retx.o
                0x08000000                g_pfnVectors
                0x0800013c                        . = ALIGN (0x4)

.text           0x08000140     0xd4bc
                0x08000140                        . = ALIGN (0x4)
 *(.text)
 .text          0x08000140       0x40 C:/ST/STM32CubeIDE_2.1.1/STM32CubeIDE/plugins/com.st.stm32cube.ide.mcu.externaltools.gnu-tools-for-stm32.14.3.rel1.win32_1.0.100.202602081740/tools/bin/../lib/gcc/arm-none-eabi/14.3.1/thumb/v7-m/nofp/crtbegin.o
 .text          0x08000180       0x10 C:/ST/STM32CubeIDE_2.1.1/STM32CubeIDE/plugins/com.st.stm32cube.ide.mcu.externaltools.gnu-tools-for-stm32.14.3.rel1.win32_1.0.100.202602081740/tools/bin/../lib/gcc/arm-none-eabi/14.3.1/../../../../arm-none-eabi/lib/thumb/v7-m/nofp\libc_nano.a(libc_a-strlen.o)
                0x08000180                strlen
 .text          0x08000190      0x378 C:/ST/STM32CubeIDE_2.1.1/STM32CubeIDE/plugins/com.st.stm32cube.ide.mcu.externaltools.gnu-tools-for-stm32.14.3.rel1.win32_1.0.100.202602081740/tools/bin/../lib/gcc/arm-none-eabi/14.3.1/thumb/v7-m/nofp\libgcc.a(_arm_addsubdf3.o)
                0x08000190                __aeabi_drsub
                0x08000198                __aeabi_dsub
                0x08000198                __subdf3
                0x0800019c                __aeabi_dadd
                0x0800019c                __adddf3
                0x08000414                __floatunsidf
                0x08000414                __aeabi_ui2d
                0x08000434                __floatsidf
                0x08000434                __aeabi_i2d
                0x08000458                __aeabi_f2d
                0x08000458                __extendsfdf2
                0x0800049c                __floatundidf
                0x0800049c                __aeabi_ul2d
                0x080004ac                __floatdidf
                0x080004ac                __aeabi_l2d
 .text          0x08000508      0x424 C:/ST/STM32CubeIDE_2.1.1/STM32CubeIDE/plugins/com.st.stm32cube.ide.mcu.externaltools.gnu-tools-for-stm32.14.3.rel1.win32_1.0.100.202602081740/tools/bin/../lib/gcc/arm-none-eabi/14.3.1/thumb/v7-m/nofp\libgcc.a(_arm_muldivdf3.o)
                0x08000508                __aeabi_dmul
                0x08000508                __muldf3
                0x0800075c                __divdf3
                0x0800075c                __aeabi_ddiv
 .text          0x0800092c      0x110 C:/ST/STM32CubeIDE_2.1.1/STM32CubeIDE/plugins/com.st.stm32cube.ide.mcu.externaltools.gnu-tools-for-stm32.14.3.rel1.win32_1.0.100.202602081740/tools/bin/../lib/gcc/arm-none-eabi/14.3.1/thumb/v7-m/nofp\libgcc.a(_arm_cmpdf2.o)
                0x0800092c                __gtdf2
                0x0800092c                __gedf2
                0x08000934                __ltdf2
                0x08000934                __ledf2
                0x0800093c                __nedf2
                0x0800093c                __eqdf2
                0x0800093c                __cmpdf2
                0x080009b8                __aeabi_cdrcmple
                0x080009c8                __aeabi_cdcmpeq
                0x080009c8                __aeabi_cdcmple
                0x080009d8                __aeabi_dcmpeq
                0x080009ec                __aeabi_dcmplt
                0x08000a00                __aeabi_dcmple
                0x08000a14                __aeabi_dcmpge
                0x08000a28                __aeabi_dcmpgt
 .text          0x08000a3c       0x2c C:/ST/STM32CubeIDE_2.1.1/STM32CubeIDE/plugins/com.st.stm32cube.ide.mcu.externaltools.gnu-tools-for-stm32.14.3.rel1.win32_1.0.100.202602081740/tools/bin/../lib/gcc/arm-none-eabi/14.3.1/thumb/v7-m/nofp\libgcc.a(_arm_unorddf2.o)
                0x08000a3c                __unorddf2
                0x08000a3c                __aeabi_dcmpun
 .text          0x08000a68       0x50 C:/ST/STM32CubeIDE_2.1.1/STM32CubeIDE/plugins/com.st.stm32cube.ide.mcu.externaltools.gnu-tools-for-stm32.14.3.rel1.win32_1.0.100.202602081740/tools/bin/../lib/gcc/arm-none-eabi/14.3.1/thumb/v7-m/nofp\libgcc.a(_arm_fixdfsi.o)
                0x08000a68                __aeabi_d2iz
                0x08000a68                __fixdfsi
 .text          0x08000ab8       0xa0 C:/ST/STM32CubeIDE_2.1.1/STM32CubeIDE/plugins/com.st.stm32cube.ide.mcu.externaltools.gnu-tools-for-stm32.14.3.rel1.win32_1.0.100.202602081740/tools/bin/../lib/gcc/arm-none-eabi/14.3.1/thumb/v7-m/nofp\libgcc.a(_arm_truncdfsf2.o)
                0x08000ab8                __truncdfsf2
                0x08000ab8                __aeabi_d2f
 .text          0x08000b58      0x21c C:/ST/STM32CubeIDE_2.1.1/STM32CubeIDE/plugins/com.st.stm32cube.ide.mcu.externaltools.gnu-tools-for-stm32.14.3.rel1.win32_1.0.100.202602081740/tools/bin/../lib/gcc/arm-none-eabi/14.3.1/thumb/v7-m/nofp\libgcc.a(_arm_addsubsf3.o)
                0x08000b58                __aeabi_frsub
                0x08000b60                __subsf3
                0x08000b60                __aeabi_fsub
                0x08000b64                __aeabi_fadd
                0x08000b64                __addsf3
                0x08000cc4                __aeabi_ui2f
                0x08000cc4                __floatunsisf
                0x08000ccc                __aeabi_i2f
                0x08000ccc                __floatsisf
                0x08000ce8                __aeabi_ul2f
                0x08000ce8                __floatundisf
                0x08000cf8                __aeabi_l2f
                0x08000cf8                __floatdisf
 .text          0x08000d74      0x2a0 C:/ST/STM32CubeIDE_2.1.1/STM32CubeIDE/plugins/com.st.stm32cube.ide.mcu.externaltools.gnu-tools-for-stm32.14.3.rel1.win32_1.0.100.202602081740/tools/bin/../lib/gcc/arm-none-eabi/14.3.1/thumb/v7-m/nofp\libgcc.a(_arm_muldivsf3.o)
                0x08000d74                __mulsf3
                0x08000d74                __aeabi_fmul
                0x08000edc                __aeabi_fdiv
                0x08000edc                __divsf3
 .text          0x08001014       0xec C:/ST/STM32CubeIDE_2.1.1/STM32CubeIDE/plugins/com.st.stm32cube.ide.mcu.externaltools.gnu-tools-for-stm32.14.3.rel1.win32_1.0.100.202602081740/tools/bin/../lib/gcc/arm-none-eabi/14.3.1/thumb/v7-m/nofp\libgcc.a(_arm_cmpsf2.o)
                0x08001014                __gesf2
                0x08001014                __gtsf2
                0x0800101c                __lesf2
                0x0800101c                __ltsf2
                0x08001024                __nesf2
                0x08001024                __eqsf2
                0x08001024                __cmpsf2
                0x08001084                __aeabi_cfrcmple
                0x0800108c                __aeabi_cfcmpeq
                0x0800108c                __aeabi_cfcmple
                0x0800109c                __aeabi_fcmpeq
                0x080010b0                __aeabi_fcmplt
                0x080010c4                __aeabi_fcmple
                0x080010d8                __aeabi_fcmpge
                0x080010ec                __aeabi_fcmpgt
 .text          0x08001100       0x4c C:/ST/STM32CubeIDE_2.1.1/STM32CubeIDE/plugins/com.st.stm32cube.ide.mcu.externaltools.gnu-tools-for-stm32.14.3.rel1.win32_1.0.100.202602081740/tools/bin/../lib/gcc/arm-none-eabi/14.3.1/thumb/v7-m/nofp\libgcc.a(_arm_fixsfsi.o)
                0x08001100                __aeabi_f2iz
                0x08001100                __fixsfsi
 .text          0x0800114c       0x30 C:/ST/STM32CubeIDE_2.1.1/STM32CubeIDE/plugins/com.st.stm32cube.ide.mcu.externaltools.gnu-tools-for-stm32.14.3.rel1.win32_1.0.100.202602081740/tools/bin/../lib/gcc/arm-none-eabi/14.3.1/thumb/v7-m/nofp\libgcc.a(_aeabi_uldivmod.o)
                0x0800114c                __aeabi_uldivmod
 .text          0x0800117c      0x2f4 C:/ST/STM32CubeIDE_2.1.1/STM32CubeIDE/plugins/com.st.stm32cube.ide.mcu.externaltools.gnu-tools-for-stm32.14.3.rel1.win32_1.0.100.202602081740/tools/bin/../lib/gcc/arm-none-eabi/14.3.1/thumb/v7-m/nofp\libgcc.a(_udivmoddi4.o)
                0x0800117c                __udivmoddi4
 .text          0x08001470        0x4 C:/ST/STM32CubeIDE_2.1.1/STM32CubeIDE/plugins/com.st.stm32cube.ide.mcu.externaltools.gnu-tools-for-stm32.14.3.rel1.win32_1.0.100.202602081740/tools/bin/../lib/gcc/arm-none-eabi/14.3.1/thumb/v7-m/nofp\libgcc.a(_dvmd_tls.o)
                0x08001470                __aeabi_idiv0
                0x08001470                __aeabi_ldiv0
 *(.text*)
 .text.main     0x08001474      0x164 ./Core/Src/main.o
                0x08001474                main
 .text.SystemClock_Config
                0x080015d8       0x9c ./Core/Src/main.o
                0x080015d8                SystemClock_Config
 .text.MX_SPI1_Init
                0x08001674       0x6c ./Core/Src/main.o
 .text.MX_USART2_UART_Init
                0x080016e0       0x54 ./Core/Src/main.o
 .text.MX_GPIO_Init
                0x08001734      0x13c ./Core/Src/main.o
 .text.__io_putchar
                0x08001870       0x24 ./Core/Src/main.o
                0x08001870                __io_putchar
 *fill*         0x08001894        0x4 
 .text.get_heading
                0x08001898       0xdc ./Core/Src/main.o
                0x08001898                get_heading
 .text.get_led_count
                0x08001974       0xf0 ./Core/Src/main.o
                0x08001974                get_led_count
 .text.set_leds
                0x08001a64       0xd4 ./Core/Src/main.o
                0x08001a64                set_leds
 .text.show_angle
                0x08001b38       0x8c ./Core/Src/main.o
                0x08001b38                show_angle
 .text.HAL_GPIO_EXTI_Callback
                0x08001bc4      0x174 ./Core/Src/main.o
                0x08001bc4                HAL_GPIO_EXTI_Callback
 .text.Error_Handler
                0x08001d38        0xc ./Core/Src/main.o
                0x08001d38                Error_Handler
 .text.HAL_MspInit
                0x08001d44       0x60 ./Core/Src/stm32l1xx_hal_msp.o
                0x08001d44                HAL_MspInit
 .text.HAL_SPI_MspInit
                0x08001da4       0x98 ./Core/Src/stm32l1xx_hal_msp.o
                0x08001da4                HAL_SPI_MspInit
 .text.HAL_UART_MspInit
                0x08001e3c       0x88 ./Core/Src/stm32l1xx_hal_msp.o
                0x08001e3c                HAL_UART_MspInit
 .text.NMI_Handler
                0x08001ec4        0x8 ./Core/Src/stm32l1xx_it.o
                0x08001ec4                NMI_Handler
 .text.HardFault_Handler
                0x08001ecc        0x8 ./Core/Src/stm32l1xx_it.o
                0x08001ecc                HardFault_Handler
 .text.MemManage_Handler
                0x08001ed4        0x8 ./Core/Src/stm32l1xx_it.o
                0x08001ed4                MemManage_Handler
 .text.BusFault_Handler
                0x08001edc        0x8 ./Core/Src/stm32l1xx_it.o
                0x08001edc                BusFault_Handler
 .text.UsageFault_Handler
                0x08001ee4        0x8 ./Core/Src/stm32l1xx_it.o
                0x08001ee4                UsageFault_Handler
 .text.SVC_Handler
                0x08001eec        0xc ./Core/Src/stm32l1xx_it.o
                0x08001eec                SVC_Handler
 .text.DebugMon_Handler
                0x08001ef8        0xc ./Core/Src/stm32l1xx_it.o
                0x08001ef8                DebugMon_Handler
 .text.PendSV_Handler
                0x08001f04        0xc ./Core/Src/stm32l1xx_it.o
                0x08001f04                PendSV_Handler
 .text.SysTick_Handler
                0x08001f10        0xc ./Core/Src/stm32l1xx_it.o
                0x08001f10                SysTick_Handler
 .text.EXTI9_5_IRQHandler
                0x08001f1c        0xe ./Core/Src/stm32l1xx_it.o
                0x08001f1c                EXTI9_5_IRQHandler
 *fill*         0x08001f2a        0x2 
 .text.SPI1_IRQHandler
                0x08001f2c       0x14 ./Core/Src/stm32l1xx_it.o
                0x08001f2c                SPI1_IRQHandler
 .text.EXTI15_10_IRQHandler
                0x08001f40       0x20 ./Core/Src/stm32l1xx_it.o
                0x08001f40                EXTI15_10_IRQHandler
 .text.BSP_I2C1_Init
                0x08001f60       0x64 ./Core/Src/stm32l1xx_nucleo_bus.o
                0x08001f60                BSP_I2C1_Init
 .text.BSP_I2C1_DeInit
                0x08001fc4       0x50 ./Core/Src/stm32l1xx_nucleo_bus.o
                0x08001fc4                BSP_I2C1_DeInit
 .text.BSP_I2C1_WriteReg
                0x08002014       0x64 ./Core/Src/stm32l1xx_nucleo_bus.o
                0x08002014                BSP_I2C1_WriteReg
 .text.BSP_I2C1_ReadReg
                0x08002078       0x64 ./Core/Src/stm32l1xx_nucleo_bus.o
                0x08002078                BSP_I2C1_ReadReg
 .text.BSP_GetTick
                0x080020dc        0xe ./Core/Src/stm32l1xx_nucleo_bus.o
                0x080020dc                BSP_GetTick
 *fill*         0x080020ea        0x2 
 .text.MX_I2C1_Init
                0x080020ec       0x68 ./Core/Src/stm32l1xx_nucleo_bus.o
                0x080020ec                MX_I2C1_Init
 .text.I2C1_MspInit
                0x08002154       0x8c ./Core/Src/stm32l1xx_nucleo_bus.o
 .text.I2C1_MspDeInit
                0x080021e0       0x38 ./Core/Src/stm32l1xx_nucleo_bus.o
 .text._getpid  0x08002218        0xe ./Core/Src/syscalls.o
                0x08002218                _getpid
 .text._kill    0x08002226       0x20 ./Core/Src/syscalls.o
                0x08002226                _kill
 .text._exit    0x08002246       0x16 ./Core/Src/syscalls.o
                0x08002246                _exit
 .text._read    0x0800225c       0x3a ./Core/Src/syscalls.o
                0x0800225c                _read
 .text._write   0x08002296       0x38 ./Core/Src/syscalls.o
                0x08002296                _write
 .text._close   0x080022ce       0x16 ./Core/Src/syscalls.o
                0x080022ce                _close
 .text._fstat   0x080022e4       0x1e ./Core/Src/syscalls.o
                0x080022e4                _fstat
 .text._isatty  0x08002302       0x14 ./Core/Src/syscalls.o
                0x08002302                _isatty
 .text._lseek   0x08002316       0x18 ./Core/Src/syscalls.o
                0x08002316                _lseek
 *fill*         0x0800232e        0x2 
 .text._sbrk    0x08002330       0x6c ./Core/Src/sysmem.o
                0x08002330                _sbrk
 .text.SystemInit
                0x0800239c        0xc ./Core/Src/system_stm32l1xx.o
                0x0800239c                SystemInit
 .text.Reset_Handler
                0x080023a8       0x48 ./Core/Startup/startup_stm32l152retx.o
                0x080023a8                Reset_Handler
 .text.Default_Handler
                0x080023f0        0x2 ./Core/Startup/startup_stm32l152retx.o
                0x080023f0                RTC_Alarm_IRQHandler
                0x080023f0                EXTI2_IRQHandler
                0x080023f0                COMP_ACQ_IRQHandler
                0x080023f0                TIM10_IRQHandler
                0x080023f0                USB_HP_IRQHandler
                0x080023f0                TIM6_IRQHandler
                0x080023f0                PVD_IRQHandler
                0x080023f0                EXTI3_IRQHandler
                0x080023f0                EXTI0_IRQHandler
                0x080023f0                I2C2_EV_IRQHandler
                0x080023f0                USB_FS_WKUP_IRQHandler
                0x080023f0                DMA2_Channel2_IRQHandler
                0x080023f0                DMA1_Channel4_IRQHandler
                0x080023f0                ADC1_IRQHandler
                0x080023f0                USART3_IRQHandler
                0x080023f0                DMA1_Channel7_IRQHandler
                0x080023f0                LCD_IRQHandler
                0x080023f0                UART5_IRQHandler
                0x080023f0                TIM4_IRQHandler
                0x080023f0                DMA2_Channel1_IRQHandler
                0x080023f0                I2C1_EV_IRQHandler
                0x080023f0                DMA1_Channel6_IRQHandler
                0x080023f0                UART4_IRQHandler
                0x080023f0                DMA2_Channel4_IRQHandler
                0x080023f0                TIM3_IRQHandler
                0x080023f0                RCC_IRQHandler
                0x080023f0                DMA1_Channel1_IRQHandler
                0x080023f0                Default_Handler
                0x080023f0                TIM7_IRQHandler
                0x080023f0                TIM5_IRQHandler
                0x080023f0                TIM9_IRQHandler
                0x080023f0                TAMPER_STAMP_IRQHandler
                0x080023f0                RTC_WKUP_IRQHandler
                0x080023f0                SPI2_IRQHandler
                0x080023f0                DMA2_Channel5_IRQHandler
                0x080023f0                DMA1_Channel5_IRQHandler
                0x080023f0                USB_LP_IRQHandler
                0x080023f0                EXTI4_IRQHandler
                0x080023f0                DMA1_Channel3_IRQHandler
                0x080023f0                COMP_IRQHandler
                0x080023f0                WWDG_IRQHandler
                0x080023f0                TIM2_IRQHandler
                0x080023f0                DAC_IRQHandler
                0x080023f0                EXTI1_IRQHandler
                0x080023f0                TIM11_IRQHandler
                0x080023f0                USART2_IRQHandler
                0x080023f0                I2C2_ER_IRQHandler
                0x080023f0                DMA1_Channel2_IRQHandler
                0x080023f0                FLASH_IRQHandler
                0x080023f0                USART1_IRQHandler
                0x080023f0                SPI3_IRQHandler
                0x080023f0                I2C1_ER_IRQHandler
                0x080023f0                DMA2_Channel3_IRQHandler
 *fill*         0x080023f2        0x2 
 .text.LIS2DW12_RegisterBusIO
                0x080023f4       0xd4 ./Drivers/BSP/Components/lis2dw12/lis2dw12.o
                0x080023f4                LIS2DW12_RegisterBusIO
 .text.LIS2DW12_Init
                0x080024c8       0xc4 ./Drivers/BSP/Components/lis2dw12/lis2dw12.o
                0x080024c8                LIS2DW12_Init
 .text.LIS2DW12_DeInit
                0x0800258c       0x44 ./Drivers/BSP/Components/lis2dw12/lis2dw12.o
                0x0800258c                LIS2DW12_DeInit
 .text.LIS2DW12_ReadID
                0x080025d0       0x2c ./Drivers/BSP/Components/lis2dw12/lis2dw12.o
                0x080025d0                LIS2DW12_ReadID
 .text.LIS2DW12_GetCapabilities
                0x080025fc       0x5c ./Drivers/BSP/Components/lis2dw12/lis2dw12.o
                0x080025fc                LIS2DW12_GetCapabilities
 .text.LIS2DW12_ACC_Enable
                0x08002658       0x4a ./Drivers/BSP/Components/lis2dw12/lis2dw12.o
                0x08002658                LIS2DW12_ACC_Enable
 .text.LIS2DW12_ACC_Disable
                0x080026a2       0x40 ./Drivers/BSP/Components/lis2dw12/lis2dw12.o
                0x080026a2                LIS2DW12_ACC_Disable
 *fill*         0x080026e2        0x2 
 .text.LIS2DW12_ACC_GetSensitivity
                0x080026e4      0x150 ./Drivers/BSP/Components/lis2dw12/lis2dw12.o
                0x080026e4                LIS2DW12_ACC_GetSensitivity
 .text.LIS2DW12_ACC_GetOutputDataRate
                0x08002834      0x2fc ./Drivers/BSP/Components/lis2dw12/lis2dw12.o
                0x08002834                LIS2DW12_ACC_GetOutputDataRate
 .text.LIS2DW12_ACC_SetOutputDataRate
                0x08002b30       0x20 ./Drivers/BSP/Components/lis2dw12/lis2dw12.o
                0x08002b30                LIS2DW12_ACC_SetOutputDataRate
 .text.LIS2DW12_ACC_SetOutputDataRate_With_Mode
                0x08002b50       0x46 ./Drivers/BSP/Components/lis2dw12/lis2dw12.o
                0x08002b50                LIS2DW12_ACC_SetOutputDataRate_With_Mode
 *fill*         0x08002b96        0x2 
 .text.LIS2DW12_ACC_GetFullScale
                0x08002b98       0x84 ./Drivers/BSP/Components/lis2dw12/lis2dw12.o
                0x08002b98                LIS2DW12_ACC_GetFullScale
 .text.LIS2DW12_ACC_SetFullScale
                0x08002c1c       0x50 ./Drivers/BSP/Components/lis2dw12/lis2dw12.o
                0x08002c1c                LIS2DW12_ACC_SetFullScale
 .text.LIS2DW12_ACC_GetAxesRaw
                0x08002c6c      0x104 ./Drivers/BSP/Components/lis2dw12/lis2dw12.o
                0x08002c6c                LIS2DW12_ACC_GetAxesRaw
 .text.LIS2DW12_ACC_GetAxes
                0x08002d70       0xb6 ./Drivers/BSP/Components/lis2dw12/lis2dw12.o
                0x08002d70                LIS2DW12_ACC_GetAxes
 .text.LIS2DW12_Write_Reg
                0x08002e26       0x36 ./Drivers/BSP/Components/lis2dw12/lis2dw12.o
                0x08002e26                LIS2DW12_Write_Reg
 .text.LIS2DW12_ACC_SetOutputDataRate_When_Enabled
                0x08002e5c      0x204 ./Drivers/BSP/Components/lis2dw12/lis2dw12.o
 .text.LIS2DW12_ACC_SetOutputDataRate_When_Disabled
                0x08003060       0xec ./Drivers/BSP/Components/lis2dw12/lis2dw12.o
 .text.ReadRegWrap
                0x0800314c       0x36 ./Drivers/BSP/Components/lis2dw12/lis2dw12.o
 .text.WriteRegWrap
                0x08003182       0x36 ./Drivers/BSP/Components/lis2dw12/lis2dw12.o
 .text.lis2dw12_read_reg
                0x080031b8       0x3c ./Drivers/BSP/Components/lis2dw12/lis2dw12_reg.o
                0x080031b8                lis2dw12_read_reg
 .text.lis2dw12_write_reg
                0x080031f4       0x3c ./Drivers/BSP/Components/lis2dw12/lis2dw12_reg.o
                0x080031f4                lis2dw12_write_reg
 .text.lis2dw12_power_mode_set
                0x08003230       0x9c ./Drivers/BSP/Components/lis2dw12/lis2dw12_reg.o
                0x08003230                lis2dw12_power_mode_set
 .text.lis2dw12_power_mode_get
                0x080032cc      0x174 ./Drivers/BSP/Components/lis2dw12/lis2dw12_reg.o
                0x080032cc                lis2dw12_power_mode_get
 .text.lis2dw12_data_rate_set
                0x08003440       0x8a ./Drivers/BSP/Components/lis2dw12/lis2dw12_reg.o
                0x08003440                lis2dw12_data_rate_set
 *fill*         0x080034ca        0x2 
 .text.lis2dw12_data_rate_get
                0x080034cc      0x194 ./Drivers/BSP/Components/lis2dw12/lis2dw12_reg.o
                0x080034cc                lis2dw12_data_rate_get
 .text.lis2dw12_block_data_update_set
                0x08003660       0x4c ./Drivers/BSP/Components/lis2dw12/lis2dw12_reg.o
                0x08003660                lis2dw12_block_data_update_set
 .text.lis2dw12_full_scale_set
                0x080036ac       0x4c ./Drivers/BSP/Components/lis2dw12/lis2dw12_reg.o
                0x080036ac                lis2dw12_full_scale_set
 .text.lis2dw12_full_scale_get
                0x080036f8       0x70 ./Drivers/BSP/Components/lis2dw12/lis2dw12_reg.o
                0x080036f8                lis2dw12_full_scale_get
 .text.lis2dw12_acceleration_raw_get
                0x08003768       0x90 ./Drivers/BSP/Components/lis2dw12/lis2dw12_reg.o
                0x08003768                lis2dw12_acceleration_raw_get
 .text.lis2dw12_device_id_get
                0x080037f8       0x22 ./Drivers/BSP/Components/lis2dw12/lis2dw12_reg.o
                0x080037f8                lis2dw12_device_id_get
 .text.lis2dw12_auto_increment_set
                0x0800381a       0x4c ./Drivers/BSP/Components/lis2dw12/lis2dw12_reg.o
                0x0800381a                lis2dw12_auto_increment_set
 .text.lis2dw12_fifo_mode_set
                0x08003866       0x4c ./Drivers/BSP/Components/lis2dw12/lis2dw12_reg.o
                0x08003866                lis2dw12_fifo_mode_set
 *fill*         0x080038b2        0x2 
 .text.LIS2MDL_RegisterBusIO
                0x080038b4      0x100 ./Drivers/BSP/Components/lis2mdl/lis2mdl.o
                0x080038b4                LIS2MDL_RegisterBusIO
 .text.LIS2MDL_Init
                0x080039b4      0x10c ./Drivers/BSP/Components/lis2mdl/lis2mdl.o
                0x080039b4                LIS2MDL_Init
 .text.LIS2MDL_DeInit
                0x08003ac0       0x2c ./Drivers/BSP/Components/lis2mdl/lis2mdl.o
                0x08003ac0                LIS2MDL_DeInit
 .text.LIS2MDL_ReadID
                0x08003aec       0x4c ./Drivers/BSP/Components/lis2mdl/lis2mdl.o
                0x08003aec                LIS2MDL_ReadID
 .text.LIS2MDL_GetCapabilities
                0x08003b38       0x5c ./Drivers/BSP/Components/lis2mdl/lis2mdl.o
                0x08003b38                LIS2MDL_GetCapabilities
 .text.LIS2MDL_MAG_Enable
                0x08003b94       0x84 ./Drivers/BSP/Components/lis2mdl/lis2mdl.o
                0x08003b94                LIS2MDL_MAG_Enable
 .text.LIS2MDL_MAG_Disable
                0x08003c18       0x86 ./Drivers/BSP/Components/lis2mdl/lis2mdl.o
                0x08003c18                LIS2MDL_MAG_Disable
 .text.LIS2MDL_MAG_GetSensitivity
                0x08003c9e       0x1e ./Drivers/BSP/Components/lis2mdl/lis2mdl.o
                0x08003c9e                LIS2MDL_MAG_GetSensitivity
 .text.LIS2MDL_MAG_GetOutputDataRate
                0x08003cbc       0x8c ./Drivers/BSP/Components/lis2mdl/lis2mdl.o
                0x08003cbc                LIS2MDL_MAG_GetOutputDataRate
 .text.LIS2MDL_MAG_SetOutputDataRate
                0x08003d48       0xc0 ./Drivers/BSP/Components/lis2mdl/lis2mdl.o
                0x08003d48                LIS2MDL_MAG_SetOutputDataRate
 .text.LIS2MDL_MAG_GetFullScale
                0x08003e08       0x1c ./Drivers/BSP/Components/lis2mdl/lis2mdl.o
                0x08003e08                LIS2MDL_MAG_GetFullScale
 .text.LIS2MDL_MAG_SetFullScale
                0x08003e24       0x16 ./Drivers/BSP/Components/lis2mdl/lis2mdl.o
                0x08003e24                LIS2MDL_MAG_SetFullScale
 .text.LIS2MDL_MAG_GetAxesRaw
                0x08003e3a       0x48 ./Drivers/BSP/Components/lis2mdl/lis2mdl.o
                0x08003e3a                LIS2MDL_MAG_GetAxesRaw
 .text.LIS2MDL_MAG_GetAxes
                0x08003e82      0x120 ./Drivers/BSP/Components/lis2mdl/lis2mdl.o
                0x08003e82                LIS2MDL_MAG_GetAxes
 .text.LIS2MDL_Write_Reg
                0x08003fa2       0x56 ./Drivers/BSP/Components/lis2mdl/lis2mdl.o
                0x08003fa2                LIS2MDL_Write_Reg
 .text.ReadMagRegWrap
                0x08003ff8       0x82 ./Drivers/BSP/Components/lis2mdl/lis2mdl.o
 .text.WriteMagRegWrap
                0x0800407a       0x82 ./Drivers/BSP/Components/lis2mdl/lis2mdl.o
 .text.LSM6DSOX_SENSORHUB_LIS2MDL_ReadShData
                0x080040fc      0x27e ./Drivers/BSP/Components/lis2mdl/lis2mdl.o
 .text.LSM6DSOX_SENSORHUB_LIS2MDL_WriteShData
                0x0800437a      0x23c ./Drivers/BSP/Components/lis2mdl/lis2mdl.o
 .text.lis2mdl_read_reg
                0x080045b6       0x3c ./Drivers/BSP/Components/lis2mdl/lis2mdl_reg.o
                0x080045b6                lis2mdl_read_reg
 .text.lis2mdl_write_reg
                0x080045f2       0x3c ./Drivers/BSP/Components/lis2mdl/lis2mdl_reg.o
                0x080045f2                lis2mdl_write_reg
 .text.lis2mdl_operating_mode_set
                0x0800462e       0x4c ./Drivers/BSP/Components/lis2mdl/lis2mdl_reg.o
                0x0800462e                lis2mdl_operating_mode_set
 .text.lis2mdl_data_rate_set
                0x0800467a       0x4c ./Drivers/BSP/Components/lis2mdl/lis2mdl_reg.o
                0x0800467a                lis2mdl_data_rate_set
 *fill*         0x080046c6        0x2 
 .text.lis2mdl_data_rate_get
                0x080046c8       0x70 ./Drivers/BSP/Components/lis2mdl/lis2mdl_reg.o
                0x080046c8                lis2mdl_data_rate_get
 .text.lis2mdl_block_data_update_set
                0x08004738       0x4c ./Drivers/BSP/Components/lis2mdl/lis2mdl_reg.o
                0x08004738                lis2mdl_block_data_update_set
 .text.lis2mdl_magnetic_raw_get
                0x08004784       0x90 ./Drivers/BSP/Components/lis2mdl/lis2mdl_reg.o
                0x08004784                lis2mdl_magnetic_raw_get
 .text.lis2mdl_device_id_get
                0x08004814       0x22 ./Drivers/BSP/Components/lis2mdl/lis2mdl_reg.o
                0x08004814                lis2mdl_device_id_get
 .text.lis2mdl_self_test_set
                0x08004836       0x4c ./Drivers/BSP/Components/lis2mdl/lis2mdl_reg.o
                0x08004836                lis2mdl_self_test_set
 .text.lis2mdl_i2c_interface_set
                0x08004882       0x4c ./Drivers/BSP/Components/lis2mdl/lis2mdl_reg.o
                0x08004882                lis2mdl_i2c_interface_set
 *fill*         0x080048ce        0x2 
 .text.LSM6DSO_RegisterBusIO
                0x080048d0       0xd4 ./Drivers/BSP/Components/lsm6dso/lsm6dso.o
                0x080048d0                LSM6DSO_RegisterBusIO
 .text.LSM6DSO_Init
                0x080049a4      0x106 ./Drivers/BSP/Components/lsm6dso/lsm6dso.o
                0x080049a4                LSM6DSO_Init
 .text.LSM6DSO_DeInit
                0x08004aaa       0x4e ./Drivers/BSP/Components/lsm6dso/lsm6dso.o
                0x08004aaa                LSM6DSO_DeInit
 .text.LSM6DSO_ReadID
                0x08004af8       0x2c ./Drivers/BSP/Components/lsm6dso/lsm6dso.o
                0x08004af8                LSM6DSO_ReadID
 .text.LSM6DSO_GetCapabilities
                0x08004b24       0x5c ./Drivers/BSP/Components/lsm6dso/lsm6dso.o
                0x08004b24                LSM6DSO_GetCapabilities
 .text.LSM6DSO_ACC_Enable
                0x08004b80       0x48 ./Drivers/BSP/Components/lsm6dso/lsm6dso.o
                0x08004b80                LSM6DSO_ACC_Enable
 .text.LSM6DSO_ACC_Disable
                0x08004bc8       0x5e ./Drivers/BSP/Components/lsm6dso/lsm6dso.o
                0x08004bc8                LSM6DSO_ACC_Disable
 *fill*         0x08004c26        0x2 
 .text.LSM6DSO_ACC_GetSensitivity
                0x08004c28       0x8c ./Drivers/BSP/Components/lsm6dso/lsm6dso.o
                0x08004c28                LSM6DSO_ACC_GetSensitivity
 .text.LSM6DSO_ACC_GetOutputDataRate
                0x08004cb4      0x108 ./Drivers/BSP/Components/lsm6dso/lsm6dso.o
                0x08004cb4                LSM6DSO_ACC_GetOutputDataRate
 .text.LSM6DSO_ACC_SetOutputDataRate
                0x08004dbc       0x1e ./Drivers/BSP/Components/lsm6dso/lsm6dso.o
                0x08004dbc                LSM6DSO_ACC_SetOutputDataRate
 *fill*         0x08004dda        0x2 
 .text.LSM6DSO_ACC_SetOutputDataRate_With_Mode
                0x08004ddc      0x328 ./Drivers/BSP/Components/lsm6dso/lsm6dso.o
                0x08004ddc                LSM6DSO_ACC_SetOutputDataRate_With_Mode
 .text.LSM6DSO_ACC_GetFullScale
                0x08005104       0x7c ./Drivers/BSP/Components/lsm6dso/lsm6dso.o
                0x08005104                LSM6DSO_ACC_GetFullScale
 .text.LSM6DSO_ACC_SetFullScale
                0x08005180       0x50 ./Drivers/BSP/Components/lsm6dso/lsm6dso.o
                0x08005180                LSM6DSO_ACC_SetFullScale
 .text.LSM6DSO_ACC_GetAxesRaw
                0x080051d0       0x48 ./Drivers/BSP/Components/lsm6dso/lsm6dso.o
                0x080051d0                LSM6DSO_ACC_GetAxesRaw
 .text.LSM6DSO_ACC_GetAxes
                0x08005218       0xba ./Drivers/BSP/Components/lsm6dso/lsm6dso.o
                0x08005218                LSM6DSO_ACC_GetAxes
 .text.LSM6DSO_GYRO_Enable
                0x080052d2       0x48 ./Drivers/BSP/Components/lsm6dso/lsm6dso.o
                0x080052d2                LSM6DSO_GYRO_Enable
 .text.LSM6DSO_GYRO_Disable
                0x0800531a       0x5e ./Drivers/BSP/Components/lsm6dso/lsm6dso.o
                0x0800531a                LSM6DSO_GYRO_Disable
 .text.LSM6DSO_GYRO_GetSensitivity
                0x08005378       0xa4 ./Drivers/BSP/Components/lsm6dso/lsm6dso.o
                0x08005378                LSM6DSO_GYRO_GetSensitivity
 .text.LSM6DSO_GYRO_GetOutputDataRate
                0x0800541c       0xf8 ./Drivers/BSP/Components/lsm6dso/lsm6dso.o
                0x0800541c                LSM6DSO_GYRO_GetOutputDataRate
 .text.LSM6DSO_GYRO_SetOutputDataRate
                0x08005514       0x1e ./Drivers/BSP/Components/lsm6dso/lsm6dso.o
                0x08005514                LSM6DSO_GYRO_SetOutputDataRate
 *fill*         0x08005532        0x2 
 .text.LSM6DSO_GYRO_SetOutputDataRate_With_Mode
                0x08005534      0x120 ./Drivers/BSP/Components/lsm6dso/lsm6dso.o
                0x08005534                LSM6DSO_GYRO_SetOutputDataRate_With_Mode
 .text.LSM6DSO_GYRO_GetFullScale
                0x08005654       0x94 ./Drivers/BSP/Components/lsm6dso/lsm6dso.o
                0x08005654                LSM6DSO_GYRO_GetFullScale
 .text.LSM6DSO_GYRO_SetFullScale
                0x080056e8       0x5e ./Drivers/BSP/Components/lsm6dso/lsm6dso.o
                0x080056e8                LSM6DSO_GYRO_SetFullScale
 .text.LSM6DSO_GYRO_GetAxesRaw
                0x08005746       0x48 ./Drivers/BSP/Components/lsm6dso/lsm6dso.o
                0x08005746                LSM6DSO_GYRO_GetAxesRaw
 .text.LSM6DSO_GYRO_GetAxes
                0x0800578e       0xba ./Drivers/BSP/Components/lsm6dso/lsm6dso.o
                0x0800578e                LSM6DSO_GYRO_GetAxes
 .text.LSM6DSO_Write_Reg
                0x08005848       0x36 ./Drivers/BSP/Components/lsm6dso/lsm6dso.o
                0x08005848                LSM6DSO_Write_Reg
 .text.LSM6DSO_Set_Mem_Bank
                0x0800587e       0x4c ./Drivers/BSP/Components/lsm6dso/lsm6dso.o
                0x0800587e                LSM6DSO_Set_Mem_Bank
 *fill*         0x080058ca        0x2 
 .text.LSM6DSO_ACC_SetOutputDataRate_When_Enabled
                0x080058cc      0x110 ./Drivers/BSP/Components/lsm6dso/lsm6dso.o
 .text.LSM6DSO_ACC_SetOutputDataRate_When_Disabled
                0x080059dc       0xf8 ./Drivers/BSP/Components/lsm6dso/lsm6dso.o
 .text.LSM6DSO_GYRO_SetOutputDataRate_When_Enabled
                0x08005ad4       0xf8 ./Drivers/BSP/Components/lsm6dso/lsm6dso.o
 .text.LSM6DSO_GYRO_SetOutputDataRate_When_Disabled
                0x08005bcc       0xe4 ./Drivers/BSP/Components/lsm6dso/lsm6dso.o
 .text.ReadRegWrap
                0x08005cb0       0x36 ./Drivers/BSP/Components/lsm6dso/lsm6dso.o
 .text.WriteRegWrap
                0x08005ce6       0x36 ./Drivers/BSP/Components/lsm6dso/lsm6dso.o
 .text.lsm6dso_read_reg
                0x08005d1c       0x3c ./Drivers/BSP/Components/lsm6dso/lsm6dso_reg.o
                0x08005d1c                lsm6dso_read_reg
 .text.lsm6dso_write_reg
                0x08005d58       0x3c ./Drivers/BSP/Components/lsm6dso/lsm6dso_reg.o
                0x08005d58                lsm6dso_write_reg
 .text.lsm6dso_xl_full_scale_set
                0x08005d94       0x4c ./Drivers/BSP/Components/lsm6dso/lsm6dso_reg.o
                0x08005d94                lsm6dso_xl_full_scale_set
 .text.lsm6dso_xl_full_scale_get
                0x08005de0       0x70 ./Drivers/BSP/Components/lsm6dso/lsm6dso_reg.o
                0x08005de0                lsm6dso_xl_full_scale_get
 .text.lsm6dso_xl_data_rate_set
                0x08005e50      0x1f4 ./Drivers/BSP/Components/lsm6dso/lsm6dso_reg.o
                0x08005e50                lsm6dso_xl_data_rate_set
 .text.lsm6dso_xl_data_rate_get
                0x08006044       0xd0 ./Drivers/BSP/Components/lsm6dso/lsm6dso_reg.o
                0x08006044                lsm6dso_xl_data_rate_get
 .text.lsm6dso_gy_full_scale_set
                0x08006114       0x4c ./Drivers/BSP/Components/lsm6dso/lsm6dso_reg.o
                0x08006114                lsm6dso_gy_full_scale_set
 .text.lsm6dso_gy_full_scale_get
                0x08006160       0x84 ./Drivers/BSP/Components/lsm6dso/lsm6dso_reg.o
                0x08006160                lsm6dso_gy_full_scale_get
 .text.lsm6dso_gy_data_rate_set
                0x080061e4      0x1f4 ./Drivers/BSP/Components/lsm6dso/lsm6dso_reg.o
                0x080061e4                lsm6dso_gy_data_rate_set
 .text.lsm6dso_gy_data_rate_get
                0x080063d8       0xc4 ./Drivers/BSP/Components/lsm6dso/lsm6dso_reg.o
                0x080063d8                lsm6dso_gy_data_rate_get
 .text.lsm6dso_block_data_update_set
                0x0800649c       0x4c ./Drivers/BSP/Components/lsm6dso/lsm6dso_reg.o
                0x0800649c                lsm6dso_block_data_update_set
 .text.lsm6dso_angular_rate_raw_get
                0x080064e8       0x90 ./Drivers/BSP/Components/lsm6dso/lsm6dso_reg.o
                0x080064e8                lsm6dso_angular_rate_raw_get
 .text.lsm6dso_acceleration_raw_get
                0x08006578       0x90 ./Drivers/BSP/Components/lsm6dso/lsm6dso_reg.o
                0x08006578                lsm6dso_acceleration_raw_get
 .text.lsm6dso_mem_bank_set
                0x08006608       0x3a ./Drivers/BSP/Components/lsm6dso/lsm6dso_reg.o
                0x08006608                lsm6dso_mem_bank_set
 .text.lsm6dso_device_id_get
                0x08006642       0x22 ./Drivers/BSP/Components/lsm6dso/lsm6dso_reg.o
                0x08006642                lsm6dso_device_id_get
 .text.lsm6dso_auto_increment_set
                0x08006664       0x4c ./Drivers/BSP/Components/lsm6dso/lsm6dso_reg.o
                0x08006664                lsm6dso_auto_increment_set
 .text.lsm6dso_i3c_disable_set
                0x080066b0       0x90 ./Drivers/BSP/Components/lsm6dso/lsm6dso_reg.o
                0x080066b0                lsm6dso_i3c_disable_set
 .text.lsm6dso_fifo_mode_set
                0x08006740       0x4c ./Drivers/BSP/Components/lsm6dso/lsm6dso_reg.o
                0x08006740                lsm6dso_fifo_mode_set
 .text.lsm6dso_fsm_enable_get
                0x0800678c       0x42 ./Drivers/BSP/Components/lsm6dso/lsm6dso_reg.o
                0x0800678c                lsm6dso_fsm_enable_get
 *fill*         0x080067ce        0x2 
 .text.lsm6dso_fsm_data_rate_get
                0x080067d0       0x9c ./Drivers/BSP/Components/lsm6dso/lsm6dso_reg.o
                0x080067d0                lsm6dso_fsm_data_rate_get
 .text.IKS01A3_MOTION_SENSOR_Init
                0x0800686c      0x1f8 ./Drivers/BSP/IKS01A3/iks01a3_motion_sensors.o
                0x0800686c                IKS01A3_MOTION_SENSOR_Init
 .text.IKS01A3_MOTION_SENSOR_GetAxes
                0x08006a64       0x88 ./Drivers/BSP/IKS01A3/iks01a3_motion_sensors.o
                0x08006a64                IKS01A3_MOTION_SENSOR_GetAxes
 .text.IKS01A3_MOTION_SENSOR_SetOutputDataRate
                0x08006aec       0x88 ./Drivers/BSP/IKS01A3/iks01a3_motion_sensors.o
                0x08006aec                IKS01A3_MOTION_SENSOR_SetOutputDataRate
 .text.IKS01A3_MOTION_SENSOR_SetFullScale
                0x08006b74       0x88 ./Drivers/BSP/IKS01A3/iks01a3_motion_sensors.o
                0x08006b74                IKS01A3_MOTION_SENSOR_SetFullScale
 .text.LSM6DSO_0_Probe
                0x08006bfc      0x194 ./Drivers/BSP/IKS01A3/iks01a3_motion_sensors.o
 .text.LIS2DW12_0_Probe
                0x08006d90      0x150 ./Drivers/BSP/IKS01A3/iks01a3_motion_sensors.o
 .text.LIS2MDL_0_Probe
                0x08006ee0      0x150 ./Drivers/BSP/IKS01A3/iks01a3_motion_sensors.o
 .text.HAL_Init
                0x08007030       0x30 ./Drivers/STM32L1xx_HAL_Driver/Src/stm32l1xx_hal.o
                0x08007030                HAL_Init
 .text.HAL_InitTick
                0x08007060       0x74 ./Drivers/STM32L1xx_HAL_Driver/Src/stm32l1xx_hal.o
                0x08007060                HAL_InitTick
 .text.HAL_IncTick
                0x080070d4       0x24 ./Drivers/STM32L1xx_HAL_Driver/Src/stm32l1xx_hal.o
                0x080070d4                HAL_IncTick
 .text.HAL_GetTick
                0x080070f8       0x14 ./Drivers/STM32L1xx_HAL_Driver/Src/stm32l1xx_hal.o
                0x080070f8                HAL_GetTick
 .text.HAL_Delay
                0x0800710c       0x44 ./Drivers/STM32L1xx_HAL_Driver/Src/stm32l1xx_hal.o
                0x0800710c                HAL_Delay
 .text.__NVIC_SetPriorityGrouping
                0x08007150       0x48 ./Drivers/STM32L1xx_HAL_Driver/Src/stm32l1xx_hal_cortex.o
 .text.__NVIC_GetPriorityGrouping
                0x08007198       0x1c ./Drivers/STM32L1xx_HAL_Driver/Src/stm32l1xx_hal_cortex.o
 .text.__NVIC_EnableIRQ
                0x080071b4       0x38 ./Drivers/STM32L1xx_HAL_Driver/Src/stm32l1xx_hal_cortex.o
 .text.__NVIC_SetPriority
                0x080071ec       0x54 ./Drivers/STM32L1xx_HAL_Driver/Src/stm32l1xx_hal_cortex.o
 .text.NVIC_EncodePriority
                0x08007240       0x64 ./Drivers/STM32L1xx_HAL_Driver/Src/stm32l1xx_hal_cortex.o
 .text.SysTick_Config
                0x080072a4       0x44 ./Drivers/STM32L1xx_HAL_Driver/Src/stm32l1xx_hal_cortex.o
 .text.HAL_NVIC_SetPriorityGrouping
                0x080072e8       0x16 ./Drivers/STM32L1xx_HAL_Driver/Src/stm32l1xx_hal_cortex.o
                0x080072e8                HAL_NVIC_SetPriorityGrouping
 .text.HAL_NVIC_SetPriority
                0x080072fe       0x38 ./Drivers/STM32L1xx_HAL_Driver/Src/stm32l1xx_hal_cortex.o
                0x080072fe                HAL_NVIC_SetPriority
 .text.HAL_NVIC_EnableIRQ
                0x08007336       0x1c ./Drivers/STM32L1xx_HAL_Driver/Src/stm32l1xx_hal_cortex.o
                0x08007336                HAL_NVIC_EnableIRQ
 .text.HAL_SYSTICK_Config
                0x08007352       0x18 ./Drivers/STM32L1xx_HAL_Driver/Src/stm32l1xx_hal_cortex.o
                0x08007352                HAL_SYSTICK_Config
 .text.HAL_DMA_Abort_IT
                0x0800736a       0x82 ./Drivers/STM32L1xx_HAL_Driver/Src/stm32l1xx_hal_dma.o
                0x0800736a                HAL_DMA_Abort_IT
 .text.HAL_GPIO_Init
                0x080073ec      0x320 ./Drivers/STM32L1xx_HAL_Driver/Src/stm32l1xx_hal_gpio.o
                0x080073ec                HAL_GPIO_Init
 .text.HAL_GPIO_DeInit
                0x0800770c      0x1e0 ./Drivers/STM32L1xx_HAL_Driver/Src/stm32l1xx_hal_gpio.o
                0x0800770c                HAL_GPIO_DeInit
 .text.HAL_GPIO_WritePin
                0x080078ec       0x30 ./Drivers/STM32L1xx_HAL_Driver/Src/stm32l1xx_hal_gpio.o
                0x080078ec                HAL_GPIO_WritePin
 .text.HAL_GPIO_EXTI_IRQHandler
                0x0800791c       0x30 ./Drivers/STM32L1xx_HAL_Driver/Src/stm32l1xx_hal_gpio.o
                0x0800791c                HAL_GPIO_EXTI_IRQHandler
 .text.HAL_I2C_Init
                0x0800794c      0x288 ./Drivers/STM32L1xx_HAL_Driver/Src/stm32l1xx_hal_i2c.o
                0x0800794c                HAL_I2C_Init
 .text.HAL_I2C_DeInit
                0x08007bd4       0x5e ./Drivers/STM32L1xx_HAL_Driver/Src/stm32l1xx_hal_i2c.o
                0x08007bd4                HAL_I2C_DeInit
 .text.HAL_I2C_MspInit
                0x08007c32       0x12 ./Drivers/STM32L1xx_HAL_Driver/Src/stm32l1xx_hal_i2c.o
                0x08007c32                HAL_I2C_MspInit
 .text.HAL_I2C_MspDeInit
                0x08007c44       0x12 ./Drivers/STM32L1xx_HAL_Driver/Src/stm32l1xx_hal_i2c.o
                0x08007c44                HAL_I2C_MspDeInit
 *fill*         0x08007c56        0x2 
 .text.HAL_I2C_Mem_Write
                0x08007c58      0x1f4 ./Drivers/STM32L1xx_HAL_Driver/Src/stm32l1xx_hal_i2c.o
                0x08007c58                HAL_I2C_Mem_Write
 .text.HAL_I2C_Mem_Read
                0x08007e4c      0x464 ./Drivers/STM32L1xx_HAL_Driver/Src/stm32l1xx_hal_i2c.o
                0x08007e4c                HAL_I2C_Mem_Read
 .text.HAL_I2C_GetState
                0x080082b0       0x1a ./Drivers/STM32L1xx_HAL_Driver/Src/stm32l1xx_hal_i2c.o
                0x080082b0                HAL_I2C_GetState
 .text.HAL_I2C_GetError
                0x080082ca       0x16 ./Drivers/STM32L1xx_HAL_Driver/Src/stm32l1xx_hal_i2c.o
                0x080082ca                HAL_I2C_GetError
 .text.I2C_RequestMemoryWrite
                0x080082e0      0x12c ./Drivers/STM32L1xx_HAL_Driver/Src/stm32l1xx_hal_i2c.o
 .text.I2C_RequestMemoryRead
                0x0800840c      0x1d0 ./Drivers/STM32L1xx_HAL_Driver/Src/stm32l1xx_hal_i2c.o
 .text.I2C_WaitOnFlagUntilTimeout
                0x080085dc       0xf4 ./Drivers/STM32L1xx_HAL_Driver/Src/stm32l1xx_hal_i2c.o
 .text.I2C_WaitOnMasterAddressFlagUntilTimeout
                0x080086d0      0x140 ./Drivers/STM32L1xx_HAL_Driver/Src/stm32l1xx_hal_i2c.o
 .text.I2C_WaitOnTXEFlagUntilTimeout
                0x08008810       0x90 ./Drivers/STM32L1xx_HAL_Driver/Src/stm32l1xx_hal_i2c.o
 .text.I2C_WaitOnBTFFlagUntilTimeout
                0x080088a0       0x90 ./Drivers/STM32L1xx_HAL_Driver/Src/stm32l1xx_hal_i2c.o
 .text.I2C_WaitOnRXNEFlagUntilTimeout
                0x08008930       0xba ./Drivers/STM32L1xx_HAL_Driver/Src/stm32l1xx_hal_i2c.o
 .text.I2C_IsAcknowledgeFailed
                0x080089ea       0x5c ./Drivers/STM32L1xx_HAL_Driver/Src/stm32l1xx_hal_i2c.o
 *fill*         0x08008a46        0x2 
 .text.HAL_RCC_OscConfig
                0x08008a48      0x660 ./Drivers/STM32L1xx_HAL_Driver/Src/stm32l1xx_hal_rcc.o
                0x08008a48                HAL_RCC_OscConfig
 .text.HAL_RCC_ClockConfig
                0x080090a8      0x268 ./Drivers/STM32L1xx_HAL_Driver/Src/stm32l1xx_hal_rcc.o
                0x080090a8                HAL_RCC_ClockConfig
 .text.HAL_RCC_GetSysClockFreq
                0x08009310      0x200 ./Drivers/STM32L1xx_HAL_Driver/Src/stm32l1xx_hal_rcc.o
                0x08009310                HAL_RCC_GetSysClockFreq
 .text.HAL_RCC_GetHCLKFreq
                0x08009510       0x14 ./Drivers/STM32L1xx_HAL_Driver/Src/stm32l1xx_hal_rcc.o
                0x08009510                HAL_RCC_GetHCLKFreq
 .text.HAL_RCC_GetPCLK1Freq
                0x08009524       0x28 ./Drivers/STM32L1xx_HAL_Driver/Src/stm32l1xx_hal_rcc.o
                0x08009524                HAL_RCC_GetPCLK1Freq
 .text.HAL_RCC_GetPCLK2Freq
                0x0800954c       0x28 ./Drivers/STM32L1xx_HAL_Driver/Src/stm32l1xx_hal_rcc.o
                0x0800954c                HAL_RCC_GetPCLK2Freq
 .text.RCC_SetFlashLatencyFromMSIRange
                0x08009574       0xc0 ./Drivers/STM32L1xx_HAL_Driver/Src/stm32l1xx_hal_rcc.o
 .text.HAL_SPI_Init
                0x08009634      0x112 ./Drivers/STM32L1xx_HAL_Driver/Src/stm32l1xx_hal_spi.o
                0x08009634                HAL_SPI_Init
 .text.HAL_SPI_Transmit
                0x08009746      0x288 ./Drivers/STM32L1xx_HAL_Driver/Src/stm32l1xx_hal_spi.o
                0x08009746                HAL_SPI_Transmit
 *fill*         0x080099ce        0x2 
 .text.HAL_SPI_IRQHandler
                0x080099d0      0x200 ./Drivers/STM32L1xx_HAL_Driver/Src/stm32l1xx_hal_spi.o
                0x080099d0                HAL_SPI_IRQHandler
 .text.HAL_SPI_ErrorCallback
                0x08009bd0       0x12 ./Drivers/STM32L1xx_HAL_Driver/Src/stm32l1xx_hal_spi.o
                0x08009bd0                HAL_SPI_ErrorCallback
 .text.SPI_DMAAbortOnError
                0x08009be2       0x28 ./Drivers/STM32L1xx_HAL_Driver/Src/stm32l1xx_hal_spi.o
 *fill*         0x08009c0a        0x2 
 .text.SPI_WaitFlagStateUntilTimeout
                0x08009c0c      0x110 ./Drivers/STM32L1xx_HAL_Driver/Src/stm32l1xx_hal_spi.o
 .text.SPI_EndRxTxTransaction
                0x08009d1c       0xa8 ./Drivers/STM32L1xx_HAL_Driver/Src/stm32l1xx_hal_spi.o
 .text.HAL_UART_Init
                0x08009dc4       0xa0 ./Drivers/STM32L1xx_HAL_Driver/Src/stm32l1xx_hal_uart.o
                0x08009dc4                HAL_UART_Init
 .text.HAL_UART_Transmit
                0x08009e64      0x116 ./Drivers/STM32L1xx_HAL_Driver/Src/stm32l1xx_hal_uart.o
                0x08009e64                HAL_UART_Transmit
 .text.UART_WaitOnFlagUntilTimeout
                0x08009f7a       0xb2 ./Drivers/STM32L1xx_HAL_Driver/Src/stm32l1xx_hal_uart.o
 .text.UART_EndRxTransfer
                0x0800a02c       0xc4 ./Drivers/STM32L1xx_HAL_Driver/Src/stm32l1xx_hal_uart.o
 .text.UART_SetConfig
                0x0800a0f0      0x1c8 ./Drivers/STM32L1xx_HAL_Driver/Src/stm32l1xx_hal_uart.o
 .text.SPI_CS_High
                0x0800a2b8       0x18 ./Drivers/display/max7219_Yncrea2.o
                0x0800a2b8                SPI_CS_High
 .text.SPI_CS_Low
                0x0800a2d0       0x18 ./Drivers/display/max7219_Yncrea2.o
                0x0800a2d0                SPI_CS_Low
 .text.MAX7219_DisplayTestStart
                0x0800a2e8       0x10 ./Drivers/display/max7219_Yncrea2.o
                0x0800a2e8                MAX7219_DisplayTestStart
 .text.MAX7219_DisplayTestStop
                0x0800a2f8       0x10 ./Drivers/display/max7219_Yncrea2.o
                0x0800a2f8                MAX7219_DisplayTestStop
 .text.MAX7219_DisplayChar
                0x0800a308       0x2e ./Drivers/display/max7219_Yncrea2.o
                0x0800a308                MAX7219_DisplayChar
 *fill*         0x0800a336        0x2 
 .text.MAX7219_LookupCode
                0x0800a338       0x4c ./Drivers/display/max7219_Yncrea2.o
 .text.MAX7219_Write
                0x0800a384       0x34 ./Drivers/display/max7219_Yncrea2.o
 .text.MAX7219_SendByte
                0x0800a3b8       0x24 ./Drivers/display/max7219_Yncrea2.o
 .text.srand    0x0800a3dc       0x5c C:/ST/STM32CubeIDE_2.1.1/STM32CubeIDE/plugins/com.st.stm32cube.ide.mcu.externaltools.gnu-tools-for-stm32.14.3.rel1.win32_1.0.100.202602081740/tools/bin/../lib/gcc/arm-none-eabi/14.3.1/../../../../arm-none-eabi/lib/thumb/v7-m/nofp\libc_nano.a(libc_a-rand.o)
                0x0800a3dc                srand
 .text.rand     0x0800a438       0x7c C:/ST/STM32CubeIDE_2.1.1/STM32CubeIDE/plugins/com.st.stm32cube.ide.mcu.externaltools.gnu-tools-for-stm32.14.3.rel1.win32_1.0.100.202602081740/tools/bin/../lib/gcc/arm-none-eabi/14.3.1/../../../../arm-none-eabi/lib/thumb/v7-m/nofp\libc_nano.a(libc_a-rand.o)
                0x0800a438                rand
 .text.__cvt    0x0800a4b4       0xc8 C:/ST/STM32CubeIDE_2.1.1/STM32CubeIDE/plugins/com.st.stm32cube.ide.mcu.externaltools.gnu-tools-for-stm32.14.3.rel1.win32_1.0.100.202602081740/tools/bin/../lib/gcc/arm-none-eabi/14.3.1/../../../../arm-none-eabi/lib/thumb/v7-m/nofp\libc_nano.a(libc_a-nano-vfprintf_float.o)
                0x0800a4b4                __cvt
 .text.__exponent
                0x0800a57c       0x74 C:/ST/STM32CubeIDE_2.1.1/STM32CubeIDE/plugins/com.st.stm32cube.ide.mcu.externaltools.gnu-tools-for-stm32.14.3.rel1.win32_1.0.100.202602081740/tools/bin/../lib/gcc/arm-none-eabi/14.3.1/../../../../arm-none-eabi/lib/thumb/v7-m/nofp\libc_nano.a(libc_a-nano-vfprintf_float.o)
                0x0800a57c                __exponent
 .text._printf_float
                0x0800a5f0      0x458 C:/ST/STM32CubeIDE_2.1.1/STM32CubeIDE/plugins/com.st.stm32cube.ide.mcu.externaltools.gnu-tools-for-stm32.14.3.rel1.win32_1.0.100.202602081740/tools/bin/../lib/gcc/arm-none-eabi/14.3.1/../../../../arm-none-eabi/lib/thumb/v7-m/nofp\libc_nano.a(libc_a-nano-vfprintf_float.o)
                0x0800a5f0                _printf_float
 .text._printf_common
                0x0800aa48       0xe4 C:/ST/STM32CubeIDE_2.1.1/STM32CubeIDE/plugins/com.st.stm32cube.ide.mcu.externaltools.gnu-tools-for-stm32.14.3.rel1.win32_1.0.100.202602081740/tools/bin/../lib/gcc/arm-none-eabi/14.3.1/../../../../arm-none-eabi/lib/thumb/v7-m/nofp\libc_nano.a(libc_a-nano-vfprintf_i.o)
                0x0800aa48                _printf_common
 .text._printf_i
                0x0800ab2c      0x24c C:/ST/STM32CubeIDE_2.1.1/STM32CubeIDE/plugins/com.st.stm32cube.ide.mcu.externaltools.gnu-tools-for-stm32.14.3.rel1.win32_1.0.100.202602081740/tools/bin/../lib/gcc/arm-none-eabi/14.3.1/../../../../arm-none-eabi/lib/thumb/v7-m/nofp\libc_nano.a(libc_a-nano-vfprintf_i.o)
                0x0800ab2c                _printf_i
 .text.std      0x0800ad78       0x6c C:/ST/STM32CubeIDE_2.1.1/STM32CubeIDE/plugins/com.st.stm32cube.ide.mcu.externaltools.gnu-tools-for-stm32.14.3.rel1.win32_1.0.100.202602081740/tools/bin/../lib/gcc/arm-none-eabi/14.3.1/../../../../arm-none-eabi/lib/thumb/v7-m/nofp\libc_nano.a(libc_a-findfp.o)
 .text.stdio_exit_handler
                0x0800ade4       0x18 C:/ST/STM32CubeIDE_2.1.1/STM32CubeIDE/plugins/com.st.stm32cube.ide.mcu.externaltools.gnu-tools-for-stm32.14.3.rel1.win32_1.0.100.202602081740/tools/bin/../lib/gcc/arm-none-eabi/14.3.1/../../../../arm-none-eabi/lib/thumb/v7-m/nofp\libc_nano.a(libc_a-findfp.o)
 .text.cleanup_stdio
                0x0800adfc       0x40 C:/ST/STM32CubeIDE_2.1.1/STM32CubeIDE/plugins/com.st.stm32cube.ide.mcu.externaltools.gnu-tools-for-stm32.14.3.rel1.win32_1.0.100.202602081740/tools/bin/../lib/gcc/arm-none-eabi/14.3.1/../../../../arm-none-eabi/lib/thumb/v7-m/nofp\libc_nano.a(libc_a-findfp.o)
 .text.global_stdio_init.part.0
                0x0800ae3c       0x40 C:/ST/STM32CubeIDE_2.1.1/STM32CubeIDE/plugins/com.st.stm32cube.ide.mcu.externaltools.gnu-tools-for-stm32.14.3.rel1.win32_1.0.100.202602081740/tools/bin/../lib/gcc/arm-none-eabi/14.3.1/../../../../arm-none-eabi/lib/thumb/v7-m/nofp\libc_nano.a(libc_a-findfp.o)
 .text.__sfp_lock_acquire
                0x0800ae7c        0xc C:/ST/STM32CubeIDE_2.1.1/STM32CubeIDE/plugins/com.st.stm32cube.ide.mcu.externaltools.gnu-tools-for-stm32.14.3.rel1.win32_1.0.100.202602081740/tools/bin/../lib/gcc/arm-none-eabi/14.3.1/../../../../arm-none-eabi/lib/thumb/v7-m/nofp\libc_nano.a(libc_a-findfp.o)
                0x0800ae7c                __sfp_lock_acquire
 .text.__sfp_lock_release
                0x0800ae88        0xc C:/ST/STM32CubeIDE_2.1.1/STM32CubeIDE/plugins/com.st.stm32cube.ide.mcu.externaltools.gnu-tools-for-stm32.14.3.rel1.win32_1.0.100.202602081740/tools/bin/../lib/gcc/arm-none-eabi/14.3.1/../../../../arm-none-eabi/lib/thumb/v7-m/nofp\libc_nano.a(libc_a-findfp.o)
                0x0800ae88                __sfp_lock_release
 .text.__sinit  0x0800ae94       0x30 C:/ST/STM32CubeIDE_2.1.1/STM32CubeIDE/plugins/com.st.stm32cube.ide.mcu.externaltools.gnu-tools-for-stm32.14.3.rel1.win32_1.0.100.202602081740/tools/bin/../lib/gcc/arm-none-eabi/14.3.1/../../../../arm-none-eabi/lib/thumb/v7-m/nofp\libc_nano.a(libc_a-findfp.o)
                0x0800ae94                __sinit
 .text._fwalk_sglue
                0x0800aec4       0x3c C:/ST/STM32CubeIDE_2.1.1/STM32CubeIDE/plugins/com.st.stm32cube.ide.mcu.externaltools.gnu-tools-for-stm32.14.3.rel1.win32_1.0.100.202602081740/tools/bin/../lib/gcc/arm-none-eabi/14.3.1/../../../../arm-none-eabi/lib/thumb/v7-m/nofp\libc_nano.a(libc_a-fwalk.o)
                0x0800aec4                _fwalk_sglue
 .text.printf   0x0800af00       0x24 C:/ST/STM32CubeIDE_2.1.1/STM32CubeIDE/plugins/com.st.stm32cube.ide.mcu.externaltools.gnu-tools-for-stm32.14.3.rel1.win32_1.0.100.202602081740/tools/bin/../lib/gcc/arm-none-eabi/14.3.1/../../../../arm-none-eabi/lib/thumb/v7-m/nofp\libc_nano.a(libc_a-printf.o)
                0x0800af00                iprintf
                0x0800af00                printf
 .text._puts_r  0x0800af24       0xaa C:/ST/STM32CubeIDE_2.1.1/STM32CubeIDE/plugins/com.st.stm32cube.ide.mcu.externaltools.gnu-tools-for-stm32.14.3.rel1.win32_1.0.100.202602081740/tools/bin/../lib/gcc/arm-none-eabi/14.3.1/../../../../arm-none-eabi/lib/thumb/v7-m/nofp\libc_nano.a(libc_a-puts.o)
                0x0800af24                _puts_r
 *fill*         0x0800afce        0x2 
 .text.puts     0x0800afd0       0x10 C:/ST/STM32CubeIDE_2.1.1/STM32CubeIDE/plugins/com.st.stm32cube.ide.mcu.externaltools.gnu-tools-for-stm32.14.3.rel1.win32_1.0.100.202602081740/tools/bin/../lib/gcc/arm-none-eabi/14.3.1/../../../../arm-none-eabi/lib/thumb/v7-m/nofp\libc_nano.a(libc_a-puts.o)
                0x0800afd0                puts
 .text.snprintf
                0x0800afe0       0x6c C:/ST/STM32CubeIDE_2.1.1/STM32CubeIDE/plugins/com.st.stm32cube.ide.mcu.externaltools.gnu-tools-for-stm32.14.3.rel1.win32_1.0.100.202602081740/tools/bin/../lib/gcc/arm-none-eabi/14.3.1/../../../../arm-none-eabi/lib/thumb/v7-m/nofp\libc_nano.a(libc_a-snprintf.o)
                0x0800afe0                sniprintf
                0x0800afe0                snprintf
 .text.__sread  0x0800b04c       0x22 C:/ST/STM32CubeIDE_2.1.1/STM32CubeIDE/plugins/com.st.stm32cube.ide.mcu.externaltools.gnu-tools-for-stm32.14.3.rel1.win32_1.0.100.202602081740/tools/bin/../lib/gcc/arm-none-eabi/14.3.1/../../../../arm-none-eabi/lib/thumb/v7-m/nofp\libc_nano.a(libc_a-stdio.o)
                0x0800b04c                __sread
 .text.__swrite
                0x0800b06e       0x38 C:/ST/STM32CubeIDE_2.1.1/STM32CubeIDE/plugins/com.st.stm32cube.ide.mcu.externaltools.gnu-tools-for-stm32.14.3.rel1.win32_1.0.100.202602081740/tools/bin/../lib/gcc/arm-none-eabi/14.3.1/../../../../arm-none-eabi/lib/thumb/v7-m/nofp\libc_nano.a(libc_a-stdio.o)
                0x0800b06e                __swrite
 .text.__sseek  0x0800b0a6       0x26 C:/ST/STM32CubeIDE_2.1.1/STM32CubeIDE/plugins/com.st.stm32cube.ide.mcu.externaltools.gnu-tools-for-stm32.14.3.rel1.win32_1.0.100.202602081740/tools/bin/../lib/gcc/arm-none-eabi/14.3.1/../../../../arm-none-eabi/lib/thumb/v7-m/nofp\libc_nano.a(libc_a-stdio.o)
                0x0800b0a6                __sseek
 .text.__sclose
                0x0800b0cc        0x8 C:/ST/STM32CubeIDE_2.1.1/STM32CubeIDE/plugins/com.st.stm32cube.ide.mcu.externaltools.gnu-tools-for-stm32.14.3.rel1.win32_1.0.100.202602081740/tools/bin/../lib/gcc/arm-none-eabi/14.3.1/../../../../arm-none-eabi/lib/thumb/v7-m/nofp\libc_nano.a(libc_a-stdio.o)
                0x0800b0cc                __sclose
 .text.__swbuf_r
                0x0800b0d4       0x7c C:/ST/STM32CubeIDE_2.1.1/STM32CubeIDE/plugins/com.st.stm32cube.ide.mcu.externaltools.gnu-tools-for-stm32.14.3.rel1.win32_1.0.100.202602081740/tools/bin/../lib/gcc/arm-none-eabi/14.3.1/../../../../arm-none-eabi/lib/thumb/v7-m/nofp\libc_nano.a(libc_a-wbuf.o)
                0x0800b0d4                __swbuf_r
 .text.__swsetup_r
                0x0800b150       0xa8 C:/ST/STM32CubeIDE_2.1.1/STM32CubeIDE/plugins/com.st.stm32cube.ide.mcu.externaltools.gnu-tools-for-stm32.14.3.rel1.win32_1.0.100.202602081740/tools/bin/../lib/gcc/arm-none-eabi/14.3.1/../../../../arm-none-eabi/lib/thumb/v7-m/nofp\libc_nano.a(libc_a-wsetup.o)
                0x0800b150                __swsetup_r
 .text.memset   0x0800b1f8       0x10 C:/ST/STM32CubeIDE_2.1.1/STM32CubeIDE/plugins/com.st.stm32cube.ide.mcu.externaltools.gnu-tools-for-stm32.14.3.rel1.win32_1.0.100.202602081740/tools/bin/../lib/gcc/arm-none-eabi/14.3.1/../../../../arm-none-eabi/lib/thumb/v7-m/nofp\libc_nano.a(libc_a-memset.o)
                0x0800b1f8                memset
 .text._localeconv_r
                0x0800b208        0x8 C:/ST/STM32CubeIDE_2.1.1/STM32CubeIDE/plugins/com.st.stm32cube.ide.mcu.externaltools.gnu-tools-for-stm32.14.3.rel1.win32_1.0.100.202602081740/tools/bin/../lib/gcc/arm-none-eabi/14.3.1/../../../../arm-none-eabi/lib/thumb/v7-m/nofp\libc_nano.a(libc_a-localeconv.o)
                0x0800b208                _localeconv_r
 .text._close_r
                0x0800b210       0x20 C:/ST/STM32CubeIDE_2.1.1/STM32CubeIDE/plugins/com.st.stm32cube.ide.mcu.externaltools.gnu-tools-for-stm32.14.3.rel1.win32_1.0.100.202602081740/tools/bin/../lib/gcc/arm-none-eabi/14.3.1/../../../../arm-none-eabi/lib/thumb/v7-m/nofp\libc_nano.a(libc_a-closer.o)
                0x0800b210                _close_r
 .text._lseek_r
                0x0800b230       0x24 C:/ST/STM32CubeIDE_2.1.1/STM32CubeIDE/plugins/com.st.stm32cube.ide.mcu.externaltools.gnu-tools-for-stm32.14.3.rel1.win32_1.0.100.202602081740/tools/bin/../lib/gcc/arm-none-eabi/14.3.1/../../../../arm-none-eabi/lib/thumb/v7-m/nofp\libc_nano.a(libc_a-lseekr.o)
                0x0800b230                _lseek_r
 .text._read_r  0x0800b254       0x24 C:/ST/STM32CubeIDE_2.1.1/STM32CubeIDE/plugins/com.st.stm32cube.ide.mcu.externaltools.gnu-tools-for-stm32.14.3.rel1.win32_1.0.100.202602081740/tools/bin/../lib/gcc/arm-none-eabi/14.3.1/../../../../arm-none-eabi/lib/thumb/v7-m/nofp\libc_nano.a(libc_a-readr.o)
                0x0800b254                _read_r
 .text._write_r
                0x0800b278       0x24 C:/ST/STM32CubeIDE_2.1.1/STM32CubeIDE/plugins/com.st.stm32cube.ide.mcu.externaltools.gnu-tools-for-stm32.14.3.rel1.win32_1.0.100.202602081740/tools/bin/../lib/gcc/arm-none-eabi/14.3.1/../../../../arm-none-eabi/lib/thumb/v7-m/nofp\libc_nano.a(libc_a-writer.o)
                0x0800b278                _write_r
 .text.__errno  0x0800b29c        0xc C:/ST/STM32CubeIDE_2.1.1/STM32CubeIDE/plugins/com.st.stm32cube.ide.mcu.externaltools.gnu-tools-for-stm32.14.3.rel1.win32_1.0.100.202602081740/tools/bin/../lib/gcc/arm-none-eabi/14.3.1/../../../../arm-none-eabi/lib/thumb/v7-m/nofp\libc_nano.a(libc_a-errno.o)
                0x0800b29c                __errno
 .text.__libc_init_array
                0x0800b2a8       0x48 C:/ST/STM32CubeIDE_2.1.1/STM32CubeIDE/plugins/com.st.stm32cube.ide.mcu.externaltools.gnu-tools-for-stm32.14.3.rel1.win32_1.0.100.202602081740/tools/bin/../lib/gcc/arm-none-eabi/14.3.1/../../../../arm-none-eabi/lib/thumb/v7-m/nofp\libc_nano.a(libc_a-init.o)
                0x0800b2a8                __libc_init_array
 .text.__retarget_lock_init_recursive
                0x0800b2f0        0x2 C:/ST/STM32CubeIDE_2.1.1/STM32CubeIDE/plugins/com.st.stm32cube.ide.mcu.externaltools.gnu-tools-for-stm32.14.3.rel1.win32_1.0.100.202602081740/tools/bin/../lib/gcc/arm-none-eabi/14.3.1/../../../../arm-none-eabi/lib/thumb/v7-m/nofp\libc_nano.a(libc_a-lock.o)
                0x0800b2f0                __retarget_lock_init_recursive
 .text.__retarget_lock_acquire_recursive
                0x0800b2f2        0x2 C:/ST/STM32CubeIDE_2.1.1/STM32CubeIDE/plugins/com.st.stm32cube.ide.mcu.externaltools.gnu-tools-for-stm32.14.3.rel1.win32_1.0.100.202602081740/tools/bin/../lib/gcc/arm-none-eabi/14.3.1/../../../../arm-none-eabi/lib/thumb/v7-m/nofp\libc_nano.a(libc_a-lock.o)
                0x0800b2f2                __retarget_lock_acquire_recursive
 .text.__retarget_lock_release_recursive
                0x0800b2f4        0x2 C:/ST/STM32CubeIDE_2.1.1/STM32CubeIDE/plugins/com.st.stm32cube.ide.mcu.externaltools.gnu-tools-for-stm32.14.3.rel1.win32_1.0.100.202602081740/tools/bin/../lib/gcc/arm-none-eabi/14.3.1/../../../../arm-none-eabi/lib/thumb/v7-m/nofp\libc_nano.a(libc_a-lock.o)
                0x0800b2f4                __retarget_lock_release_recursive
 .text.memchr   0x0800b2f6       0x1c C:/ST/STM32CubeIDE_2.1.1/STM32CubeIDE/plugins/com.st.stm32cube.ide.mcu.externaltools.gnu-tools-for-stm32.14.3.rel1.win32_1.0.100.202602081740/tools/bin/../lib/gcc/arm-none-eabi/14.3.1/../../../../arm-none-eabi/lib/thumb/v7-m/nofp\libc_nano.a(libc_a-memchr-stub.o)
                0x0800b2f6                memchr
 *fill*         0x0800b312        0x2 
 .text.__assert_func
                0x0800b314       0x3c C:/ST/STM32CubeIDE_2.1.1/STM32CubeIDE/plugins/com.st.stm32cube.ide.mcu.externaltools.gnu-tools-for-stm32.14.3.rel1.win32_1.0.100.202602081740/tools/bin/../lib/gcc/arm-none-eabi/14.3.1/../../../../arm-none-eabi/lib/thumb/v7-m/nofp\libc_nano.a(libc_a-assert.o)
                0x0800b314                __assert_func
 .text.quorem   0x0800b350      0x110 C:/ST/STM32CubeIDE_2.1.1/STM32CubeIDE/plugins/com.st.stm32cube.ide.mcu.externaltools.gnu-tools-for-stm32.14.3.rel1.win32_1.0.100.202602081740/tools/bin/../lib/gcc/arm-none-eabi/14.3.1/../../../../arm-none-eabi/lib/thumb/v7-m/nofp\libc_nano.a(libc_a-dtoa.o)
 .text._dtoa_r  0x0800b460      0xbcc C:/ST/STM32CubeIDE_2.1.1/STM32CubeIDE/plugins/com.st.stm32cube.ide.mcu.externaltools.gnu-tools-for-stm32.14.3.rel1.win32_1.0.100.202602081740/tools/bin/../lib/gcc/arm-none-eabi/14.3.1/../../../../arm-none-eabi/lib/thumb/v7-m/nofp\libc_nano.a(libc_a-dtoa.o)
                0x0800b460                _dtoa_r
 .text._free_r  0x0800c02c       0x90 C:/ST/STM32CubeIDE_2.1.1/STM32CubeIDE/plugins/com.st.stm32cube.ide.mcu.externaltools.gnu-tools-for-stm32.14.3.rel1.win32_1.0.100.202602081740/tools/bin/../lib/gcc/arm-none-eabi/14.3.1/../../../../arm-none-eabi/lib/thumb/v7-m/nofp\libc_nano.a(libc_a-freer.o)
                0x0800c02c                _free_r
 .text.malloc   0x0800c0bc       0x10 C:/ST/STM32CubeIDE_2.1.1/STM32CubeIDE/plugins/com.st.stm32cube.ide.mcu.externaltools.gnu-tools-for-stm32.14.3.rel1.win32_1.0.100.202602081740/tools/bin/../lib/gcc/arm-none-eabi/14.3.1/../../../../arm-none-eabi/lib/thumb/v7-m/nofp\libc_nano.a(libc_a-malloc.o)
                0x0800c0bc                malloc
 .text.sbrk_aligned
                0x0800c0cc       0x44 C:/ST/STM32CubeIDE_2.1.1/STM32CubeIDE/plugins/com.st.stm32cube.ide.mcu.externaltools.gnu-tools-for-stm32.14.3.rel1.win32_1.0.100.202602081740/tools/bin/../lib/gcc/arm-none-eabi/14.3.1/../../../../arm-none-eabi/lib/thumb/v7-m/nofp\libc_nano.a(libc_a-mallocr.o)
 .text._malloc_r
                0x0800c110      0x100 C:/ST/STM32CubeIDE_2.1.1/STM32CubeIDE/plugins/com.st.stm32cube.ide.mcu.externaltools.gnu-tools-for-stm32.14.3.rel1.win32_1.0.100.202602081740/tools/bin/../lib/gcc/arm-none-eabi/14.3.1/../../../../arm-none-eabi/lib/thumb/v7-m/nofp\libc_nano.a(libc_a-mallocr.o)
                0x0800c110                _malloc_r
 .text.__malloc_lock
                0x0800c210        0xc C:/ST/STM32CubeIDE_2.1.1/STM32CubeIDE/plugins/com.st.stm32cube.ide.mcu.externaltools.gnu-tools-for-stm32.14.3.rel1.win32_1.0.100.202602081740/tools/bin/../lib/gcc/arm-none-eabi/14.3.1/../../../../arm-none-eabi/lib/thumb/v7-m/nofp\libc_nano.a(libc_a-mlock.o)
                0x0800c210                __malloc_lock
 .text.__malloc_unlock
                0x0800c21c        0xc C:/ST/STM32CubeIDE_2.1.1/STM32CubeIDE/plugins/com.st.stm32cube.ide.mcu.externaltools.gnu-tools-for-stm32.14.3.rel1.win32_1.0.100.202602081740/tools/bin/../lib/gcc/arm-none-eabi/14.3.1/../../../../arm-none-eabi/lib/thumb/v7-m/nofp\libc_nano.a(libc_a-mlock.o)
                0x0800c21c                __malloc_unlock
 .text._Balloc  0x0800c228       0x7c C:/ST/STM32CubeIDE_2.1.1/STM32CubeIDE/plugins/com.st.stm32cube.ide.mcu.externaltools.gnu-tools-for-stm32.14.3.rel1.win32_1.0.100.202602081740/tools/bin/../lib/gcc/arm-none-eabi/14.3.1/../../../../arm-none-eabi/lib/thumb/v7-m/nofp\libc_nano.a(libc_a-mprec.o)
                0x0800c228                _Balloc
 .text._Bfree   0x0800c2a4       0x44 C:/ST/STM32CubeIDE_2.1.1/STM32CubeIDE/plugins/com.st.stm32cube.ide.mcu.externaltools.gnu-tools-for-stm32.14.3.rel1.win32_1.0.100.202602081740/tools/bin/../lib/gcc/arm-none-eabi/14.3.1/../../../../arm-none-eabi/lib/thumb/v7-m/nofp\libc_nano.a(libc_a-mprec.o)
                0x0800c2a4                _Bfree
 .text.__multadd
                0x0800c2e8       0x8c C:/ST/STM32CubeIDE_2.1.1/STM32CubeIDE/plugins/com.st.stm32cube.ide.mcu.externaltools.gnu-tools-for-stm32.14.3.rel1.win32_1.0.100.202602081740/tools/bin/../lib/gcc/arm-none-eabi/14.3.1/../../../../arm-none-eabi/lib/thumb/v7-m/nofp\libc_nano.a(libc_a-mprec.o)
                0x0800c2e8                __multadd
 .text.__hi0bits
                0x0800c374       0x3e C:/ST/STM32CubeIDE_2.1.1/STM32CubeIDE/plugins/com.st.stm32cube.ide.mcu.externaltools.gnu-tools-for-stm32.14.3.rel1.win32_1.0.100.202602081740/tools/bin/../lib/gcc/arm-none-eabi/14.3.1/../../../../arm-none-eabi/lib/thumb/v7-m/nofp\libc_nano.a(libc_a-mprec.o)
                0x0800c374                __hi0bits
 .text.__lo0bits
                0x0800c3b2       0x5a C:/ST/STM32CubeIDE_2.1.1/STM32CubeIDE/plugins/com.st.stm32cube.ide.mcu.externaltools.gnu-tools-for-stm32.14.3.rel1.win32_1.0.100.202602081740/tools/bin/../lib/gcc/arm-none-eabi/14.3.1/../../../../arm-none-eabi/lib/thumb/v7-m/nofp\libc_nano.a(libc_a-mprec.o)
                0x0800c3b2                __lo0bits
 .text.__i2b    0x0800c40c       0x2c C:/ST/STM32CubeIDE_2.1.1/STM32CubeIDE/plugins/com.st.stm32cube.ide.mcu.externaltools.gnu-tools-for-stm32.14.3.rel1.win32_1.0.100.202602081740/tools/bin/../lib/gcc/arm-none-eabi/14.3.1/../../../../arm-none-eabi/lib/thumb/v7-m/nofp\libc_nano.a(libc_a-mprec.o)
                0x0800c40c                __i2b
 .text.__multiply
                0x0800c438      0x150 C:/ST/STM32CubeIDE_2.1.1/STM32CubeIDE/plugins/com.st.stm32cube.ide.mcu.externaltools.gnu-tools-for-stm32.14.3.rel1.win32_1.0.100.202602081740/tools/bin/../lib/gcc/arm-none-eabi/14.3.1/../../../../arm-none-eabi/lib/thumb/v7-m/nofp\libc_nano.a(libc_a-mprec.o)
                0x0800c438                __multiply
 .text.__pow5mult
                0x0800c588       0xb8 C:/ST/STM32CubeIDE_2.1.1/STM32CubeIDE/plugins/com.st.stm32cube.ide.mcu.externaltools.gnu-tools-for-stm32.14.3.rel1.win32_1.0.100.202602081740/tools/bin/../lib/gcc/arm-none-eabi/14.3.1/../../../../arm-none-eabi/lib/thumb/v7-m/nofp\libc_nano.a(libc_a-mprec.o)
                0x0800c588                __pow5mult
 .text.__lshift
                0x0800c640       0xd8 C:/ST/STM32CubeIDE_2.1.1/STM32CubeIDE/plugins/com.st.stm32cube.ide.mcu.externaltools.gnu-tools-for-stm32.14.3.rel1.win32_1.0.100.202602081740/tools/bin/../lib/gcc/arm-none-eabi/14.3.1/../../../../arm-none-eabi/lib/thumb/v7-m/nofp\libc_nano.a(libc_a-mprec.o)
                0x0800c640                __lshift
 .text.__mcmp   0x0800c718       0x36 C:/ST/STM32CubeIDE_2.1.1/STM32CubeIDE/plugins/com.st.stm32cube.ide.mcu.externaltools.gnu-tools-for-stm32.14.3.rel1.win32_1.0.100.202602081740/tools/bin/../lib/gcc/arm-none-eabi/14.3.1/../../../../arm-none-eabi/lib/thumb/v7-m/nofp\libc_nano.a(libc_a-mprec.o)
                0x0800c718                __mcmp
 *fill*         0x0800c74e        0x2 
 .text.__mdiff  0x0800c750      0x130 C:/ST/STM32CubeIDE_2.1.1/STM32CubeIDE/plugins/com.st.stm32cube.ide.mcu.externaltools.gnu-tools-for-stm32.14.3.rel1.win32_1.0.100.202602081740/tools/bin/../lib/gcc/arm-none-eabi/14.3.1/../../../../arm-none-eabi/lib/thumb/v7-m/nofp\libc_nano.a(libc_a-mprec.o)
                0x0800c750                __mdiff
 .text.__d2b    0x0800c880       0xb0 C:/ST/STM32CubeIDE_2.1.1/STM32CubeIDE/plugins/com.st.stm32cube.ide.mcu.externaltools.gnu-tools-for-stm32.14.3.rel1.win32_1.0.100.202602081740/tools/bin/../lib/gcc/arm-none-eabi/14.3.1/../../../../arm-none-eabi/lib/thumb/v7-m/nofp\libc_nano.a(libc_a-mprec.o)
                0x0800c880                __d2b
 .text.__ssputs_r
                0x0800c930       0xc0 C:/ST/STM32CubeIDE_2.1.1/STM32CubeIDE/plugins/com.st.stm32cube.ide.mcu.externaltools.gnu-tools-for-stm32.14.3.rel1.win32_1.0.100.202602081740/tools/bin/../lib/gcc/arm-none-eabi/14.3.1/../../../../arm-none-eabi/lib/thumb/v7-m/nofp\libc_nano.a(libc_a-nano-svfprintf.o)
                0x0800c930                __ssputs_r
 .text._svfprintf_r
                0x0800c9f0      0x1f0 C:/ST/STM32CubeIDE_2.1.1/STM32CubeIDE/plugins/com.st.stm32cube.ide.mcu.externaltools.gnu-tools-for-stm32.14.3.rel1.win32_1.0.100.202602081740/tools/bin/../lib/gcc/arm-none-eabi/14.3.1/../../../../arm-none-eabi/lib/thumb/v7-m/nofp\libc_nano.a(libc_a-nano-svfprintf.o)
                0x0800c9f0                _svfiprintf_r
                0x0800c9f0                _svfprintf_r
 .text.__sfputc_r
                0x0800cbe0       0x2a C:/ST/STM32CubeIDE_2.1.1/STM32CubeIDE/plugins/com.st.stm32cube.ide.mcu.externaltools.gnu-tools-for-stm32.14.3.rel1.win32_1.0.100.202602081740/tools/bin/../lib/gcc/arm-none-eabi/14.3.1/../../../../arm-none-eabi/lib/thumb/v7-m/nofp\libc_nano.a(libc_a-nano-vfprintf.o)
 .text.__sfputs_r
                0x0800cc0a       0x24 C:/ST/STM32CubeIDE_2.1.1/STM32CubeIDE/plugins/com.st.stm32cube.ide.mcu.externaltools.gnu-tools-for-stm32.14.3.rel1.win32_1.0.100.202602081740/tools/bin/../lib/gcc/arm-none-eabi/14.3.1/../../../../arm-none-eabi/lib/thumb/v7-m/nofp\libc_nano.a(libc_a-nano-vfprintf.o)
                0x0800cc0a                __sfputs_r
 *fill*         0x0800cc2e        0x2 
 .text._vfprintf_r
                0x0800cc30      0x228 C:/ST/STM32CubeIDE_2.1.1/STM32CubeIDE/plugins/com.st.stm32cube.ide.mcu.externaltools.gnu-tools-for-stm32.14.3.rel1.win32_1.0.100.202602081740/tools/bin/../lib/gcc/arm-none-eabi/14.3.1/../../../../arm-none-eabi/lib/thumb/v7-m/nofp\libc_nano.a(libc_a-nano-vfprintf.o)
                0x0800cc30                _vfprintf_r
                0x0800cc30                _vfiprintf_r
 .text.__sflush_r
                0x0800ce58       0xfc C:/ST/STM32CubeIDE_2.1.1/STM32CubeIDE/plugins/com.st.stm32cube.ide.mcu.externaltools.gnu-tools-for-stm32.14.3.rel1.win32_1.0.100.202602081740/tools/bin/../lib/gcc/arm-none-eabi/14.3.1/../../../../arm-none-eabi/lib/thumb/v7-m/nofp\libc_nano.a(libc_a-fflush.o)
                0x0800ce58                __sflush_r
 .text._fflush_r
                0x0800cf54       0x50 C:/ST/STM32CubeIDE_2.1.1/STM32CubeIDE/plugins/com.st.stm32cube.ide.mcu.externaltools.gnu-tools-for-stm32.14.3.rel1.win32_1.0.100.202602081740/tools/bin/../lib/gcc/arm-none-eabi/14.3.1/../../../../arm-none-eabi/lib/thumb/v7-m/nofp\libc_nano.a(libc_a-fflush.o)
                0x0800cf54                _fflush_r
 .text.fprintf  0x0800cfa4       0x24 C:/ST/STM32CubeIDE_2.1.1/STM32CubeIDE/plugins/com.st.stm32cube.ide.mcu.externaltools.gnu-tools-for-stm32.14.3.rel1.win32_1.0.100.202602081740/tools/bin/../lib/gcc/arm-none-eabi/14.3.1/../../../../arm-none-eabi/lib/thumb/v7-m/nofp\libc_nano.a(libc_a-fprintf.o)
                0x0800cfa4                fiprintf
                0x0800cfa4                fprintf
 .text.__swhatbuf_r
                0x0800cfc8       0x48 C:/ST/STM32CubeIDE_2.1.1/STM32CubeIDE/plugins/com.st.stm32cube.ide.mcu.externaltools.gnu-tools-for-stm32.14.3.rel1.win32_1.0.100.202602081740/tools/bin/../lib/gcc/arm-none-eabi/14.3.1/../../../../arm-none-eabi/lib/thumb/v7-m/nofp\libc_nano.a(libc_a-makebuf.o)
                0x0800cfc8                __swhatbuf_r
 .text.__smakebuf_r
                0x0800d010       0x72 C:/ST/STM32CubeIDE_2.1.1/STM32CubeIDE/plugins/com.st.stm32cube.ide.mcu.externaltools.gnu-tools-for-stm32.14.3.rel1.win32_1.0.100.202602081740/tools/bin/../lib/gcc/arm-none-eabi/14.3.1/../../../../arm-none-eabi/lib/thumb/v7-m/nofp\libc_nano.a(libc_a-makebuf.o)
                0x0800d010                __smakebuf_r
 .text.memmove  0x0800d082       0x32 C:/ST/STM32CubeIDE_2.1.1/STM32CubeIDE/plugins/com.st.stm32cube.ide.mcu.externaltools.gnu-tools-for-stm32.14.3.rel1.win32_1.0.100.202602081740/tools/bin/../lib/gcc/arm-none-eabi/14.3.1/../../../../arm-none-eabi/lib/thumb/v7-m/nofp\libc_nano.a(libc_a-memmove.o)
                0x0800d082                memmove
 .text._fstat_r
                0x0800d0b4       0x24 C:/ST/STM32CubeIDE_2.1.1/STM32CubeIDE/plugins/com.st.stm32cube.ide.mcu.externaltools.gnu-tools-for-stm32.14.3.rel1.win32_1.0.100.202602081740/tools/bin/../lib/gcc/arm-none-eabi/14.3.1/../../../../arm-none-eabi/lib/thumb/v7-m/nofp\libc_nano.a(libc_a-fstatr.o)
                0x0800d0b4                _fstat_r
 .text._isatty_r
                0x0800d0d8       0x20 C:/ST/STM32CubeIDE_2.1.1/STM32CubeIDE/plugins/com.st.stm32cube.ide.mcu.externaltools.gnu-tools-for-stm32.14.3.rel1.win32_1.0.100.202602081740/tools/bin/../lib/gcc/arm-none-eabi/14.3.1/../../../../arm-none-eabi/lib/thumb/v7-m/nofp\libc_nano.a(libc_a-isattyr.o)
                0x0800d0d8                _isatty_r
 .text._sbrk_r  0x0800d0f8       0x20 C:/ST/STM32CubeIDE_2.1.1/STM32CubeIDE/plugins/com.st.stm32cube.ide.mcu.externaltools.gnu-tools-for-stm32.14.3.rel1.win32_1.0.100.202602081740/tools/bin/../lib/gcc/arm-none-eabi/14.3.1/../../../../arm-none-eabi/lib/thumb/v7-m/nofp\libc_nano.a(libc_a-sbrkr.o)
                0x0800d0f8                _sbrk_r
 .text.memcpy   0x0800d118       0x1c C:/ST/STM32CubeIDE_2.1.1/STM32CubeIDE/plugins/com.st.stm32cube.ide.mcu.externaltools.gnu-tools-for-stm32.14.3.rel1.win32_1.0.100.202602081740/tools/bin/../lib/gcc/arm-none-eabi/14.3.1/../../../../arm-none-eabi/lib/thumb/v7-m/nofp\libc_nano.a(libc_a-memcpy-stub.o)
                0x0800d118                memcpy
 .text.abort    0x0800d134        0xe C:/ST/STM32CubeIDE_2.1.1/STM32CubeIDE/plugins/com.st.stm32cube.ide.mcu.externaltools.gnu-tools-for-stm32.14.3.rel1.win32_1.0.100.202602081740/tools/bin/../lib/gcc/arm-none-eabi/14.3.1/../../../../arm-none-eabi/lib/thumb/v7-m/nofp\libc_nano.a(libc_a-abort.o)
                0x0800d134                abort
 .text._calloc_r
                0x0800d142       0x28 C:/ST/STM32CubeIDE_2.1.1/STM32CubeIDE/plugins/com.st.stm32cube.ide.mcu.externaltools.gnu-tools-for-stm32.14.3.rel1.win32_1.0.100.202602081740/tools/bin/../lib/gcc/arm-none-eabi/14.3.1/../../../../arm-none-eabi/lib/thumb/v7-m/nofp\libc_nano.a(libc_a-callocr.o)
                0x0800d142                _calloc_r
 .text.__ascii_mbtowc
                0x0800d16a       0x24 C:/ST/STM32CubeIDE_2.1.1/STM32CubeIDE/plugins/com.st.stm32cube.ide.mcu.externaltools.gnu-tools-for-stm32.14.3.rel1.win32_1.0.100.202602081740/tools/bin/../lib/gcc/arm-none-eabi/14.3.1/../../../../arm-none-eabi/lib/thumb/v7-m/nofp\libc_nano.a(libc_a-mbtowc_r.o)
                0x0800d16a                __ascii_mbtowc
 .text._realloc_r
                0x0800d18e       0x5c C:/ST/STM32CubeIDE_2.1.1/STM32CubeIDE/plugins/com.st.stm32cube.ide.mcu.externaltools.gnu-tools-for-stm32.14.3.rel1.win32_1.0.100.202602081740/tools/bin/../lib/gcc/arm-none-eabi/14.3.1/../../../../arm-none-eabi/lib/thumb/v7-m/nofp\libc_nano.a(libc_a-reallocr.o)
                0x0800d18e                _realloc_r
 .text.__ascii_wctomb
                0x0800d1ea       0x1a C:/ST/STM32CubeIDE_2.1.1/STM32CubeIDE/plugins/com.st.stm32cube.ide.mcu.externaltools.gnu-tools-for-stm32.14.3.rel1.win32_1.0.100.202602081740/tools/bin/../lib/gcc/arm-none-eabi/14.3.1/../../../../arm-none-eabi/lib/thumb/v7-m/nofp\libc_nano.a(libc_a-wctomb_r.o)
                0x0800d1ea                __ascii_wctomb
 .text._raise_r
                0x0800d204       0x50 C:/ST/STM32CubeIDE_2.1.1/STM32CubeIDE/plugins/com.st.stm32cube.ide.mcu.externaltools.gnu-tools-for-stm32.14.3.rel1.win32_1.0.100.202602081740/tools/bin/../lib/gcc/arm-none-eabi/14.3.1/../../../../arm-none-eabi/lib/thumb/v7-m/nofp\libc_nano.a(libc_a-signal.o)
                0x0800d204                _raise_r
 .text.raise    0x0800d254       0x10 C:/ST/STM32CubeIDE_2.1.1/STM32CubeIDE/plugins/com.st.stm32cube.ide.mcu.externaltools.gnu-tools-for-stm32.14.3.rel1.win32_1.0.100.202602081740/tools/bin/../lib/gcc/arm-none-eabi/14.3.1/../../../../arm-none-eabi/lib/thumb/v7-m/nofp\libc_nano.a(libc_a-signal.o)
                0x0800d254                raise
 .text._kill_r  0x0800d264       0x24 C:/ST/STM32CubeIDE_2.1.1/STM32CubeIDE/plugins/com.st.stm32cube.ide.mcu.externaltools.gnu-tools-for-stm32.14.3.rel1.win32_1.0.100.202602081740/tools/bin/../lib/gcc/arm-none-eabi/14.3.1/../../../../arm-none-eabi/lib/thumb/v7-m/nofp\libc_nano.a(libc_a-signalr.o)
                0x0800d264                _kill_r
 .text._getpid_r
                0x0800d288        0x4 C:/ST/STM32CubeIDE_2.1.1/STM32CubeIDE/plugins/com.st.stm32cube.ide.mcu.externaltools.gnu-tools-for-stm32.14.3.rel1.win32_1.0.100.202602081740/tools/bin/../lib/gcc/arm-none-eabi/14.3.1/../../../../arm-none-eabi/lib/thumb/v7-m/nofp\libc_nano.a(libc_a-signalr.o)
                0x0800d288                _getpid_r
 .text._malloc_usable_size_r
                0x0800d28c       0x10 C:/ST/STM32CubeIDE_2.1.1/STM32CubeIDE/plugins/com.st.stm32cube.ide.mcu.externaltools.gnu-tools-for-stm32.14.3.rel1.win32_1.0.100.202602081740/tools/bin/../lib/gcc/arm-none-eabi/14.3.1/../../../../arm-none-eabi/lib/thumb/v7-m/nofp\libc_nano.a(libc_a-msizer.o)
                0x0800d28c                _malloc_usable_size_r
 .text.atan2f   0x0800d29c        0x4 C:/ST/STM32CubeIDE_2.1.1/STM32CubeIDE/plugins/com.st.stm32cube.ide.mcu.externaltools.gnu-tools-for-stm32.14.3.rel1.win32_1.0.100.202602081740/tools/bin/../lib/gcc/arm-none-eabi/14.3.1/../../../../arm-none-eabi/lib/thumb/v7-m/nofp\libm.a(libm_a-wf_atan2.o)
                0x0800d29c                atan2f
 .text.__ieee754_atan2f
                0x0800d2a0      0x110 C:/ST/STM32CubeIDE_2.1.1/STM32CubeIDE/plugins/com.st.stm32cube.ide.mcu.externaltools.gnu-tools-for-stm32.14.3.rel1.win32_1.0.100.202602081740/tools/bin/../lib/gcc/arm-none-eabi/14.3.1/../../../../arm-none-eabi/lib/thumb/v7-m/nofp\libm.a(libm_a-ef_atan2.o)
                0x0800d2a0                __ieee754_atan2f
 .text.atanf    0x0800d3b0      0x22c C:/ST/STM32CubeIDE_2.1.1/STM32CubeIDE/plugins/com.st.stm32cube.ide.mcu.externaltools.gnu-tools-for-stm32.14.3.rel1.win32_1.0.100.202602081740/tools/bin/../lib/gcc/arm-none-eabi/14.3.1/../../../../arm-none-eabi/lib/thumb/v7-m/nofp\libm.a(libm_a-sf_atan.o)
                0x0800d3b0                atanf
 .text.fabsf    0x0800d5dc        0x8 C:/ST/STM32CubeIDE_2.1.1/STM32CubeIDE/plugins/com.st.stm32cube.ide.mcu.externaltools.gnu-tools-for-stm32.14.3.rel1.win32_1.0.100.202602081740/tools/bin/../lib/gcc/arm-none-eabi/14.3.1/../../../../arm-none-eabi/lib/thumb/v7-m/nofp\libm.a(libm_a-sf_fabs.o)
                0x0800d5dc                fabsf
 *(.glue_7)
 .glue_7        0x0800d5e4        0x0 linker stubs
 *(.glue_7t)
 .glue_7t       0x0800d5e4        0x0 linker stubs
 *(.eh_frame)
 .eh_frame      0x0800d5e4        0x0 C:/ST/STM32CubeIDE_2.1.1/STM32CubeIDE/plugins/com.st.stm32cube.ide.mcu.externaltools.gnu-tools-for-stm32.14.3.rel1.win32_1.0.100.202602081740/tools/bin/../lib/gcc/arm-none-eabi/14.3.1/thumb/v7-m/nofp/crtbegin.o
 *(.init)
 .init          0x0800d5e4        0x4 C:/ST/STM32CubeIDE_2.1.1/STM32CubeIDE/plugins/com.st.stm32cube.ide.mcu.externaltools.gnu-tools-for-stm32.14.3.rel1.win32_1.0.100.202602081740/tools/bin/../lib/gcc/arm-none-eabi/14.3.1/thumb/v7-m/nofp/crti.o
                0x0800d5e4                _init
 .init          0x0800d5e8        0x8 C:/ST/STM32CubeIDE_2.1.1/STM32CubeIDE/plugins/com.st.stm32cube.ide.mcu.externaltools.gnu-tools-for-stm32.14.3.rel1.win32_1.0.100.202602081740/tools/bin/../lib/gcc/arm-none-eabi/14.3.1/thumb/v7-m/nofp/crtn.o
 *(.fini)
 .fini          0x0800d5f0        0x4 C:/ST/STM32CubeIDE_2.1.1/STM32CubeIDE/plugins/com.st.stm32cube.ide.mcu.externaltools.gnu-tools-for-stm32.14.3.rel1.win32_1.0.100.202602081740/tools/bin/../lib/gcc/arm-none-eabi/14.3.1/thumb/v7-m/nofp/crti.o
                0x0800d5f0                _fini
 .fini          0x0800d5f4        0x8 C:/ST/STM32CubeIDE_2.1.1/STM32CubeIDE/plugins/com.st.stm32cube.ide.mcu.externaltools.gnu-tools-for-stm32.14.3.rel1.win32_1.0.100.202602081740/tools/bin/../lib/gcc/arm-none-eabi/14.3.1/thumb/v7-m/nofp/crtn.o
                0x0800d5fc                        . = ALIGN (0x4)
                0x0800d5fc                        _etext = .

.vfp11_veneer   0x0800d5fc        0x0
 .vfp11_veneer  0x0800d5fc        0x0 linker stubs

.v4_bx          0x0800d5fc        0x0
 .v4_bx         0x0800d5fc        0x0 linker stubs

.iplt           0x0800d5fc        0x0
 .iplt          0x0800d5fc        0x0 C:/ST/STM32CubeIDE_2.1.1/STM32CubeIDE/plugins/com.st.stm32cube.ide.mcu.externaltools.gnu-tools-for-stm32.14.3.rel1.win32_1.0.100.202602081740/tools/bin/../lib/gcc/arm-none-eabi/14.3.1/thumb/v7-m/nofp/crtbegin.o

.rodata         0x0800d600      0x554
                0x0800d600                        . = ALIGN (0x4)
 *(.rodata)
 .rodata        0x0800d600       0xe9 ./Core/Src/main.o
 *(.rodata*)
 *fill*         0x0800d6e9        0x3 
 .rodata.PLLMulTable
                0x0800d6ec        0x9 ./Core/Src/system_stm32l1xx.o
                0x0800d6ec                PLLMulTable
 *fill*         0x0800d6f5        0x3 
 .rodata.AHBPrescTable
                0x0800d6f8       0x10 ./Core/Src/system_stm32l1xx.o
                0x0800d6f8                AHBPrescTable
 .rodata.APBPrescTable
                0x0800d708        0x8 ./Core/Src/system_stm32l1xx.o
                0x0800d708                APBPrescTable
 .rodata.MAX7219_Font
                0x0800d710       0x3c ./Drivers/display/max7219_Yncrea2.o
 .rodata.srand.str1.1
                0x0800d74c      0x1c9 C:/ST/STM32CubeIDE_2.1.1/STM32CubeIDE/plugins/com.st.stm32cube.ide.mcu.externaltools.gnu-tools-for-stm32.14.3.rel1.win32_1.0.100.202602081740/tools/bin/../lib/gcc/arm-none-eabi/14.3.1/../../../../arm-none-eabi/lib/thumb/v7-m/nofp\libc_nano.a(libc_a-rand.o)
                                 0x6f (size before relaxing)
 .rodata._printf_float.str1.1
                0x0800d915       0x12 C:/ST/STM32CubeIDE_2.1.1/STM32CubeIDE/plugins/com.st.stm32cube.ide.mcu.externaltools.gnu-tools-for-stm32.14.3.rel1.win32_1.0.100.202602081740/tools/bin/../lib/gcc/arm-none-eabi/14.3.1/../../../../arm-none-eabi/lib/thumb/v7-m/nofp\libc_nano.a(libc_a-nano-vfprintf_float.o)
 .rodata._printf_i.str1.1
                0x0800d915       0x22 C:/ST/STM32CubeIDE_2.1.1/STM32CubeIDE/plugins/com.st.stm32cube.ide.mcu.externaltools.gnu-tools-for-stm32.14.3.rel1.win32_1.0.100.202602081740/tools/bin/../lib/gcc/arm-none-eabi/14.3.1/../../../../arm-none-eabi/lib/thumb/v7-m/nofp\libc_nano.a(libc_a-nano-vfprintf_i.o)
 .rodata.__assert_func.str1.1
                0x0800d915       0x3d C:/ST/STM32CubeIDE_2.1.1/STM32CubeIDE/plugins/com.st.stm32cube.ide.mcu.externaltools.gnu-tools-for-stm32.14.3.rel1.win32_1.0.100.202602081740/tools/bin/../lib/gcc/arm-none-eabi/14.3.1/../../../../arm-none-eabi/lib/thumb/v7-m/nofp\libc_nano.a(libc_a-assert.o)
 .rodata._dtoa_r.str1.1
                0x0800d915       0x8f C:/ST/STM32CubeIDE_2.1.1/STM32CubeIDE/plugins/com.st.stm32cube.ide.mcu.externaltools.gnu-tools-for-stm32.14.3.rel1.win32_1.0.100.202602081740/tools/bin/../lib/gcc/arm-none-eabi/14.3.1/../../../../arm-none-eabi/lib/thumb/v7-m/nofp\libc_nano.a(libc_a-dtoa.o)
 .rodata._Balloc.str1.1
                0x0800d915       0x70 C:/ST/STM32CubeIDE_2.1.1/STM32CubeIDE/plugins/com.st.stm32cube.ide.mcu.externaltools.gnu-tools-for-stm32.14.3.rel1.win32_1.0.100.202602081740/tools/bin/../lib/gcc/arm-none-eabi/14.3.1/../../../../arm-none-eabi/lib/thumb/v7-m/nofp\libc_nano.a(libc_a-mprec.o)
 .rodata.__multadd.str1.1
                0x0800d915       0x11 C:/ST/STM32CubeIDE_2.1.1/STM32CubeIDE/plugins/com.st.stm32cube.ide.mcu.externaltools.gnu-tools-for-stm32.14.3.rel1.win32_1.0.100.202602081740/tools/bin/../lib/gcc/arm-none-eabi/14.3.1/../../../../arm-none-eabi/lib/thumb/v7-m/nofp\libc_nano.a(libc_a-mprec.o)
 *fill*         0x0800d915        0x3 
 .rodata.p05.0  0x0800d918        0xc C:/ST/STM32CubeIDE_2.1.1/STM32CubeIDE/plugins/com.st.stm32cube.ide.mcu.externaltools.gnu-tools-for-stm32.14.3.rel1.win32_1.0.100.202602081740/tools/bin/../lib/gcc/arm-none-eabi/14.3.1/../../../../arm-none-eabi/lib/thumb/v7-m/nofp\libc_nano.a(libc_a-mprec.o)
 *fill*         0x0800d924        0x4 
 .rodata.__mprec_bigtens
                0x0800d928       0x28 C:/ST/STM32CubeIDE_2.1.1/STM32CubeIDE/plugins/com.st.stm32cube.ide.mcu.externaltools.gnu-tools-for-stm32.14.3.rel1.win32_1.0.100.202602081740/tools/bin/../lib/gcc/arm-none-eabi/14.3.1/../../../../arm-none-eabi/lib/thumb/v7-m/nofp\libc_nano.a(libc_a-mprec.o)
                0x0800d928                __mprec_bigtens
 .rodata.__mprec_tens
                0x0800d950       0xc8 C:/ST/STM32CubeIDE_2.1.1/STM32CubeIDE/plugins/com.st.stm32cube.ide.mcu.externaltools.gnu-tools-for-stm32.14.3.rel1.win32_1.0.100.202602081740/tools/bin/../lib/gcc/arm-none-eabi/14.3.1/../../../../arm-none-eabi/lib/thumb/v7-m/nofp\libc_nano.a(libc_a-mprec.o)
                0x0800d950                __mprec_tens
 .rodata._svfprintf_r.str1.1
                0x0800da18       0x11 C:/ST/STM32CubeIDE_2.1.1/STM32CubeIDE/plugins/com.st.stm32cube.ide.mcu.externaltools.gnu-tools-for-stm32.14.3.rel1.win32_1.0.100.202602081740/tools/bin/../lib/gcc/arm-none-eabi/14.3.1/../../../../arm-none-eabi/lib/thumb/v7-m/nofp\libc_nano.a(libc_a-nano-svfprintf.o)
 .rodata._vfprintf_r.str1.1
                0x0800da18       0x11 C:/ST/STM32CubeIDE_2.1.1/STM32CubeIDE/plugins/com.st.stm32cube.ide.mcu.externaltools.gnu-tools-for-stm32.14.3.rel1.win32_1.0.100.202602081740/tools/bin/../lib/gcc/arm-none-eabi/14.3.1/../../../../arm-none-eabi/lib/thumb/v7-m/nofp\libc_nano.a(libc_a-nano-vfprintf.o)
 .rodata._setlocale_r.str1.1
                0x0800da18        0x9 C:/ST/STM32CubeIDE_2.1.1/STM32CubeIDE/plugins/com.st.stm32cube.ide.mcu.externaltools.gnu-tools-for-stm32.14.3.rel1.win32_1.0.100.202602081740/tools/bin/../lib/gcc/arm-none-eabi/14.3.1/../../../../arm-none-eabi/lib/thumb/v7-m/nofp\libc_nano.a(libc_a-locale.o)
 .rodata.str1.1