../Core/Src/main.c:91:5:main	8	static
../Core/Src/main.c:221:6:SystemClock_Config	80	static
../Core/Src/main.c:265:13:MX_SPI1_Init	8	static
../Core/Src/main.c:303:13:MX_USART2_UART_Init	8	static
../Core/Src/main.c:336:13:MX_GPIO_Init	48	static
../Core/Src/main.c:397:5:__io_putchar	16	static
../Core/Src/main.c:402:7:get_heading	16	static
../Core/Src/main.c:417:9:get_led_count	24	static
../Core/Src/main.c:431:6:set_leds	16	static
../Core/Src/main.c:442:6:show_angle	24	static
../Core/Src/main.c:461:6:HAL_GPIO_EXTI_Callback	48	static
../Core/Src/main.c:555:6:Error_Handler	4	static,ignoring_inline_asm
